08-24 11:40:36.446  2184  2184 D NetworkController.WifiSignalController: Change in state from: connected=true,enabled=true,level=4,inetCondition=1,iconGroup=IconGroup(Wi-Fi Icons),activityIn=true,activityOut=true,rssi=-37,networkType=null,lastModified=08-24 11:40:35,ssid="ZOOKING",enabling=false,disabling=false,connecting=false
08-24 11:40:36.446  2184  2184 D NetworkController.WifiSignalController: 	to: connected=true,enabled=true,level=4,inetCondition=1,iconGroup=IconGroup(Wi-Fi Icons),activityIn=true,activityOut=false,rssi=-37,networkType=null,lastModified=08-24 11:40:35,ssid="ZOOKING",enabling=false,disabling=false,connecting=false
08-24 11:40:36.446  2184  2184 D NetworkController.WifiSignalController: isWifiConnect is true
08-24 11:40:36.461  2184  2184 D SignalClusterView: ethernet: GONE
08-24 11:40:36.462  2184  2184 D SignalClusterView: wifi: VISIBLE sig=2130840453
08-24 11:40:36.462  2184  2184 D SignalClusterView: vpn: GONE
08-24 11:40:36.463  2184  2184 D SignalClusterView: ethernet: GONE
08-24 11:40:36.463  2184  2184 D SignalClusterView: wifi: VISIBLE sig=2130840453
08-24 11:40:36.464  2184  2184 D SignalClusterView: vpn: GONE
08-24 11:40:36.464  2184  2184 D WifiTile: onWifiSignalChanged enabled=true
08-24 11:40:36.464  2184  2184 D WifiTile: setWifiIndicatorsExt enabling=false disabling=false  currentIntermediate == false
08-24 11:40:37.446  2184  2184 D WifiSignalController: setActivity activityIn=true,activityOut=true
08-24 11:40:37.447  2184  2184 D NetworkController.WifiSignalController: Change in state from: connected=true,enabled=true,level=4,inetCondition=1,iconGroup=IconGroup(Wi-Fi Icons),activityIn=true,activityOut=false,rssi=-37,networkType=null,lastModified=08-24 11:40:36,ssid="ZOOKING",enabling=false,disabling=false,connecting=false
08-24 11:40:37.447  2184  2184 D NetworkController.WifiSignalController: 	to: connected=true,enabled=true,level=4,inetCondition=1,iconGroup=IconGroup(Wi-Fi Icons),activityIn=true,activityOut=true,rssi=-37,networkType=null,lastModified=08-24 11:40:36,ssid="ZOOKING",enabling=false,disabling=false,connecting=false
08-24 11:40:37.448  2184  2184 D NetworkController.WifiSignalController: isWifiConnect is true
08-24 11:40:37.462  2184  2184 D SignalClusterView: ethernet: GONE
08-24 11:40:37.463  2184  2184 D SignalClusterView: wifi: VISIBLE sig=2130840454
08-24 11:40:37.464  2184  2184 D SignalClusterView: vpn: GONE
08-24 11:40:37.464  2184  2184 D SignalClusterView: ethernet: GONE
08-24 11:40:37.466  2184  2184 D SignalClusterView: wifi: VISIBLE sig=2130840454
08-24 11:40:37.466  2184  2184 D SignalClusterView: vpn: GONE
08-24 11:40:37.466  2184  2184 D WifiTile: onWifiSignalChanged enabled=true
08-24 11:40:37.467  2184  2184 D WifiTile: setWifiIndicatorsExt enabling=false disabling=false  currentIntermediate == false
08-24 11:40:38.451  2184  2184 D WifiSignalController: setActivity activityIn=true,activityOut=false
08-24 11:40:38.452  2184  2184 D NetworkController.WifiSignalController: Change in state from: connected=true,enabled=true,level=4,inetCondition=1,iconGroup=IconGroup(Wi-Fi Icons),activityIn=true,activityOut=true,rssi=-37,networkType=null,lastModified=08-24 11:40:37,ssid="ZOOKING",enabling=false,disabling=false,connecting=false
08-24 11:40:38.452  2184  2184 D NetworkController.WifiSignalController: 	to: connected=true,enabled=true,level=4,inetCondition=1,iconGroup=IconGroup(Wi-Fi Icons),activityIn=true,activityOut=false,rssi=-37,networkType=null,lastModified=08-24 11:40:37,ssid="ZOOKING",enabling=false,disabling=false,connecting=false
08-24 11:40:38.453  2184  2184 D NetworkController.WifiSignalController: isWifiConnect is true
08-24 11:40:38.470  2184  2184 D SignalClusterView: ethernet: GONE
08-24 11:40:38.471  2184  2184 D SignalClusterView: wifi: VISIBLE sig=2130840453
08-24 11:40:38.472  2184  2184 D SignalClusterView: vpn: GONE
08-24 11:40:38.472  2184  2184 D SignalClusterView: ethernet: GONE
08-24 11:40:38.473  2184  2184 D SignalClusterView: wifi: VISIBLE sig=2130840453
08-24 11:40:38.473  2184  2184 D SignalClusterView: vpn: GONE
08-24 11:40:38.473  2184  2184 D WifiTile: onWifiSignalChanged enabled=true
08-24 11:40:38.473  2184  2184 D WifiTile: setWifiIndicatorsExt enabling=false disabling=false  currentIntermediate == false
08-24 11:40:38.484  1368  2060 D WifiStateMachine: mLastSignalLevel:3, newSignalLevel:3
08-24 11:40:39.452  2184  2184 D WifiSignalController: setActivity activityIn=false,activityOut=false
08-24 11:40:39.453  2184  2184 D NetworkController.WifiSignalController: Change in state from: connected=true,enabled=true,level=4,inetCondition=1,iconGroup=IconGroup(Wi-Fi Icons),activityIn=true,activityOut=false,rssi=-37,networkType=null,lastModified=08-24 11:40:38,ssid="ZOOKING",enabling=false,disabling=false,connecting=false
08-24 11:40:39.453  2184  2184 D NetworkController.WifiSignalController: 	to: connected=true,enabled=true,level=4,inetCondition=1,iconGroup=IconGroup(Wi-Fi Icons),activityIn=false,activityOut=false,rssi=-37,networkType=null,lastModified=08-24 11:40:38,ssid="ZOOKING",enabling=false,disabling=false,connecting=false
08-24 11:40:39.454  2184  2184 D NetworkController.WifiSignalController: isWifiConnect is true
08-24 11:40:39.467  2184  2184 D SignalClusterView: ethernet: GONE
08-24 11:40:39.468  2184  2184 D SignalClusterView: wifi: VISIBLE sig=2130840452
08-24 11:40:39.469  2184  2184 D SignalClusterView: vpn: GONE
08-24 11:40:39.469  2184  2184 D SignalClusterView: ethernet: GONE
08-24 11:40:39.470  2184  2184 D SignalClusterView: wifi: VISIBLE sig=2130840452
08-24 11:40:39.470  2184  2184 D SignalClusterView: vpn: GONE
08-24 11:40:39.470  2184  2184 D WifiTile: onWifiSignalChanged enabled=true
08-24 11:40:39.470  2184  2184 D WifiTile: setWifiIndicatorsExt enabling=false disabling=false  currentIntermediate == false
08-24 11:40:40.454  2184  2184 D WifiSignalController: setActivity activityIn=true,activityOut=false
08-24 11:40:40.455  2184  2184 D NetworkController.WifiSignalController: Change in state from: connected=true,enabled=true,level=4,inetCondition=1,iconGroup=IconGroup(Wi-Fi Icons),activityIn=false,activityOut=false,rssi=-37,networkType=null,lastModified=08-24 11:40:39,ssid="ZOOKING",enabling=false,disabling=false,connecting=false
08-24 11:40:40.455  2184  2184 D NetworkController.WifiSignalController: 	to: connected=true,enabled=true,level=4,inetCondition=1,iconGroup=IconGroup(Wi-Fi Icons),activityIn=true,activityOut=false,rssi=-37,networkType=null,lastModified=08-24 11:40:39,ssid="ZOOKING",enabling=false,disabling=false,connecting=false
08-24 11:40:40.456  2184  2184 D NetworkController.WifiSignalController: isWifiConnect is true
08-24 11:40:40.457  2184  2184 D SignalClusterView: ethernet: GONE
08-24 11:40:40.457  2184  2184 D SignalClusterView: wifi: VISIBLE sig=2130840453
08-24 11:40:40.458  2184  2184 D SignalClusterView: vpn: GONE
08-24 11:40:40.458  2184  2184 D SignalClusterView: ethernet: GONE
08-24 11:40:40.459  2184  2184 D SignalClusterView: wifi: VISIBLE sig=2130840453
08-24 11:40:40.459  2184  2184 D SignalClusterView: vpn: GONE
08-24 11:40:40.459  2184  2184 D WifiTile: onWifiSignalChanged enabled=true
08-24 11:40:40.459  2184  2184 D WifiTile: setWifiIndicatorsExt enabling=false disabling=false  currentIntermediate == false
08-24 11:40:41.567  1368  2060 D WifiStateMachine: mLastSignalLevel:3, newSignalLevel:3
08-24 11:40:42.060  1368  2041 D Resources: user mback nav return mz_navigation_bar_height
08-24 11:40:42.062  1368  2041 I RecentGestureListener: hasNavigationBarInner is true, pw.isKeyguardLocked() is false, isUserSetupComplete is true
08-24 11:40:42.064  1368  2041 I RecentGestureListener: isInRecentPanelModeArea  state=0,isInNavigationBarGestureArea=false mActionNotpassToUser true mGestureState IDLE
08-24 11:40:42.064  1368  2041 I WindowModeGestureListener: canTriggerWindowModeAction  state=-1 mActionNotpassToUser false mGestureState IDLE
08-24 11:40:42.066  1368  2102 W SceneService:SceneBoostStrategy: Please check executeBoost params!!!
08-24 11:40:42.142   983  1026 E         : could not get event!
08-24 11:40:42.143   983  1026 D         : ErrorMonitor HangDetect end ...... 
08-24 11:40:42.143   983  1026 D         : ErrorMonitor HangDetect start ...... 
08-24 11:40:42.143   983  1026 E         : could not get event!
08-24 11:40:42.144   983  1026 D         : ErrorMonitor HangDetect end ...... 
08-24 11:40:42.144   983  1026 D         : ErrorMonitor HangDetect start ...... 
08-24 11:40:42.144   983  1026 E         : could not get event!
08-24 11:40:42.144   983  1026 D         : ErrorMonitor HangDetect end ...... 
08-24 11:40:42.144   983  1026 D         : ErrorMonitor HangDetect start ...... 
08-24 11:40:42.144   983  1026 E         : could not get event!
08-24 11:40:42.144   983  1026 D         : ErrorMonitor HangDetect end ...... 
08-24 11:40:42.144   983  1026 D         : ErrorMonitor HangDetect start ...... 
08-24 11:40:42.144  8721  8721 D ContentCapture: checkClickAndCapture, voiceRecorder=disable, collection=disable
08-24 11:40:42.148  8721  8721 I TQad    : BaseController: interOrNothingClickEvent
08-24 11:40:42.148  8721  8721 I TQad    : AdClickRtInfo: setJumpCenterPoint: view is null
08-24 11:40:42.148  8721  8721 I TQad    : ClickRateHelper: [isNothingLogicNeedDoInterClick]: ViewAreaType{name='CLICKABLE'}
08-24 11:40:42.149  8721  8721 I TQad    : ClickRateHelper: [isFullClick]: false
08-24 11:40:42.149  8721  8721 I TQad    : ClickRateHelper: [isMistake]: false
08-24 11:40:42.149  8721  8721 I TQad    : BaseController: [isScreenLockAd]: true, [mInterType]: 2, [mUrl]: https://re.taobao.com/search_ou?keyword=%E8%BF%9B%E5%8F%A3%E9%9B%B6%E9%A3%9F&catid=50010550&refpid=430292_1006&_input_charset=utf8&clk1=82560cafc40290afd07ad346baacffc4&spm=a231k.13731936.21333856.4.2eb72e63fcdCPl, [mActiveUri]: tbopen://m.taobao.com/tbopen/index.html?action=ali.open.nav&module=h5&bootImage=0&source=sb&appkey=24585258&smbSid=5KKcF7P%2F0ycCARsm%2Bkhr1lRu_1596530824621&rbbt=bc.mallDetail.6.0.0&params=%7B%22fid%22%3A%22crsFe5NebCD%22%2C%22mtopCostTime%22%3A%2210449%22%2C%22_t%22%3A%221596530835115%22%7D&h5Url=https%3A%2F%2Fdetail.m.tmall.com%2Fitem.htm%3Fid%3D619540031605%26ali_refid%3Da3_430673_1006%253A1155920083%253AN%253AUbNf5k7XDyyFIgWRG3DRsg%253D%253D%253A76fdbfe1251ffb55cd0efc8785566ef8%26ali_trackid%3D1_76fdbfe1251ffb55cd0efc8785566ef8%26spm%3Da231k.13731936.21333857.11%26skuId%3D4545113399226%26point%3D%25257B%252522from%252522%25253A%252522h5%252522%25252C%252522ali_trackid%252522%25253A%2525221_76fdbfe1251ffb55cd0efc8785566ef8%252522%25252C%252522h5_uid%252522%25253A%2525225KKcF7P%25252F0ycCARsm%25252Bkhr1lRu%252522%25252C%252522ap_uri%252522%25253A%252522sb_redirect_auto%252522%25252C%252522page%252522%25253A%252522mallDetail%252522%25252C%252522callType%252522%25253A%252522scheme%252522%25257D
08-24 11:40:42.152  8721  8721 I TQad    : PackageUtil: [isActiveUriExecutable]: res = true
08-24 11:40:42.152  8721  8721 I TQad    : ActivityController: setApkDeepLink: [isScreenLockAd]: true, [apkDeepLink]: tbopen://m.taobao.com/tbopen/index.html?action=ali.open.nav&module=h5&bootImage=0&source=sb&appkey=24585258&smbSid=5KKcF7P%2F0ycCARsm%2Bkhr1lRu_1596530824621&rbbt=bc.mallDetail.6.0.0&params=%7B%22fid%22%3A%22crsFe5NebCD%22%2C%22mtopCostTime%22%3A%2210449%22%2C%22_t%22%3A%221596530835115%22%7D&h5Url=https%3A%2F%2Fdetail.m.tmall.com%2Fitem.htm%3Fid%3D619540031605%26ali_refid%3Da3_430673_1006%253A1155920083%253AN%253AUbNf5k7XDyyFIgWRG3DRsg%253D%253D%253A76fdbfe1251ffb55cd0efc8785566ef8%26ali_trackid%3D1_76fdbfe1251ffb55cd0efc8785566ef8%26spm%3Da231k.13731936.21333857.11%26skuId%3D4545113399226%26point%3D%25257B%252522from%252522%25253A%252522h5%252522%25252C%252522ali_trackid%252522%25253A%2525221_76fdbfe1251ffb55cd0efc8785566ef8%252522%25252C%252522h5_uid%252522%25253A%2525225KKcF7P%25252F0ycCARsm%25252Bkhr1lRu%252522%25252C%252522ap_uri%252522%25253A%252522sb_redirect_auto%252522%25252C%252522page%252522%25253A%252522mallDetail%252522%25252C%252522callType%252522%25253A%252522scheme%252522%25257D
08-24 11:40:42.153  8721  8721 W TQad    : LandingPage: showCustomToast d.j.a.a.l.f@fee7421 请解锁后查看
08-24 11:40:42.154 28885 28885 I TQad    : AdRtLog: game_reward[bid:ee462ccba2769bb2f0546ab4be1ba26a],[evt:GAdClicked],[id:48199],[msg:],[ext:null],t 0 c 1
08-24 11:40:42.154 28885 28885 E statsdk : {"provider":"game_reward","zkadid":"48199","bid":"ee462ccba2769bb2f0546ab4be1ba26a","admtype":3,"interactype":2,"realspaceid":"48199","adid":"1153065236250165248","adSrc":"1","idFromAdSrc":"1153065236250165248","zkappid":"1234","event":"GAdClicked","msg":"","extrmsg":"","space":0,"count":1,"version":1,"from":1,"gameName":"消灭怪兽","gameVersion":"1.0","gameId":"9b92b308b04e51430d02f80d4f257709","sessionId":"69a3160233084b63a741b64bc282d847","hostChannel":"FLK_A1006","source":1}
08-24 11:40:42.155 28885 28885 I GAdLogger: Ctrl.AdControl:onRewardVideoAdLoad onInterTriggered
08-24 11:40:42.459  2184  2184 D WifiSignalController: setActivity activityIn=true,activityOut=true
08-24 11:40:42.461  2184  2184 D NetworkController.WifiSignalController: Change in state from: connected=true,enabled=true,level=4,inetCondition=1,iconGroup=IconGroup(Wi-Fi Icons),activityIn=true,activityOut=false,rssi=-37,networkType=null,lastModified=08-24 11:40:40,ssid="ZOOKING",enabling=false,disabling=false,connecting=false
08-24 11:40:42.461  2184  2184 D NetworkController.WifiSignalController: 	to: connected=true,enabled=true,level=4,inetCondition=1,iconGroup=IconGroup(Wi-Fi Icons),activityIn=true,activityOut=true,rssi=-37,networkType=null,lastModified=08-24 11:40:40,ssid="ZOOKING",enabling=false,disabling=false,connecting=false
08-24 11:40:42.461  2184  2184 D NetworkController.WifiSignalController: isWifiConnect is true
08-24 11:40:42.462  2184  2184 D SignalClusterView: ethernet: GONE
08-24 11:40:42.464  2184  2184 D SignalClusterView: wifi: VISIBLE sig=2130840454
08-24 11:40:42.464  2184  2184 D SignalClusterView: vpn: GONE
08-24 11:40:42.464  2184  2184 D SignalClusterView: ethernet: GONE
08-24 11:40:42.466  2184  2184 D SignalClusterView: wifi: VISIBLE sig=2130840454
08-24 11:40:42.466  2184  2184 D SignalClusterView: vpn: GONE
08-24 11:40:42.466  2184  2184 D WifiTile: onWifiSignalChanged enabled=true
08-24 11:40:42.466  2184  2184 D WifiTile: setWifiIndicatorsExt enabling=false disabling=false  currentIntermediate == false
08-24 11:40:42.655 28885  8832 D LogEx   : bdwan-postRealTimeLog() ok
08-24 11:40:44.466  2184  2184 D WifiSignalController: setActivity activityIn=true,activityOut=false
08-24 11:40:44.468  2184  2184 D NetworkController.WifiSignalController: Change in state from: connected=true,enabled=true,level=4,inetCondition=1,iconGroup=IconGroup(Wi-Fi Icons),activityIn=true,activityOut=true,rssi=-37,networkType=null,lastModified=08-24 11:40:42,ssid="ZOOKING",enabling=false,disabling=false,connecting=false
08-24 11:40:44.468  2184  2184 D NetworkController.WifiSignalController: 	to: connected=true,enabled=true,level=4,inetCondition=1,iconGroup=IconGroup(Wi-Fi Icons),activityIn=true,activityOut=false,rssi=-37,networkType=null,lastModified=08-24 11:40:42,ssid="ZOOKING",enabling=false,disabling=false,connecting=false
08-24 11:40:44.469  2184  2184 D NetworkController.WifiSignalController: isWifiConnect is true
08-24 11:40:44.470  2184  2184 D SignalClusterView: ethernet: GONE
08-24 11:40:44.471  2184  2184 D SignalClusterView: wifi: VISIBLE sig=2130840453
08-24 11:40:44.471  2184  2184 D SignalClusterView: vpn: GONE
08-24 11:40:44.471  2184  2184 D SignalClusterView: ethernet: GONE
08-24 11:40:44.472  2184  2184 D SignalClusterView: wifi: VISIBLE sig=2130840453
08-24 11:40:44.472  2184  2184 D SignalClusterView: vpn: GONE
08-24 11:40:44.472  2184  2184 D WifiTile: onWifiSignalChanged enabled=true
08-24 11:40:44.472  2184  2184 D WifiTile: setWifiIndicatorsExt enabling=false disabling=false  currentIntermediate == false
08-24 11:40:44.657  1368  2060 D WifiStateMachine: mLastSignalLevel:3, newSignalLevel:3
08-24 11:40:46.874  1368  2041 D Resources: user mback nav return mz_navigation_bar_height
08-24 11:40:46.876  1368  2041 I RecentGestureListener: hasNavigationBarInner is true, pw.isKeyguardLocked() is false, isUserSetupComplete is true
08-24 11:40:46.877  1368  2041 I RecentGestureListener: isInRecentPanelModeArea  state=0,isInNavigationBarGestureArea=false mActionNotpassToUser true mGestureState IDLE
08-24 11:40:46.877  1368  2041 I WindowModeGestureListener: canTriggerWindowModeAction  state=-1 mActionNotpassToUser false mGestureState IDLE
08-24 11:40:46.879  1368  2102 W SceneService:SceneBoostStrategy: Please check executeBoost params!!!
08-24 11:40:46.948   983  1026 E         : could not get event!
08-24 11:40:46.948   983  1026 D         : ErrorMonitor HangDetect end ...... 
08-24 11:40:46.948   983  1026 D         : ErrorMonitor HangDetect start ...... 
08-24 11:40:46.948   983  1026 E         : could not get event!
08-24 11:40:46.948   983  1026 D         : ErrorMonitor HangDetect end ...... 
08-24 11:40:46.948   983  1026 D         : ErrorMonitor HangDetect start ...... 
08-24 11:40:46.948  8721  8721 D ContentCapture: checkClickAndCapture, voiceRecorder=disable, collection=disable
08-24 11:40:46.948   983  1026 E         : could not get event!
08-24 11:40:46.948   983  1026 D         : ErrorMonitor HangDetect end ...... 
08-24 11:40:46.948   983  1026 D         : ErrorMonitor HangDetect start ...... 
08-24 11:40:46.949   983  1026 E         : could not get event!
08-24 11:40:46.949   983  1026 D         : ErrorMonitor HangDetect end ...... 
08-24 11:40:46.949   983  1026 D         : ErrorMonitor HangDetect start ...... 
08-24 11:40:46.950  8721  8721 I TQad    : BaseController: setRewardValid: [rewardStatus]: 1
08-24 11:40:46.950  8721  8721 I TQad    : BaseController: rewardEvent, [key] : reward
08-24 11:40:46.950  8721  8721 I TQad    : BaseController: isRewardValid: [validValue]: 1, [rewardStatus]: 1
08-24 11:40:46.951  8721  8721 I TQad    : BaseController: closeOrInterClickEvent
08-24 11:40:46.951  8721  8721 I TQad    : ClickRateHelper: [isCloseLogicNeedDoInterClick]: ViewAreaType{name='CLOSE'}
08-24 11:40:46.951  8721  8721 I TQad    : ClickRateHelper: [isEndFramePage]: false
08-24 11:40:46.952  8721  8721 I TQad    : ClickRateHelper: [isMonitorValid]: res = false
08-24 11:40:46.952  8721  8721 I TQad    : ClickRateHelper: [isMistake]: false
08-24 11:40:46.953  8721  8721 I TQad    : BaseController: rewardEvent, [key] : 
08-24 11:40:46.953 28885 28885 I GAdLogger: Ctrl.AdControl:onRewardVideoAdLoad onRewardVerify true 1 reward
08-24 11:40:46.954 28885 28885 I GAdLogger: GAdService.GameAdService:send command to client 2 true true cmd = 302 2224 0 Bundle[{1=true, 2=1, 3=reward}]
08-24 11:40:46.956 28885 28885 I TQad    : AdRtLog: game_reward[bid:ee462ccba2769bb2f0546ab4be1ba26a],[evt:GAdCloseBtnClick],[id:48199],[msg:null],[ext:null],t 0 c 1
08-24 11:40:46.956 15674 15695 D jswrapper: JS: adsdk_request_result  onClose 2224 true
08-24 11:40:46.957 28885 28885 E statsdk : {"provider":"game_reward","zkadid":"48199","bid":"ee462ccba2769bb2f0546ab4be1ba26a","admtype":3,"interactype":2,"realspaceid":"48199","adid":"1153065236250165248","adSrc":"1","idFromAdSrc":"1153065236250165248","zkappid":"1234","event":"GAdCloseBtnClick","msg":"","extrmsg":"","space":0,"count":1,"version":1,"from":1,"gameName":"消灭怪兽","gameVersion":"1.0","gameId":"9b92b308b04e51430d02f80d4f257709","sessionId":"69a3160233084b63a741b64bc282d847","hostChannel":"FLK_A1006","source":1}
08-24 11:40:46.957 15674 15695 D jswrapper: JS: 广告关闭 48199
08-24 11:40:46.958 28885 28885 I TQad    : AdClickRtInfoSender: [ad click rt log]: {"ad_req_id":"ee462ccba2769bb2f0546ab4be1ba26a","space_id":"48199","adid":"1153065236250165248","adsrc":"1","id_from_adsrc":"1153065236250165248","c_d_x":915,"c_d_y":122,"c_u_x":915,"c_u_y":122,"sc_x":1080,"sc_y":2064,"c_rec_lu_x":24,"c_rec_lu_y":1920,"c_rec_rd_x":1056,"c_rec_rd_y":2136,"s_rec_lu_x":0,"s_rec_lu_y":0,"s_rec_rd_x":1080,"s_rec_rd_y":2160,"c_rec_type":2,"c_action":0,"jp_c_x":909,"jp_c_y":123,"rp_d_x":940,"rp_d_y":1935,"rp_u_x":946,"rp_u_y":1940,"vd_ms":24366,"s_c_ms":46391,"c_v_p_t":24366,"page":0}
08-24 11:40:46.959 28885 28885 E statsdk : {"ad_req_id":"ee462ccba2769bb2f0546ab4be1ba26a","space_id":"48199","adid":"1153065236250165248","adsrc":"1","id_from_adsrc":"1153065236250165248","c_d_x":915,"c_d_y":122,"c_u_x":915,"c_u_y":122,"sc_x":1080,"sc_y":2064,"c_rec_lu_x":24,"c_rec_lu_y":1920,"c_rec_rd_x":1056,"c_rec_rd_y":2136,"s_rec_lu_x":0,"s_rec_lu_y":0,"s_rec_rd_x":1080,"s_rec_rd_y":2160,"c_rec_type":2,"c_action":0,"jp_c_x":909,"jp_c_y":123,"rp_d_x":940,"rp_d_y":1935,"rp_u_x":946,"rp_u_y":1940,"vd_ms":24366,"s_c_ms":46391,"c_v_p_t":24366,"page":0,"version":1,"from":1,"gameName":"消灭怪兽","gameVersion":"1.0","gameId":"9b92b308b04e51430d02f80d4f257709","sessionId":"69a3160233084b63a741b64bc282d847","hostChannel":"FLK_A1006","source":1}
08-24 11:40:46.960 28885 28885 I TQad    : AdRtLog:  {"ad_req_id":"ee462ccba2769bb2f0546ab4be1ba26a","space_id":"48199","adid":"1153065236250165248","adsrc":"1","id_from_adsrc":"1153065236250165248","c_d_x":915,"c_d_y":122,"c_u_x":915,"c_u_y":122,"sc_x":1080,"sc_y":2064,"c_rec_lu_x":24,"c_rec_lu_y":1920,"c_rec_rd_x":1056,"c_rec_rd_y":2136,"s_rec_lu_x":0,"s_rec_lu_y":0,"s_rec_rd_x":1080,"s_rec_rd_y":2160,"c_rec_type":2,"c_action":0,"jp_c_x":909,"jp_c_y":123,"rp_d_x":940,"rp_d_y":1935,"rp_u_x":946,"rp_u_y":1940,"vd_ms":24366,"s_c_ms":46391,"c_v_p_t":24366,"page":0}
08-24 11:40:46.960 28885 28885 I GAdLogger: Ctrl.AdControl:Landing onFinish Info{bid='20a8946b45c2d6c72dce73bec88e57ef', ua='null', url='null', closeIntent='null', showWhenLock=1, delayActive=false, ext=null, flags=2, debug=true, adInfo=AdInfo{adId='1153065236250165248', adSrcId='1', adCodeId='48199', adIdFromAdSrc='1153065236250165248', adtype=1}}
08-24 11:40:46.960 28885 28885 W GAdLogger: Ctrl.AdControl:SEND S2C >> 12 2 null
08-24 11:40:46.960 28885 28885 I GAdLogger: GAdService.GameAdService:send command to client 1 false false cmd = 17 12 2 null
08-24 11:40:46.960  1368  2102 W SceneService:SceneBoostStrategy: Please check executeBoost params!!!
08-24 11:40:46.968  1368 21356 I BufferQueue: [unnamed-1368-534](this:0x7da4740800,id:534,api:0,p:-1,c:-1) BufferQueue core=(1368:system_server)
08-24 11:40:46.969  1368 21356 D BufferQueueConsumer: [unnamed-1368-534](this:0x7da4740800,id:534,api:0,p:-1,c:1368) connect(C): consumer=(1368:system_server) controlledByApp=true
08-24 11:40:46.971  1368 21356 D BufferQueueProducer: [unnamed-1368-534](this:0x7da4740800,id:534,api:1,p:595,c:1368) connect(P): api=1 producer=(595:/system/bin/surfaceflinger) producerControlledByApp=false
08-24 11:40:46.992  1368 21356 I BatteryStatsImpl: stop #10: mUpdateTime=234419682000 mTotalTime=1292274000 mCount=469 mAcquireTime=-1
08-24 11:40:46.992  1368 21356 I BatteryStatsImpl: start #0: mUpdateTime=232223925000 mTotalTime=27000 mCount=0 mAcquireTime=-1
08-24 11:40:46.993  1368 21356 I BatteryStatsImpl: start #0: mUpdateTime=0 mTotalTime=0 mCount=0 mAcquireTime=-1
08-24 11:40:46.993  1368  2102 W SceneService:SceneBoostStrategy: Please check executeBoost params!!!
08-24 11:40:46.993  1368 21356 I BatteryStatsImpl: start #20: mUpdateTime=232223925000 mTotalTime=1161000 mCount=33 mAcquireTime=-1
08-24 11:40:46.993  1368 21356 I BatteryStatsImpl: start #20: mUpdateTime=0 mTotalTime=0 mCount=0 mAcquireTime=-1
08-24 11:40:46.997  8721  8721 I TQad    : AdRtLog: [bid:20a8946b45c2d6c72dce73bec88e57ef],[evt:LdpPause],[id:],[msg:],[ext:],t 46516 c 0
08-24 11:40:46.997  8721  8721 I TQad    : LandingPage: onPause
08-24 11:40:46.997  3090  3161 D alphame : app paused: pkg=com.meizu.customizecenter, activity=com.zookingsoft.wrapper.ad.ScreenLockActivity, pid=0, isLast=true, isSpecActivity=false
08-24 11:40:46.998  8721  8721 I TQad    : MediaVoiceHelper: onActivityPause
08-24 11:40:46.998  8721  8721 I AudioManager: setStreamVolume: streamType = 3, index = 0, flags = 0, package = com.meizu.customizecenter
08-24 11:40:46.998  6734  6967 D TriggerManager: pause activity: com.meizu.customizecenter/com.zookingsoft.wrapper.ad.ScreenLockActivity, pid=0
08-24 11:40:46.999  1368  2102 W SceneService:SceneBoostStrategy: Please check executeBoost params!!!
08-24 11:40:46.999  1368  3433 D AudioService: setStreamVolume(stream=3, index=0, calling=com.meizu.customizecenter)
08-24 11:40:46.999  1368  3433 D AudioService: MzcheckResumeRingerModeNormal: streamType = 3; isUnMute = false
08-24 11:40:47.000  1368  3433 D VolumeController: [GJ_DEBUG] postVolumeChanged: streamType = 3
08-24 11:40:47.000  1368  3433 I AudioService: [GJ_DEBUG] setStreamVolume: streamType = 3, oldIndex = 0, index = 0, flags = 0
08-24 11:40:47.000  2184 13883 D GJ_DEBUG: =============volumeChanged===============
08-24 11:40:47.001  2184 13883 D VolumePanel: [GJ_VOLUME] postVolumeChanged: streamType = 3, flags = 0
08-24 11:40:47.003  1368  3433 D ActivityTrigger: activityResumeTrigger: The activity in ApplicationInfo{d20f54a com.meizu.customizecenter} is now in focus and seems to be in full-screen mode
08-24 11:40:47.004  1368  3433 I WindowMode: mResumedActivity != next:true next.state: STOPPED next.isWindowMode: false
08-24 11:40:47.004  1368  3433 I WindowMode: isAttachActivity activityRecord:ActivityRecord{20a5c22 u0 com.meizu.customizecenter/com.zookingsoft.wrapper.StartServiceActivity t935} mAttachActivityRecord: null
08-24 11:40:47.005  1368  2102 W SceneService:SceneBoostStrategy: Please check executeBoost params!!!
08-24 11:40:47.009  1368  3433 I BatteryStatsImpl: start #0: mUpdateTime=232223925000 mTotalTime=9289579 mCount=117 mAcquireTime=-1
08-24 11:40:47.009  1368  3433 I BatteryStatsImpl: start #0: mUpdateTime=0 mTotalTime=0 mCount=0 mAcquireTime=-1
08-24 11:40:47.009  1368  3433 I BatteryStatsImpl: start #20: mUpdateTime=232223925000 mTotalTime=953903000 mCount=3669 mAcquireTime=-1
08-24 11:40:47.009  1368  3433 I BatteryStatsImpl: start #20: mUpdateTime=0 mTotalTime=0 mCount=0 mAcquireTime=-1
08-24 11:40:47.009  1368  3433 I BatteryStatsImpl: stop #0: mUpdateTime=232223925000 mTotalTime=27000 mCount=0 mAcquireTime=-1
08-24 11:40:47.009  1368  3433 I BatteryStatsImpl: stop #0: mUpdateTime=0 mTotalTime=0 mCount=0 mAcquireTime=-1
08-24 11:40:47.009  1368  3433 I BatteryStatsImpl: stop #20: mUpdateTime=232223925000 mTotalTime=1161000 mCount=33 mAcquireTime=-1
08-24 11:40:47.009  1368  3433 I BatteryStatsImpl: stop #20: mUpdateTime=0 mTotalTime=0 mCount=0 mAcquireTime=-1
08-24 11:40:47.010  1368  3433 I BatteryStatsImpl: stop #12: mUpdateTime=234419682000 mTotalTime=1331073000 mCount=171 mAcquireTime=-1
08-24 11:40:47.010  1368  3433 I BatteryStatsImpl: start #12: mUpdateTime=234419682000 mTotalTime=7942180000 mCount=268 mAcquireTime=-1
08-24 11:40:47.011  1368  3433 D Resources: user mback nav return mz_navigation_bar_height
08-24 11:40:47.012  1368  3433 I BatteryStatsImpl: start #10: mUpdateTime=234419682000 mTotalTime=1292274000 mCount=469 mAcquireTime=-1
08-24 11:40:47.013  1368  2102 W SceneService:SceneBoostStrategy: Please check executeBoost params!!!
08-24 11:40:47.014  1368  2102 W SceneService:SceneBoostStrategy: Please check executeBoost params!!!
08-24 11:40:47.014  1368  3433 I BatteryStatsImpl: stop #10: mUpdateTime=234419682000 mTotalTime=1292274000 mCount=469 mAcquireTime=-1
08-24 11:40:47.014  1368  2102 W SceneService:SceneBoostStrategy: Please check executeBoost params!!!
08-24 11:40:47.019  2184 13883 D KeyguardViewMediator: setOccluded false
08-24 11:40:47.028  1368  2102 W SceneService:SceneBoostStrategy: Please check executeBoost params!!!
08-24 11:40:47.034  1368  2058 D NetworkManagement: oldRule = 0, newRule=0 for uid=10011 on chain 2
08-24 11:40:47.034  1368  2058 D NetworkManagement: !!!!! Skipping change
08-24 11:40:47.035  8721  8721 D PhoneWindow: initNavigationBarColor color-526345,dark=true
08-24 11:40:47.036  1368  1408 D STATUSBARCOLOR: mLastLightStatusBar=false,inLightMode=false,window=Window{e08b648 u0 com.meizu.customizecenter/com.zookingsoft.wrapper.ad.ScreenLockActivity}
08-24 11:40:47.037  2184  2184 D StatusBarWindowManager: isLauncherForeground false,hasLockWallpaper false
08-24 11:40:47.039  4059  4138 D WidgetManager: updateAppSuggestion for widget
08-24 11:40:47.039  4059  4138 D AppSuggestionManager: requestPredictAppSuggestion allowExpiredTime = 30000
08-24 11:40:47.040  3090  3161 D alphame : app resume: pkg=com.meizu.customizecenter, activity=com.zookingsoft.wrapper.StartServiceActivity, pid=0
08-24 11:40:47.040  3090  3161 I alphame : detect scene pkgName = com.meizu.customizecenter, activity = com.zookingsoft.wrapper.StartServiceActivity, reset = false, state=1
08-24 11:40:47.040  3090  3161 D alphame : scene not changed: normal
08-24 11:40:47.040  3090  3161 D alphame : ACTION_ACTIVITY_DETECT pkgName=com.meizu.customizecenter, activity=com.zookingsoft.wrapper.StartServiceActivity, userId=0, quickAppPkg=null
08-24 11:40:47.041  3090  3161 I alphame : onDetectAppEvent pkg=com.meizu.customizecenter, activity=com.zookingsoft.wrapper.StartServiceActivity, userId=0, quickPkg=null, now=1598240447041
08-24 11:40:47.041  3090  3416 D alphame : trainRecent begin appRecords.size = 5228, toTrainList.size = 338
08-24 11:40:47.042  3090  3416 D alphame : train log success: train recent, rawSize=338
08-24 11:40:47.043  1368  2102 W SceneService:SceneBoostStrategy: Please check executeBoost params!!!
08-24 11:40:47.038  6734  6967 D TriggerManager: resume activity: com.meizu.customizecenter/com.zookingsoft.wrapper.StartServiceActivity, pid=0
08-24 11:40:47.045  6734  6753 I TriggerManager: notifyEvent:EVENT_ACTIVITY, obj=ActivityEvent{activity=com.zookingsoft.wrapper.StartServiceActivity, urlInfo=null}
08-24 11:40:47.046  8721  8721 D NetworkManagementSocketTagger: enableTrace:com.meizu.customizecenter 10011 level:1
08-24 11:40:47.046  3090  3161 D alphame : app paused: pkg=com.meizu.customizecenter, activity=com.zookingsoft.wrapper.StartServiceActivity, pid=0, isLast=true, isSpecActivity=false
08-24 11:40:47.047  6734  6967 D TriggerManager: pause activity: com.meizu.customizecenter/com.zookingsoft.wrapper.StartServiceActivity, pid=0
08-24 11:40:47.048  3090  3416 D alphame : 0.0 | 
08-24 11:40:47.048  3090  3416 D alphame : changeLog:
08-24 11:40:47.048  3090  3416 D alphame : 2018.3.13-3.3.0-RC01
08-24 11:40:47.048  3090  3416 D alphame : 1.Support Latitude Longitude. 
08-24 11:40:47.048  3090  3416 D alphame : 
08-24 11:40:47.048  3090  3416 D alphame : Provider [Descriptor [labelSize=15, featureSize=9, spliter=,, attributes=[Attribute 0	com.meizu.customizecenterfeatureWeight=[0.07743902439024392, 0.1309959349593496, 0.03709349593495935, 0.1511178861788618, 0.14481707317073172, 0.14949186991869923, 0.09227642276422766, 0.11310975609756099, 0.10365853658536586]
08-24 11:40:47.048  3090  3416 D alphame : [datas=[0, 18, 25, 26, 28, 30, 40, 47, 48, 51, 52, 56, 57, 58, 68, 69, 71, 75, 79, 89, 101, 108, 112, 119, 127, 129, 130, 131, 132, 140, 145, 147, 152, 153, 155, 156, 160, 163, 172, 173, 191, 205, 221, 222, 223, 224, 230, 233, 234, 235, 236, 237, 238, 239, 240, 241, 242, 243, 244, 245, 246, 247, 248, 249, 250, 251, 252, 253, 254, 255, 256, 257, 258, 259, 260, 261, 269, 270, 279, 280, 281, 283, 286, 287, 290, 291, 292, 293, 294, 295, 296, 297, 298, 300, 301, 302, 303, 304, 305, 307, 308, 310, 311, 312, 313, 314, 315, 317, 319, 320, 322, 324, 330, 332], openDates=[2020/08/17, 2020/08/18, 2020/08/19, 2020/08/20, 2020/08/21, 2020/08/24], openDateSize=6, dateOpens=[9, 9, 12, 51, 32, 1], startSize=6, dateSize=6, dataSize=333], Attribute 1	com.android.settingsfeatureWeight=[0.07743902439024392, 0.1309959349593496, 0.03709349593495935, 0.1511178861788618, 0.14481707317073172, 0.14949186991869923, 0.09227642276422766, 0.11310975609756099, 0.10365853658536586]
08-24 11:40:47.048  3090  3416 D alphame : [datas=[1, 5, 6, 7, 8, 9, 10, 11, 14, 15, 16, 17, 19, 20, 27, 29, 31, 32, 33, 37, 38, 39, 45, 49, 55, 61, 62, 63, 64, 70, 78, 80, 81, 82, 83, 84, 86, 88, 91, 92, 94, 95, 96, 104, 105, 106, 109, 113, 118, 123, 124, 125, 128, 133, 136, 137, 139, 141, 144, 146, 154, 157, 158, 159, 161, 162, 164, 165, 166, 167, 170, 177, 178, 196, 198, 200, 201, 202, 203, 208, 209, 212, 213, 216, 217, 218, 219, 220, 225, 264, 265, 271, 284, 285, 306, 309, 326, 331], openDates=[2020/08/17, 2020/08/18, 2020/08/19, 2020/08/20, 2020/08/21, 2020/08/24], openDateSize=6, dateOpens=[24, 6, 29, 33, 5, 1], startSize=6, dateSize=6, dataSize=333], Attribute 2	com.meizu.flyme.weatherfeatureWeight=[0.07743902439024392, 0.1309959349593496, 0.03709349593495935, 0.1511178861788618, 0.14481707317073172, 0.14949186991869923, 0.09227642276422766, 0.11310975609756099, 0.10365853658536586]
08-24 11:40:47.048  3090  3416 D alphame : [datas=[2, 3], openDates=[2020/08/17], openDateSize=1, dateOpens=[2, 0, 0, 0, 0, 0], startSize=6, dateSize=6, dataSize=333], Attribute 3	com.android.dialerfeatureWeight=[0.07743902439024392, 0.1309959349593496, 0.03709349593495935, 0.1511178861788618, 0.14481707317073172, 0.14949186991869923, 0.09227642276422766, 0.11310975609756099, 0.10365853658536586]
08-24 11:40:47.048  3090  3416 D alphame : [datas=[4, 44, 46, 60, 72, 74, 77, 90, 117, 122, 126, 143, 190, 214, 262, 263, 266], openDates=[2020/08/17, 2020/08/18, 2020/08/19, 2020/08/20], openDateSize=4, dateOpens=[3, 3, 6, 5, 0, 0], startSize=6, dateSize=6, dataSize=333], Attribute 4	com.meizu.media.galleryfeatureWeight=[0.07743902439024392, 0.1309959349593496, 0.03709349593495935, 0.1511178861788618, 0.14481707317073172, 0.14949186991869923, 0.09227642276422766, 0.11310975609756099, 0.10365853658536586]
08-24 11:40:47.048  3090  3416 D alphame : [datas=[12, 188], openDates=[2020/08/17, 2020/08/20], openDateSize=2, dateOpens=[1, 0, 0, 1, 0, 0], startSize=6, dateSize=6, dataSize=333], Attribute 5	com.meizu.filemanagerfeatureWeight=[0.07743902439024392, 0.1309959349593496, 0.03709349593495935, 0.1511178861788618, 0.14481707317073172, 0.14949186991869923, 0.09227642276422766, 0.11310975609756099, 0.10365853658536586]
08-24 11:40:47.048  3090  3416 D alphame : [datas=[13, 21, 22, 23, 24, 34, 35, 36, 41, 42, 43, 50, 59, 65, 66, 67, 87, 93, 97, 98, 99, 100, 107, 114, 134, 135, 138, 168, 169, 171, 176, 183, 187, 199, 204, 206, 207, 299, 327, 328, 329], openDates=[2020/08/17, 2020/08/18, 2020/08/19, 2020/08/20, 2020/08/21], openDateSize=5, dateOpens=[12, 4, 11, 10, 4, 0], startSize=6, dateSize=6, dataSize=333], Attribute 6	com.eg.android.AlipayGphonefeatureWeight=[0.07743902439024392, 0.1309959349593496, 0.03709349593495935, 0.1511178861788618, 0.14481707317073172, 0.14949186991869923, 0.09227642276422766, 0.11310975609756099, 0.10365853658536586]
08-24 11:40:47.048  3090  3416 D alphame : [datas=[53, 54], openDates=[2020/08/18], openDateSize=
08-24 11:40:47.049  2184  2184 D StatusBarWindowManager: forceFaceRecognitionBrightness false,mScreenBrightnessFaceRecognition 0.0
08-24 11:40:47.051  3090  3416 D alphame : predictApp mCurrAppEvent.toString() = 2020/08/24 11:40:47,-1,1,113.94607_22.531823,42,com.meizu.customizecenter,null,0,0,0
08-24 11:40:47.054  3090  3416 D alphame : predictApp  com.meizu.customizecenter     [0.798768 K 0.826168|R 0.771368]
08-24 11:40:47.054  3090  3416 D alphame : predictApp  com.android.settings          [0.724442 K 0.842850|R 0.606034]
08-24 11:40:47.055  3090  3416 D alphame : predictApp  com.taobao.taobao             [0.804726 K ]
08-24 11:40:47.055  3090  3416 D alphame : predictApp  com.meizu.filemanager         [0.785953 K ]
08-24 11:40:47.055  3090  3416 D alphame : predictApp  com.android.dialer            [0.783541 K ]
08-24 11:40:47.055  3090  3416 D alphame : predictApp  com.meizu.voiceassistant      [0.748217 K ]
08-24 11:40:47.055  3090  3416 D alphame : predictApp  com.meizu.themepreview        [0.519600 K ]
08-24 11:40:47.055  3090  3416 D alphame : predictApp  com.meizu.media.gallery       [0.500548 K ]
08-24 11:40:47.055  3090  3416 D alphame : predictApp  com.sdfjre.rtgjklrt.yw.mz     [0.251358 K ]
08-24 11:40:47.055  3090  3416 D alphame : predictApp  com.ss.android.ugc.aweme      [0.251358 K ]
08-24 11:40:47.055  3090  3416 D alphame : predictApp  com.android.browser           [0.251358 K ]
08-24 11:40:47.055  3090  3416 D alphame : predictApp  com.achievo.vipshop           [0.251358 K ]
08-24 11:40:47.055  3090  3416 D alphame : predictApp  com.meizu.mznfcpay            [0.237118 K ]
08-24 11:40:47.055  3090  3416 D alphame : predictApp  com.eg.android.AlipayGphone   [0.213015 K ]
08-24 11:40:47.055  3090  3416 D alphame : predictApp  com.meizu.flyme.weather       [0.157551 K ]
08-24 11:40:47.066  8721  8721 I TQad    : LandingPage: onStop
08-24 11:40:47.067  8721  8721 I TQad    : AdRtLog: [bid:20a8946b45c2d6c72dce73bec88e57ef],[evt:LdpDestroy],[id:],[msg:],[ext:],t 46585 c 0
08-24 11:40:47.067  8721  8721 I TQad    : LandingPage: onDestroy
08-24 11:40:47.067  8721  8721 I TQad    : BaseController: rewardEvent, [key] : 
08-24 11:40:47.067  8721  8721 I TQad    : VideoPageController: onPageDestroy
08-24 11:40:47.067  8721  8721 I TQad    : MediaVoiceHelper: onActivityPause
08-24 11:40:47.067  8721  8721 I AudioManager: setStreamVolume: streamType = 3, index = 0, flags = 0, package = com.meizu.customizecenter
08-24 11:40:47.067 28885 28885 I GAdLogger: Ctrl.AdControl:onRewardVideoAdLoad onAdClose
08-24 11:40:47.067  4059  4138 D AppSuggestionManager: requestPredictAppSuggestion result, changed = true
08-24 11:40:47.068 28885 28885 I TQad    : AdRtLog: game_reward[bid:ee462ccba2769bb2f0546ab4be1ba26a],[evt:GAdCloseBtnClick],[id:48199],[msg:null],[ext:null],t 0 c 1
08-24 11:40:47.068  1368 12843 D AudioService: setStreamVolume(stream=3, index=0, calling=com.meizu.customizecenter)
08-24 11:40:47.068  4059  4138 D WidgetManager: onAppSuggestionChanged
08-24 11:40:47.068  1368 12843 D AudioService: MzcheckResumeRingerModeNormal: streamType = 3; isUnMute = false
08-24 11:40:47.068 28885 28885 E statsdk : {"provider":"game_reward","zkadid":"48199","bid":"ee462ccba2769bb2f0546ab4be1ba26a","admtype":3,"interactype":2,"realspaceid":"48199","adid":"1153065236250165248","adSrc":"1","idFromAdSrc":"1153065236250165248","zkappid":"1234","event":"GAdCloseBtnClick","msg":"","extrmsg":"","space":0,"count":1,"version":1,"from":1,"gameName":"消灭怪兽","gameVersion":"1.0","gameId":"9b92b308b04e51430d02f80d4f257709","sessionId":"69a3160233084b63a741b64bc282d847","hostChannel":"FLK_A1006","source":1}
08-24 11:40:47.068  4059  4138 D AppSuggestionManager: toAppBeanList begin
08-24 11:40:47.068  1368 12843 D VolumeController: [GJ_DEBUG] postVolumeChanged: streamType = 3
08-24 11:40:47.068  1368  8370 D Telecom : Logging: START_SESSION
08-24 11:40:47.068  1368 12843 I AudioService: [GJ_DEBUG] setStreamVolume: streamType = 3, oldIndex = 0, index = 0, flags = 0
08-24 11:40:47.069  1368  8370 V Telecom : Logging: END_SUBSESSION (dur: 0 mS): TSI.getCallState@B94
08-24 11:40:47.069  1368  8370 D Telecom : Logging: END_SESSION (dur: 1 ms): TSI.getCallState@B94
08-24 11:40:47.069  2184 10619 D GJ_DEBUG: =============volumeChanged===============
08-24 11:40:47.069  8721  8721 I TQad    : VideoPlayer: release player
08-24 11:40:47.069  2184 10619 D VolumePanel: [GJ_VOLUME] postVolumeChanged: streamType = 3, flags = 0
08-24 11:40:47.069  2184  2184 D PhoneStatusBar: setHeadsUpViewVisibilityWithAnimation: setVisible = false
08-24 11:40:47.069   964 10517 D NuPlayerDriver: reset(0xe46c1cb0) at state 6
08-24 11:40:47.069  2184  2184 E BlurGlass: This API is not supported anymore. Use WindowManager.LayoutParams.FLAG_BLUR_BEHIND instead.
08-24 11:40:47.069 28885 28885 I TQad    : AdRtLog: qReward[bid:20a8946b45c2d6c72dce73bec88e57ef],[evt:AdLdpExit],[id:48199],[msg:null],[ext:null],t 46686 c 0
08-24 11:40:47.070 28885 28885 E statsdk : {"bid":"20a8946b45c2d6c72dce73bec88e57ef","provider":"qReward","zkadid":"48199","admtype":3,"interactype":2,"realspaceid":"48199","adid":"1153065236250165248","adSrc":"1","idFromAdSrc":"1153065236250165248","zkappid":"1234","event":"AdLdpExit","msg":"","extrmsg":"","space":46686,"count":0,"version":1,"from":1,"gameName":"消灭怪兽","gameVersion":"1.0","gameId":"9b92b308b04e51430d02f80d4f257709","sessionId":"69a3160233084b63a741b64bc282d847","hostChannel":"FLK_A1006","source":1}
08-24 11:40:47.071  2184  2184 D StatusBarWindowManager: isLauncherForeground false,hasLockWallpaper false
08-24 11:40:47.071   964 10517 D NuPlayerDriver: notifyListener_l(0xe46c1cb0), (8, 0, 0, -1), loop setting(0, 0)
08-24 11:40:47.071  2184  2184 D StatusBarWindowManager: forceFaceRecognitionBrightness false,mScreenBrightnessFaceRecognition 0.0
08-24 11:40:47.072   964 15768 D NuPlayerRenderer: signalTimeDiscontinuity sync queue
08-24 11:40:47.072   964 15770 D NuPlayerRenderer: signalTimeDiscontinuity sync queue
08-24 11:40:47.072  2184  2184 D ColorMasking: keyguard show true
08-24 11:40:47.072  2184  2184 D PhoneStatusBar: dismissRecents
08-24 11:40:47.072  2184  2184 D KeyguardMusicController: onShowKeyguard
08-24 11:40:47.073   964 15767 D AudioTrack: pause(): 0xe420a680 mClientPid 8721
08-24 11:40:47.073  2598  2598 D FlymeRecents: hideRecents
08-24 11:40:47.073  2598  2598 I recents.Events: BackPress
08-24 11:40:47.073  2598  2598 D SmartTouch: clearTaskMap
08-24 11:40:47.073  2598  2598 I recents.Events: RecentActivityForceFinish
08-24 11:40:47.074  2598  2598 D Event   : No subscribers registered for event class com.flyme.systemui.recents.events.RecentsEvents$RecentActivityForceFinish
08-24 11:40:47.074  2598  2598 D Event   : No subscribers registered for event class de.greenrobot.event.NoSubscriberEvent
08-24 11:40:47.075   964 15767 D AudioTrack: stop(): 0xe420a680, mState = 4
08-24 11:40:47.076   946  1347 D AudioFlinger: acquireWakeLock_l() AudioOut_1D status 0
08-24 11:40:47.076   946  1347 D AudioFlinger: updateWakeLockUidsPids_l: uids is empty!
08-24 11:40:47.076   946  1347 D AudioFlinger: updateWakeLockUidsPids_l AudioOut_1D status 0
08-24 11:40:47.077  1368 12843 I BatteryStatsImpl: start #0: mUpdateTime=232223925000 mTotalTime=77998717 mCount=24 mAcquireTime=-1
08-24 11:40:47.077  1368 12843 I BatteryStatsImpl: start #0: mUpdateTime=232223925000 mTotalTime=147431000 mCount=24 mAcquireTime=-1
08-24 11:40:47.078  1368 12843 I BatteryStatsImpl: start #20: mUpdateTime=232223925000 mTotalTime=631445000 mCount=362 mAcquireTime=-1
08-24 11:40:47.078  1368 12843 I BatteryStatsImpl: start #20: mUpdateTime=232223925000 mTotalTime=631445000 mCount=362 mAcquireTime=-1
08-24 11:40:47.079  2184  2184 D KeyguardMusicRemoteController: isMeizuMusic remoteClientPackage = com.meizu.media.music
08-24 11:40:47.079  2184  2184 D KeyguardMusicRemoteController: resetCurrentPosition mCurrentPosition = -1
08-24 11:40:47.079  2184  2184 D KeyguardMusicRemoteController: isMeizuMusic remoteClientPackage = com.meizu.media.music
08-24 11:40:47.079  2184  2184 D KeyguardMusicController: isMusicPlaying 0
08-24 11:40:47.079  2184  2184 D KeyguardMusicController: isMusicPlaying 0
08-24 11:40:47.079  2184  2184 D KeyguardMusicController: bindMusicSupportService mBindSupportService = false,music playing false
08-24 11:40:47.079  2184  2184 D KeyguardMusicController: isMusicPlaying 0
08-24 11:40:47.079  2184  2184 D KeyguardMusicView: KeyguardMusicView onShowKeyguard
08-24 11:40:47.080  2184  2184 V KeyguardMusicView: updatePlayPauseState(), old=0, state=0
08-24 11:40:47.081  2184  2184 D KeyguardMusicView: prepareLyricContent , can construct lrcContent 
08-24 11:40:47.081  2184  2184 D KeyguardMusicView: setLrcContent mLrcList = []
08-24 11:40:47.081  2184  2184 D KeyguardMusicController: requestLyric ...
08-24 11:40:47.081  2184  2184 D KeyguardMusicRemoteController: isMeizuMusic remoteClientPackage = com.meizu.media.music
08-24 11:40:47.082  2184  2184 I KeyguardMusicController: version code is 8000011
08-24 11:40:47.082  2184  2184 D KeyguardMusicRemoteController: isMeizuMusic remoteClientPackage = com.meizu.media.music
08-24 11:40:47.083  2184  2184 I KeyguardMusicController: version code is 8000011
08-24 11:40:47.084  2184  2184 D KeyguardMusicView: mMusicController.getDuration() = -1
08-24 11:40:47.084  2184  2184 D PanelView: resetViews
08-24 11:40:47.085  2184  2184 D StatusBarWindowManager: isLauncherForeground false,hasLockWallpaper false
08-24 11:40:47.085  2184  2184 D StatusBarWindowManager: forceFaceRecognitionBrightness false,mScreenBrightnessFaceRecognition 0.0
08-24 11:40:47.085  2184  2184 V PhoneStatusBarPolicy: updateManagedProfile: mManagedProfileFocused: false
08-24 11:40:47.085  2184  2184 I MeizuKeyguardThemeManager: setBarState ------ statusBarState=1,keyguardFadingAway=false,goingToFullShade=false,keyguardShowing=true
08-24 11:40:47.085  2184  2184 I MeizuKeyguardThemeManager: setBarState 1
08-24 11:40:47.085  2184  2184 D KeyguardMusicController: isMusicPlaying 0
08-24 11:40:47.085  2184  2184 D PanelView: setKeyguardStatusViewVisibility statusBarState = 1, isMusicPlaying = false,keyguardFadingAway = false, goingToFullShade = false, mStatusBarState = 0
08-24 11:40:47.085  2184  2184 D KeyguardMusicController: isMusicPlaying 0
08-24 11:40:47.086  2184  2184 D KeyguardUpdateMonitor: hasTrust false,userAuthenticated false,isUnlockingAllow true
08-24 11:40:47.091  2184  2184 D PhoneStatusBar: updateNotificationShade:分组beforeDeal,id=238677962,pkg=com.meizu.cloud,N=3,intercept=false,visibility=0
08-24 11:40:47.092  2184  2184 D PhoneStatusBar: updateNotificationShade:分组toShow=238677962
08-24 11:40:47.092  2184  2184 D PhoneStatusBar: updateNotificationShade:分组beforeDeal,id=26,pkg=android,N=3,intercept=false,visibility=0
08-24 11:40:47.092  2184  2184 D PhoneStatusBar: updateNotificationShade:分组toShow=26
08-24 11:40:47.092  2184  2184 D PhoneStatusBar: updateNotificationShade:分组beforeDeal,id=32,pkg=android,N=3,intercept=false,visibility=0
08-24 11:40:47.092  2184  2184 D PhoneStatusBar: updateNotificationShade:分组toShow=32
08-24 11:40:47.092  2184  2184 D PhoneStatusBar: updateNotificationShade:分组toShowAdd=238677962
08-24 11:40:47.092  2184  2184 D PhoneStatusBar: updateNotificationShade: v.parent = com.android.systemui.statusbar.stack.NotificationStackScrollLayout{1396eff VFED..... ......ID 0,0-1080,2064 #7f0e046c app:id/notification_stack_scroller}
08-24 11:40:47.092  2184  2184 D PhoneStatusBar: updateNotificationShade:分组toShowAdd=26
08-24 11:40:47.092  2184  2184 D PhoneStatusBar: updateNotificationShade: v.parent = com.android.systemui.statusbar.stack.NotificationStackScrollLayout{1396eff VFED..... ......ID 0,0-1080,2064 #7f0e046c app:id/notification_stack_scroller}
08-24 11:40:47.092  2184  2184 D PhoneStatusBar: updateNotificationShade:分组toShowAdd=32
08-24 11:40:47.092  2184  2184 D PhoneStatusBar: updateNotificationShade: v.parent = com.android.systemui.statusbar.stack.NotificationStackScrollLayout{1396eff VFED..... ......ID 0,0-1080,2064 #7f0e046c app:id/notification_stack_scroller}
08-24 11:40:47.092  2184  2184 D ChargeViewUtils: onNotificationCountChaned hasActiveNotifications = false, mHasActiveNotifications = false
08-24 11:40:47.092  2184  2184 V PhoneStatusBar: updateNotificationCountChange,mLastHasNotification:false , hasActiveNotifications:false
08-24 11:40:47.095 15674 15674 E GameLog : RenderHandler 9, from 150302057
08-24 11:40:47.096 15674 15674 D Cocos2dxActivity: onVisibilityChanged false
08-24 11:40:47.096  2184  2764 D LocationController: state.contentDescription=位置报告功能开启。 locationEnabled=true
08-24 11:40:47.097  1368 21356 I BatteryStatsImpl: stop #12: mUpdateTime=234419682000 mTotalTime=231145793000 mCount=951 mAcquireTime=-1
08-24 11:40:47.097  1368 21356 I BatteryStatsImpl: start #12: mUpdateTime=234419682000 mTotalTime=123823000 mCount=897 mAcquireTime=-1
08-24 11:40:47.098  2184  2184 D StatusBarWindowManager: isLauncherForeground false,hasLockWallpaper false
08-24 11:40:47.098  2184  2184 D StatusBarWindowManager: forceFaceRecognitionBrightness false,mScreenBrightnessFaceRecognition 0.0
08-24 11:40:47.098  2184  2184 D PhoneStatusBar: disable: < expand ICONS* alerts SYSTEM_INFO* back home RECENT CLOCK* SEARCH quick_settings >
08-24 11:40:47.099  1368  2051 D RealtimeNetworkDiag MSGHDR : Rcv invalid msg
08-24 11:40:47.099  2184  2184 D PhoneStatusBar: disable
08-24 11:40:47.099  2184  2184 D PhoneStatusBar: dismissRecents
08-24 11:40:47.099  2184  2184 D PanelView: keyguard-shade mode, notify panel expansion change in keyguard-shade mode
08-24 11:40:47.099  1368  2058 D NetworkManagement: oldRule = 0, newRule=0 for uid=10012 on chain 2
08-24 11:40:47.099  2184  2184 D PanelView: collapse notification panel on keyguard-shade, do not notify panel expansion changed.
08-24 11:40:47.099  1368  2058 D NetworkManagement: !!!!! Skipping change
08-24 11:40:47.099  6495  6531 D AppLocker: isSameApp: 10044/10012
08-24 11:40:47.100 15674 15674 E GameLog : RenderHandler 9, from 150302057
08-24 11:40:47.100 15674 15674 D Cocos2dxActivity: onVisibilityChanged true
08-24 11:40:47.101 28885 28885 I GAdLogger: GAdService.GameAdService:handleMessage 1598240395889 { when=0 what=100 arg1=2 arg2=1 target=com.zookingsoft.impl.GameAdServiceImpl$ServiceHandler }
08-24 11:40:47.101 15674 15695 D AudioTrack: start(): 0xe043f280, mState = 2, mClientPid 15674
08-24 11:40:47.101 28885 28885 I GAdLogger: Ctrl.AdControl:onGameResume
08-24 11:40:47.101   964 18899 D NuPlayerDriver: start(0xe46c1e70), state is 6, eos is 0
08-24 11:40:47.101   946  1143 D AudioFlinger: [RAMP_DEBUG] applyRampCount: mNeedsRampCount = 0, rampCount = 3
08-24 11:40:47.102   946  1136 V APM_AudioPolicyManager: startOutput() output 21, stream 3, session 3153
08-24 11:40:47.102  1368 12843 E AudioAttributes: Illegal value unmarshalling AudioAttributes, can't initialize bundle
08-24 11:40:47.102   946  1136 V APM_AudioPolicyManager: selectOutputForMusicEffects activeOnly 1 outputs[1] flags 0x00000104
