08-24 11:40:47.472  2184  2184 D PhoneStatusBar: disable: < expand ICONS alerts SYSTEM_INFO back HOME* RECENT CLOCK SEARCH quick_settings >
08-24 11:40:47.472  2184  2184 D PhoneStatusBar: disable
08-24 11:40:47.472  2184  2184 D PhoneStatusBar: disable DISABLE_RECENT
08-24 11:40:47.473  2184  2184 I Choreographer: Skipped 11 frames!  The application may be doing too much work on its main thread.
08-24 11:40:47.475 15674 15731 D AudioTrack: start(): 0xe043f280, mState = 0, mClientPid 15674
08-24 11:40:47.479 15674 15731 D AudioTrack: start(): 0xe043f280, mState = 0, mClientPid 15674
08-24 11:40:47.481  4059  4138 D AppSuggestionManager: toAppBeanList end size = 13, result.size = 8, time = 73
08-24 11:40:47.483 15674 15731 D AudioTrack: start(): 0xe043f280, mState = 0, mClientPid 15674
08-24 11:40:47.485  4059  4138 D WidgetProviderService: update SmallAppWidget widgetId:5
08-24 11:40:47.487 15674 15731 D AudioTrack: start(): 0xe043f280, mState = 0, mClientPid 15674
08-24 11:40:47.491 15674 15731 I chatty  : uid=10104(com.ibimuyu.lockscreen) AudioTrack identical 1 line
08-24 11:40:47.494 15674 15731 D AudioTrack: start(): 0xe043f280, mState = 0, mClientPid 15674
08-24 11:40:47.495  2184  2184 D PhoneStatusBar: updateTopWindowIsFullscreen=false
08-24 11:40:47.495  2184  2184 D PhoneStatusBar: updateTopWindowIsFullscreen=false
08-24 11:40:47.495  2184  2184 D PhoneStatusBar: isTopWindowIsFullscreen -------------false
08-24 11:40:47.497  2184  2184 D KeyguardUpdateMonitor: sendAbsWindowFocusChange(true)
08-24 11:40:47.499 15674 15731 D AudioTrack: start(): 0xe043f280, mState = 0, mClientPid 15674
08-24 11:40:47.499  2184  2184 D WifiSignalController: setActivity activityIn=true,activityOut=true
08-24 11:40:47.500  2184  2184 D NetworkController.WifiSignalController: Change in state from: connected=true,enabled=true,level=4,inetCondition=1,iconGroup=IconGroup(Wi-Fi Icons),activityIn=true,activityOut=false,rssi=-37,networkType=null,lastModified=08-24 11:40:44,ssid="ZOOKING",enabling=false,disabling=false,connecting=false
08-24 11:40:47.500  2184  2184 D NetworkController.WifiSignalController: 	to: connected=true,enabled=true,level=4,inetCondition=1,iconGroup=IconGroup(Wi-Fi Icons),activityIn=true,activityOut=true,rssi=-37,networkType=null,lastModified=08-24 11:40:44,ssid="ZOOKING",enabling=false,disabling=false,connecting=false
08-24 11:40:47.500  2184  2184 D NetworkController.WifiSignalController: isWifiConnect is true
08-24 11:40:47.503 15674 15731 D AudioTrack: start(): 0xe043f280, mState = 0, mClientPid 15674
08-24 11:40:47.531 15674 15731 I chatty  : uid=10104(com.ibimuyu.lockscreen) AudioTrack identical 7 lines
08-24 11:40:47.536 15674 15731 D AudioTrack: start(): 0xe043f280, mState = 0, mClientPid 15674
08-24 11:40:47.538  2184  2184 D StatusBar/NavBarView: setHomeChipEnable=false
08-24 11:40:47.539 15674 15731 D AudioTrack: start(): 0xe043f280, mState = 0, mClientPid 15674
08-24 11:40:47.539  1368 21356 W System.err: java.io.FileNotFoundException: /sys/cs_press/cs_press/sleep (No such file or directory)
08-24 11:40:47.539  1368 21356 W System.err: 	at java.io.FileOutputStream.open0(Native Method)
08-24 11:40:47.539  2184  2184 D KeyguardUpdateMonitor: updateFingerprintListeningState true,mFingerprintRunningState 0
08-24 11:40:47.540  1368 21356 W System.err: 	at java.io.FileOutputStream.open(FileOutputStream.java:292)
08-24 11:40:47.540  1368 21356 W System.err: 	at java.io.FileOutputStream.<init>(FileOutputStream.java:223)
08-24 11:40:47.540  1368 21356 W System.err: 	at java.io.FileOutputStream.<init>(FileOutputStream.java:110)
08-24 11:40:47.540  1368 21356 W System.err: 	at java.io.FileWriter.<init>(FileWriter.java:63)
08-24 11:40:47.540  1368 21356 W System.err: 	at meizu.statusbar.FlymeStatusBarManagerService.write(FlymeStatusBarManagerService.java:198)
08-24 11:40:47.540  1368 21356 W System.err: 	at meizu.statusbar.FlymeStatusBarManagerService.setHomeChipEnable(FlymeStatusBarManagerService.java:186)
08-24 11:40:47.540  1368 21356 W System.err: 	at meizu.statusbar.IFlymeStatusBarService$Stub.onTransact(IFlymeStatusBarService.java:158)
08-24 11:40:47.540  1368 21356 W System.err: 	at android.os.Binder.execTransact(Binder.java:702)
08-24 11:40:47.541  2184  2184 D SignalClusterView: ethernet: GONE
08-24 11:40:47.543 15674 15731 D AudioTrack: start(): 0xe043f280, mState = 0, mClientPid 15674
08-24 11:40:47.543  2184  2184 D SignalClusterView: wifi: VISIBLE sig=2130840454
08-24 11:40:47.543  2184  2184 D SignalClusterView: vpn: GONE
08-24 11:40:47.544  2184  2184 D SignalClusterView: ethernet: GONE
08-24 11:40:47.544  2184  2184 D SignalClusterView: wifi: VISIBLE sig=2130840454
08-24 11:40:47.544  2184  2184 D SignalClusterView: vpn: GONE
08-24 11:40:47.544  2184  2184 D WifiTile: onWifiSignalChanged enabled=true
08-24 11:40:47.544  2184  2184 D WifiTile: setWifiIndicatorsExt enabling=false disabling=false  currentIntermediate == false
08-24 11:40:47.546 15674 15731 D AudioTrack: start(): 0xe043f280, mState = 0, mClientPid 15674
08-24 11:40:47.653  1368  2026 V WindowManager: real win animation done:WindowStateAnimator{e4c4172 NavigationBar}
08-24 11:40:47.647 15674 15731 I chatty  : uid=10104(com.ibimuyu.lockscreen) AudioTrack identical 25 lines
08-24 11:40:47.651 15674 15731 D AudioTrack: start(): 0xe043f280, mState = 0, mClientPid 15674
08-24 11:40:47.654  2184  2184 D KeyguardMusicRemoteController: isMeizuMusic remoteClientPackage = com.meizu.media.music
08-24 11:40:47.655  2184  2184 D KeyguardMusicView: setLyricEnabled enable = true
08-24 11:40:47.655  2184  2184 W KeyguardMusicView: Updating progress bar; received invalid estimated media position (-1). Disabling progress.
08-24 11:40:47.655  2184  2184 V KeyguardMusicView: updatePlayPauseState(), old=0, state=0
08-24 11:40:47.656 15674 15731 D AudioTrack: start(): 0xe043f280, mState = 0, mClientPid 15674
08-24 11:40:47.663 15674 15731 I chatty  : uid=10104(com.ibimuyu.lockscreen) AudioTrack identical 2 lines
08-24 11:40:47.667 15674 15731 D AudioTrack: start(): 0xe043f280, mState = 0, mClientPid 15674
08-24 11:40:47.669   595   595 W SurfaceFlinger: onMessageReceived FrameMissed ! fence ptr 0x796de2dce0 
08-24 11:40:47.671 15674 15731 D AudioTrack: start(): 0xe043f280, mState = 0, mClientPid 15674
08-24 11:40:47.711 15674 15731 I chatty  : uid=10104(com.ibimuyu.lockscreen) AudioTrack identical 10 lines
08-24 11:40:47.715 15674 15731 D AudioTrack: start(): 0xe043f280, mState = 0, mClientPid 15674
08-24 11:40:47.718  1368  2060 D WifiStateMachine: mLastSignalLevel:3, newSignalLevel:3
08-24 11:40:47.719 15674 15731 D AudioTrack: start(): 0xe043f280, mState = 0, mClientPid 15674
08-24 11:40:47.848 15674 15731 I chatty  : uid=10104(com.ibimuyu.lockscreen) AudioTrack identical 32 lines
08-24 11:40:47.851 15674 15731 D AudioTrack: start(): 0xe043f280, mState = 0, mClientPid 15674
08-24 11:40:47.852  6734  6753 W TriggerManager: Activity unknown! Get it from ams.runningTasks
08-24 11:40:47.852  6734  6753 I TriggerManager: Activity re-calc by paused
08-24 11:40:47.852  6734  6753 I TriggerManager: notifyEvent:EVENT_ACTIVITY, obj=ActivityEvent{activity=com.zookingsoft.wrapper.StartServiceActivity, urlInfo=null}
08-24 11:40:47.855 15674 15731 D AudioTrack: start(): 0xe043f280, mState = 0, mClientPid 15674
08-24 11:40:48.052 15674 15731 I chatty  : uid=10104(com.ibimuyu.lockscreen) AudioTrack identical 49 lines
08-24 11:40:48.056 15674 15731 D AudioTrack: start(): 0xe043f280, mState = 0, mClientPid 15674
08-24 11:40:48.057  2184  2184 V KeyguardMusicView: updatePlayPauseState(), old=0, state=0
08-24 11:40:48.058  2184  2184 D KeyguardMusicView: meta data change false
08-24 11:40:48.058  2184  2184 D KeyguardMusicController: isMusicPlaying 0
08-24 11:40:48.058  2184  2184 D KeyguardMusicView: prepareLyricContent , can construct lrcContent 
08-24 11:40:48.058  2184  2184 D KeyguardMusicView: setLrcContent mLrcList = []
08-24 11:40:48.058  2184  2184 D KeyguardMusicController: requestLyric ...
08-24 11:40:48.058  2184  2184 D KeyguardMusicRemoteController: isMeizuMusic remoteClientPackage = com.meizu.media.music
08-24 11:40:48.059 15674 15731 D AudioTrack: start(): 0xe043f280, mState = 0, mClientPid 15674
08-24 11:40:48.060  2184  2184 I KeyguardMusicController: version code is 8000011
08-24 11:40:48.061  2184  2184 D KeyguardMusicRemoteController: isMeizuMusic remoteClientPackage = com.meizu.media.music
08-24 11:40:48.062  2184  2184 I KeyguardMusicController: version code is 8000011
08-24 11:40:48.064 15674 15731 D AudioTrack: start(): 0xe043f280, mState = 0, mClientPid 15674
08-24 11:40:48.067 15674 15731 D AudioTrack: start(): 0xe043f280, mState = 0, mClientPid 15674
08-24 11:40:48.067  2184  2184 D KeyguardMusicView: mMusicController.getDuration() = 0
08-24 11:40:48.071 15674 15731 D AudioTrack: start(): 0xe043f280, mState = 0, mClientPid 15674
08-24 11:40:48.080 15674 15731 I chatty  : uid=10104(com.ibimuyu.lockscreen) AudioTrack identical 2 lines
08-24 11:40:48.084 15674 15731 D AudioTrack: start(): 0xe043f280, mState = 0, mClientPid 15674
08-24 11:40:48.087  1368  3433 D LocationManagerService: getProviders()=[network]
08-24 11:40:48.087  1368  3433 D LocationManagerService: getBestProvider(Criteria[power=LOW acc=LOW], true)=network
08-24 11:40:48.088  1368  3433 D LocationManagerService: getLastLocation: Request[POWER_LOW network requested=0 fastest=0 num=1]
08-24 11:40:48.088 15674 15731 D AudioTrack: start(): 0xe043f280, mState = 0, mClientPid 15674
08-24 11:40:48.089  1368  3433 D PermissionControl: packageName: com.meizu.customizecenter, mode: 0, permission: android.permission.ACCESS_COARSE_LOCATION, checkOpAllow: true
08-24 11:40:48.090  1368  3433 D PermissionControl: req == null, packageName: com.meizu.customizecenter, code: 0, permissionAllow: true, allow: true
08-24 11:40:48.091 15674 15731 D AudioTrack: start(): 0xe043f280, mState = 0, mClientPid 15674
08-24 11:40:48.091  1368  3433 D LocationManagerService: caller = com.meizu.customizecenter
08-24 11:40:48.095 15674 15731 D AudioTrack: start(): 0xe043f280, mState = 0, mClientPid 15674
08-24 11:40:48.468 15674 15731 I chatty  : uid=10104(com.ibimuyu.lockscreen) AudioTrack identical 93 lines
08-24 11:40:48.472 15674 15731 D AudioTrack: start(): 0xe043f280, mState = 0, mClientPid 15674
08-24 11:40:48.474  2184  2184 D WifiSignalController: setActivity activityIn=true,activityOut=false
08-24 11:40:48.475 15674 15731 D AudioTrack: start(): 0xe043f280, mState = 0, mClientPid 15674
08-24 11:40:48.477  2184  2184 D NetworkController.WifiSignalController: Change in state from: connected=true,enabled=true,level=4,inetCondition=1,iconGroup=IconGroup(Wi-Fi Icons),activityIn=true,activityOut=true,rssi=-37,networkType=null,lastModified=08-24 11:40:47,ssid="ZOOKING",enabling=false,disabling=false,connecting=false
08-24 11:40:48.477  2184  2184 D NetworkController.WifiSignalController: 	to: connected=true,enabled=true,level=4,inetCondition=1,iconGroup=IconGroup(Wi-Fi Icons),activityIn=true,activityOut=false,rssi=-37,networkType=null,lastModified=08-24 11:40:47,ssid="ZOOKING",enabling=false,disabling=false,connecting=false
08-24 11:40:48.477  2184  2184 D NetworkController.WifiSignalController: isWifiConnect is true
08-24 11:40:48.478  2184  2184 D SignalClusterView: ethernet: GONE
08-24 11:40:48.479 15674 15731 D AudioTrack: start(): 0xe043f280, mState = 0, mClientPid 15674
08-24 11:40:48.479  2184  2184 D SignalClusterView: wifi: VISIBLE sig=2130840453
08-24 11:40:48.479  2184  2184 D SignalClusterView: vpn: GONE
08-24 11:40:48.480  2184  2184 D SignalClusterView: ethernet: GONE
08-24 11:40:48.480  2184  2184 D SignalClusterView: wifi: VISIBLE sig=2130840453
08-24 11:40:48.481  2184  2184 D SignalClusterView: vpn: GONE
08-24 11:40:48.481  2184  2184 D WifiTile: onWifiSignalChanged enabled=true
08-24 11:40:48.481  2184  2184 D WifiTile: setWifiIndicatorsExt enabling=false disabling=false  currentIntermediate == false
08-24 11:40:48.483 15674 15731 D AudioTrack: start(): 0xe043f280, mState = 0, mClientPid 15674
08-24 11:40:48.772 15674 15731 I chatty  : uid=10104(com.ibimuyu.lockscreen) AudioTrack identical 72 lines
08-24 11:40:48.775 15674 15731 D AudioTrack: start(): 0xe043f280, mState = 0, mClientPid 15674
08-24 11:40:48.778  1368  2090 D AudioService: MzCreateMediaserverWatchdogThread: monitor mediaserver end !!!
08-24 11:40:48.778  1368  2090 D AudioService: MzCreateMediaserverWatchdogThread: monitor mediaserver start!!!
08-24 11:40:48.778  1368  2091 D AudioService: MzCreateMediaserverWatchdogThread: Monitoring ...
08-24 11:40:48.779   946  1142 D AudioFlinger: setParameters(): io 0, keyvalue mediaserver_monitor=1, calling pid 1368
08-24 11:40:48.779   946  1142 D AudioFlinger: [CURVE_VOLUME] setParameters: keyvalue mediaserver_monitor=1
08-24 11:40:48.779 15674 15731 D AudioTrack: start(): 0xe043f280, mState = 0, mClientPid 15674
08-24 11:40:48.780   561   561 D audio_hw_primary: adev_set_parameters: enter: mediaserver_monitor=1
08-24 11:40:48.780   561   561 D wt_audio_cust: wt_audio_mmi_setparameter: enter: mediaserver_monitor=1
08-24 11:40:48.780   561   561 E wt_audio_cust: wt_audio_mmi_setparameter mmi test -2
08-24 11:40:48.780   561   561 D audio_hw_extn: audio_extn_set_anc_parameters: anc_enabled:0
08-24 11:40:48.780   561   561 D audio_hw_spkr_prot: audio_extn_fbsp_set_parameters: Speaker protection disabled
08-24 11:40:48.783   946  1143 D APM_AudioPolicyManager: setStreamVolumeIndex() stream 7, device 00000400, index 15
08-24 11:40:48.783 15674 15731 D AudioTrack: start(): 0xe043f280, mState = 0, mClientPid 15674
08-24 11:40:50.044  1368  2130 E TaskPersister: File error accessing recents directory (directory doesn't exist?).
