--------- beginning of main
08-24 11:40:05.382  2184  2184 D WifiSignalController: setActivity activityIn=true,activityOut=false
08-24 11:40:05.384  2184  2184 D NetworkController.WifiSignalController: Change in state from: connected=true,enabled=true,level=4,inetCondition=1,iconGroup=IconGroup(Wi-Fi Icons),activityIn=true,activityOut=true,rssi=-37,networkType=null,lastModified=08-24 11:40:04,ssid="ZOOKING",enabling=false,disabling=false,connecting=false
08-24 11:40:05.384  2184  2184 D NetworkController.WifiSignalController: 	to: connected=true,enabled=true,level=4,inetCondition=1,iconGroup=IconGroup(Wi-Fi Icons),activityIn=true,activityOut=false,rssi=-37,networkType=null,lastModified=08-24 11:40:04,ssid="ZOOKING",enabling=false,disabling=false,connecting=false
08-24 11:40:05.384  2184  2184 D NetworkController.WifiSignalController: isWifiConnect is true
08-24 11:40:05.385  2184  2184 D SignalClusterView: ethernet: GONE
08-24 11:40:05.386  2184  2184 D SignalClusterView: wifi: VISIBLE sig=2130840453
08-24 11:40:05.386  2184  2184 D SignalClusterView: vpn: GONE
08-24 11:40:05.386  2184  2184 D SignalClusterView: ethernet: GONE
08-24 11:40:05.387  2184  2184 D SignalClusterView: wifi: VISIBLE sig=2130840453
08-24 11:40:05.388  2184  2184 D SignalClusterView: vpn: GONE
08-24 11:40:05.388  2184  2184 D WifiTile: onWifiSignalChanged enabled=true
08-24 11:40:05.388  2184  2184 D WifiTile: setWifiIndicatorsExt enabling=false disabling=false  currentIntermediate == false
08-24 11:40:05.535  8721  8721 I TQad    : TrackEventHandler: onProgress: [currentSecond]: 4, [totalSecond]: 25
08-24 11:40:06.309  2184  2864 D zklog   : CJSPControl:/doCommandInWorkThread command =17
08-24 11:40:06.310  4482  4495 D zklog   : DetailService:/command =17
08-24 11:40:06.310  4482  4495 D zklog   : CommandUtils:/isInited doCommand
08-24 11:40:06.324  4482  4495 D zklog   : RuntimeLogManager:/addRealTimeLog(), {"level":3,"runner":{"type":"dex","id":"magazine_sdk","version":"38","channel":"FLK_A1006","version_name":"FLK_A1006.38.1.20200819.release"},"mainapp":{"pkg":"com.meizu.customizecenter","version":"8005002","channel":"FLK_A1006"},"device":{"imei":"868067033693649","andid":"e9cc012367c3b722","andver":27,"brand":"Meizu","model":"M1822","net":0,"iswifi":true},"eid":"res_check_info","ecnt":"{\"result\":\"onSuccess\",\"resId\":\"52423bde54098c0dc9ef78d87c1842c9\",\"uniqueValue\":\"679e5fdfb033db0476685d76efea7d82\",\"errorMessage\":\"\",\"errCode\":-1,\"checkMode\":2,\"haveAdFrame\":true,\"position\":0}","etime":1598240406310,"retry":0}
08-24 11:40:06.326  2184  2864 D zklog   : CJSPControl:/doCommandInWorkThread imitate command =17
08-24 11:40:06.384  2184  2184 D WifiSignalController: setActivity activityIn=true,activityOut=true
08-24 11:40:06.386  2184  2184 D NetworkController.WifiSignalController: Change in state from: connected=true,enabled=true,level=4,inetCondition=1,iconGroup=IconGroup(Wi-Fi Icons),activityIn=true,activityOut=false,rssi=-37,networkType=null,lastModified=08-24 11:40:05,ssid="ZOOKING",enabling=false,disabling=false,connecting=false
08-24 11:40:06.386  2184  2184 D NetworkController.WifiSignalController: 	to: connected=true,enabled=true,level=4,inetCondition=1,iconGroup=IconGroup(Wi-Fi Icons),activityIn=true,activityOut=true,rssi=-37,networkType=null,lastModified=08-24 11:40:05,ssid="ZOOKING",enabling=false,disabling=false,connecting=false
08-24 11:40:06.387  2184  2184 D NetworkController.WifiSignalController: isWifiConnect is true
08-24 11:40:06.388  2184  2184 D SignalClusterView: ethernet: GONE
08-24 11:40:06.389  2184  2184 D SignalClusterView: wifi: VISIBLE sig=2130840454
08-24 11:40:06.390  2184  2184 D SignalClusterView: vpn: GONE
08-24 11:40:06.390  2184  2184 D SignalClusterView: ethernet: GONE
08-24 11:40:06.392  2184  2184 D SignalClusterView: wifi: VISIBLE sig=2130840454
08-24 11:40:06.392  2184  2184 D SignalClusterView: vpn: GONE
08-24 11:40:06.393  2184  2184 D WifiTile: onWifiSignalChanged enabled=true
08-24 11:40:06.393  2184  2184 D WifiTile: setWifiIndicatorsExt enabling=false disabling=false  currentIntermediate == false
08-24 11:40:06.537  8721  8721 I TQad    : TrackEventHandler: onProgress: [currentSecond]: 5, [totalSecond]: 25
08-24 11:40:06.681  6820  6854 D AppStrategy: set type: 2, pkg: com.android.settings, cloneId: 0
08-24 11:40:06.683  1368  8370 I BatteryStatsImpl: start #0: mUpdateTime=232223925000 mTotalTime=686146 mCount=138 mAcquireTime=-1
08-24 11:40:06.683  1368  8370 I BatteryStatsImpl: start #0: mUpdateTime=0 mTotalTime=0 mCount=0 mAcquireTime=-1
08-24 11:40:06.683  1368  8370 I BatteryStatsImpl: start #20: mUpdateTime=232223925000 mTotalTime=953903000 mCount=3669 mAcquireTime=-1
08-24 11:40:06.683  1368  8370 I BatteryStatsImpl: start #20: mUpdateTime=0 mTotalTime=0 mCount=0 mAcquireTime=-1
08-24 11:40:06.684  6820  6853 D AppPolicy: doAppManagerTask status: 2, AppInfo pkg: com.android.settings, cloneId: 0
08-24 11:40:06.684  6820  6853 D AppPolicy: appPauseProcess AppType: system recent favorite systemState : 101
08-24 11:40:06.686  6820  6889 I KAT:TrimManager: pkgName=com.android.settings, appAdjThr=200, appBgTimeThr=1, appTypeThr=ignore, reason=by pps for SingleAppPerfStrategy
08-24 11:40:06.686  6820  6889 I KAT:TrimManager: trimming pkg=com.android.settings
08-24 11:40:06.686  1368  8370 I BatteryStatsImpl: stop #0: mUpdateTime=232223925000 mTotalTime=686146 mCount=138 mAcquireTime=-1
08-24 11:40:06.687  1368  8370 I BatteryStatsImpl: stop #0: mUpdateTime=0 mTotalTime=0 mCount=0 mAcquireTime=-1
08-24 11:40:06.687  1368  8370 I BatteryStatsImpl: stop #20: mUpdateTime=232223925000 mTotalTime=953903000 mCount=3669 mAcquireTime=-1
08-24 11:40:06.687  1368  8370 I BatteryStatsImpl: stop #20: mUpdateTime=0 mTotalTime=0 mCount=0 mAcquireTime=-1
08-24 11:40:07.539  8721  8721 I TQad    : TrackEventHandler: onProgress: [currentSecond]: 6, [totalSecond]: 25
08-24 11:40:07.690  1368  2060 D WifiStateMachine: mLastSignalLevel:3, newSignalLevel:3
08-24 11:40:08.378  2184  2184 D WifiSignalController: setActivity activityIn=true,activityOut=false
08-24 11:40:08.379  2184  2184 D NetworkController.WifiSignalController: Change in state from: connected=true,enabled=true,level=4,inetCondition=1,iconGroup=IconGroup(Wi-Fi Icons),activityIn=true,activityOut=true,rssi=-37,networkType=null,lastModified=08-24 11:40:06,ssid="ZOOKING",enabling=false,disabling=false,connecting=false
08-24 11:40:08.379  2184  2184 D NetworkController.WifiSignalController: 	to: connected=true,enabled=true,level=4,inetCondition=1,iconGroup=IconGroup(Wi-Fi Icons),activityIn=true,activityOut=false,rssi=-37,networkType=null,lastModified=08-24 11:40:06,ssid="ZOOKING",enabling=false,disabling=false,connecting=false
08-24 11:40:08.380  2184  2184 D NetworkController.WifiSignalController: isWifiConnect is true
08-24 11:40:08.390  2184  2184 D SignalClusterView: ethernet: GONE
08-24 11:40:08.392  2184  2184 D SignalClusterView: wifi: VISIBLE sig=2130840453
08-24 11:40:08.393  2184  2184 D SignalClusterView: vpn: GONE
08-24 11:40:08.393  2184  2184 D SignalClusterView: ethernet: GONE
08-24 11:40:08.393  2184  2184 D SignalClusterView: wifi: VISIBLE sig=2130840453
08-24 11:40:08.394  2184  2184 D SignalClusterView: vpn: GONE
08-24 11:40:08.394  2184  2184 D WifiTile: onWifiSignalChanged enabled=true
08-24 11:40:08.394  2184  2184 D WifiTile: setWifiIndicatorsExt enabling=false disabling=false  currentIntermediate == false
08-24 11:40:08.531  8721  8721 I TQad    : TrackEventHandler: onProgress: [currentSecond]: 7, [totalSecond]: 25
08-24 11:40:08.747  6820  7052 I KAT:TrimManager: pid:11901, pkg=com.android.settings, time=57ms, freed:9200KB
08-24 11:40:08.776  1368  2090 D AudioService: MzCreateMediaserverWatchdogThread: monitor mediaserver end !!!
08-24 11:40:08.777  1368  2090 D AudioService: MzCreateMediaserverWatchdogThread: monitor mediaserver start!!!
08-24 11:40:08.777  1368  2091 D AudioService: MzCreateMediaserverWatchdogThread: Monitoring ...
08-24 11:40:08.777   946  1143 D AudioFlinger: setParameters(): io 0, keyvalue mediaserver_monitor=1, calling pid 1368
08-24 11:40:08.778   946  1143 D AudioFlinger: [CURVE_VOLUME] setParameters: keyvalue mediaserver_monitor=1
08-24 11:40:08.778   561   561 D audio_hw_primary: adev_set_parameters: enter: mediaserver_monitor=1
08-24 11:40:08.778   561   561 D wt_audio_cust: wt_audio_mmi_setparameter: enter: mediaserver_monitor=1
08-24 11:40:08.778   561   561 E wt_audio_cust: wt_audio_mmi_setparameter mmi test -2
08-24 11:40:08.779   561   561 D audio_hw_extn: audio_extn_set_anc_parameters: anc_enabled:0
08-24 11:40:08.779   561   561 D audio_hw_spkr_prot: audio_extn_fbsp_set_parameters: Speaker protection disabled
08-24 11:40:08.782   946  1143 D APM_AudioPolicyManager: setStreamVolumeIndex() stream 7, device 00000400, index 15
08-24 11:40:09.393  2184  2184 D WifiSignalController: setActivity activityIn=false,activityOut=false
08-24 11:40:09.396  2184  2184 D NetworkController.WifiSignalController: Change in state from: connected=true,enabled=true,level=4,inetCondition=1,iconGroup=IconGroup(Wi-Fi Icons),activityIn=true,activityOut=false,rssi=-37,networkType=null,lastModified=08-24 11:40:08,ssid="ZOOKING",enabling=false,disabling=false,connecting=false
08-24 11:40:09.396  2184  2184 D NetworkController.WifiSignalController: 	to: connected=true,enabled=true,level=4,inetCondition=1,iconGroup=IconGroup(Wi-Fi Icons),activityIn=false,activityOut=false,rssi=-37,networkType=null,lastModified=08-24 11:40:08,ssid="ZOOKING",enabling=false,disabling=false,connecting=false
08-24 11:40:09.396  2184  2184 D NetworkController.WifiSignalController: isWifiConnect is true
08-24 11:40:09.398  2184  2184 D SignalClusterView: ethernet: GONE
08-24 11:40:09.399  2184  2184 D SignalClusterView: wifi: VISIBLE sig=2130840452
08-24 11:40:09.400  2184  2184 D SignalClusterView: vpn: GONE
08-24 11:40:09.400  2184  2184 D SignalClusterView: ethernet: GONE
08-24 11:40:09.400  2184  2184 D SignalClusterView: wifi: VISIBLE sig=2130840452
08-24 11:40:09.401  2184  2184 D SignalClusterView: vpn: GONE
08-24 11:40:09.401  2184  2184 D WifiTile: onWifiSignalChanged enabled=true
08-24 11:40:09.401  2184  2184 D WifiTile: setWifiIndicatorsExt enabling=false disabling=false  currentIntermediate == false
08-24 11:40:09.532  8721  8721 I TQad    : TrackEventHandler: onProgress: [currentSecond]: 8, [totalSecond]: 25
08-24 11:40:10.330  3496  3496 I MeizuNlp: [UpdateWorker] It is not a suitable time to install.
--------- beginning of system
08-24 11:40:10.483  1368  1407 D WindowManager: Try to Intercept package in flyme com.meizu.customizecenter
08-24 11:40:10.484  1368  1407 D WindowManager: Detect finish states is 0
08-24 11:40:10.485  1368  1407 D Resources: user mback nav return mz_navigation_bar_height
08-24 11:40:10.532  8721  8721 I TQad    : TrackEventHandler: onProgress: [currentSecond]: 9, [totalSecond]: 25
08-24 11:40:10.778  1368  2060 D WifiStateMachine: mLastSignalLevel:3, newSignalLevel:3
08-24 11:40:11.396  2184  2184 D WifiSignalController: setActivity activityIn=true,activityOut=true
08-24 11:40:11.398  2184  2184 D NetworkController.WifiSignalController: Change in state from: connected=true,enabled=true,level=4,inetCondition=1,iconGroup=IconGroup(Wi-Fi Icons),activityIn=false,activityOut=false,rssi=-37,networkType=null,lastModified=08-24 11:40:09,ssid="ZOOKING",enabling=false,disabling=false,connecting=false
08-24 11:40:11.398  2184  2184 D NetworkController.WifiSignalController: 	to: connected=true,enabled=true,level=4,inetCondition=1,iconGroup=IconGroup(Wi-Fi Icons),activityIn=true,activityOut=true,rssi=-37,networkType=null,lastModified=08-24 11:40:09,ssid="ZOOKING",enabling=false,disabling=false,connecting=false
08-24 11:40:11.398  2184  2184 D NetworkController.WifiSignalController: isWifiConnect is true
08-24 11:40:11.399  2184  2184 D SignalClusterView: ethernet: GONE
08-24 11:40:11.401  2184  2184 D SignalClusterView: wifi: VISIBLE sig=2130840454
08-24 11:40:11.401  2184  2184 D SignalClusterView: vpn: GONE
08-24 11:40:11.401  2184  2184 D SignalClusterView: ethernet: GONE
08-24 11:40:11.402  2184  2184 D SignalClusterView: wifi: VISIBLE sig=2130840454
08-24 11:40:11.403  2184  2184 D SignalClusterView: vpn: GONE
08-24 11:40:11.403  2184  2184 D WifiTile: onWifiSignalChanged enabled=true
08-24 11:40:11.403  2184  2184 D WifiTile: setWifiIndicatorsExt enabling=false disabling=false  currentIntermediate == false
08-24 11:40:11.531  8721  8721 I TQad    : TrackEventHandler: onProgress: [currentSecond]: 10, [totalSecond]: 25
08-24 11:40:12.258  3496  3496 I MeizuNlp: [UpdateWorker] It is not a suitable time to install.
08-24 11:40:12.534  8721  8721 I TQad    : TrackEventHandler: onProgress: [currentSecond]: 11, [totalSecond]: 25
08-24 11:40:13.402  2184  2184 D WifiSignalController: setActivity activityIn=true,activityOut=false
08-24 11:40:13.404  2184  2184 D NetworkController.WifiSignalController: Change in state from: connected=true,enabled=true,level=4,inetCondition=1,iconGroup=IconGroup(Wi-Fi Icons),activityIn=true,activityOut=true,rssi=-37,networkType=null,lastModified=08-24 11:40:11,ssid="ZOOKING",enabling=false,disabling=false,connecting=false
08-24 11:40:13.404  2184  2184 D NetworkController.WifiSignalController: 	to: connected=true,enabled=true,level=4,inetCondition=1,iconGroup=IconGroup(Wi-Fi Icons),activityIn=true,activityOut=false,rssi=-37,networkType=null,lastModified=08-24 11:40:11,ssid="ZOOKING",enabling=false,disabling=false,connecting=false
08-24 11:40:13.405  2184  2184 D NetworkController.WifiSignalController: isWifiConnect is true
08-24 11:40:13.405  2184  2184 D SignalClusterView: ethernet: GONE
08-24 11:40:13.408  2184  2184 D SignalClusterView: wifi: VISIBLE sig=2130840453
08-24 11:40:13.409  2184  2184 D SignalClusterView: vpn: GONE
08-24 11:40:13.409  2184  2184 D SignalClusterView: ethernet: GONE
08-24 11:40:13.411  2184  2184 D SignalClusterView: wifi: VISIBLE sig=2130840453
08-24 11:40:13.412  2184  2184 D SignalClusterView: vpn: GONE
08-24 11:40:13.412  2184  2184 D WifiTile: onWifiSignalChanged enabled=true
08-24 11:40:13.412  2184  2184 D WifiTile: setWifiIndicatorsExt enabling=false disabling=false  currentIntermediate == false
08-24 11:40:13.536  8721  8721 I TQad    : TrackEventHandler: onProgress: [currentSecond]: 12, [totalSecond]: 25
08-24 11:40:13.847  1368  2060 D WifiStateMachine: mLastSignalLevel:3, newSignalLevel:3
08-24 11:40:14.405  2184  2184 D WifiSignalController: setActivity activityIn=true,activityOut=true
08-24 11:40:14.407  2184  2184 D NetworkController.WifiSignalController: Change in state from: connected=true,enabled=true,level=4,inetCondition=1,iconGroup=IconGroup(Wi-Fi Icons),activityIn=true,activityOut=false,rssi=-37,networkType=null,lastModified=08-24 11:40:13,ssid="ZOOKING",enabling=false,disabling=false,connecting=false
08-24 11:40:14.407  2184  2184 D NetworkController.WifiSignalController: 	to: connected=true,enabled=true,level=4,inetCondition=1,iconGroup=IconGroup(Wi-Fi Icons),activityIn=true,activityOut=true,rssi=-37,networkType=null,lastModified=08-24 11:40:13,ssid="ZOOKING",enabling=false,disabling=false,connecting=false
08-24 11:40:14.407  2184  2184 D NetworkController.WifiSignalController: isWifiConnect is true
08-24 11:40:14.409  2184  2184 D SignalClusterView: ethernet: GONE
08-24 11:40:14.412  2184  2184 D SignalClusterView: wifi: VISIBLE sig=2130840454
08-24 11:40:14.412  2184  2184 D SignalClusterView: vpn: GONE
08-24 11:40:14.412  2184  2184 D SignalClusterView: ethernet: GONE
08-24 11:40:14.416  2184  2184 D SignalClusterView: wifi: VISIBLE sig=2130840454
08-24 11:40:14.417  2184  2184 D SignalClusterView: vpn: GONE
08-24 11:40:14.417  2184  2184 D WifiTile: onWifiSignalChanged enabled=true
08-24 11:40:14.417  2184  2184 D WifiTile: setWifiIndicatorsExt enabling=false disabling=false  currentIntermediate == false
08-24 11:40:14.538  8721  8721 I TQad    : TrackEventHandler: onProgress: [currentSecond]: 13, [totalSecond]: 25
08-24 11:40:15.408  2184  2184 D WifiSignalController: setActivity activityIn=true,activityOut=false
08-24 11:40:15.409  2184  2184 D NetworkController.WifiSignalController: Change in state from: connected=true,enabled=true,level=4,inetCondition=1,iconGroup=IconGroup(Wi-Fi Icons),activityIn=true,activityOut=true,rssi=-37,networkType=null,lastModified=08-24 11:40:14,ssid="ZOOKING",enabling=false,disabling=false,connecting=false
08-24 11:40:15.409  2184  2184 D NetworkController.WifiSignalController: 	to: connected=true,enabled=true,level=4,inetCondition=1,iconGroup=IconGroup(Wi-Fi Icons),activityIn=true,activityOut=false,rssi=-37,networkType=null,lastModified=08-24 11:40:14,ssid="ZOOKING",enabling=false,disabling=false,connecting=false
08-24 11:40:15.411  2184  2184 D NetworkController.WifiSignalController: isWifiConnect is true
08-24 11:40:15.414  2184  2184 D SignalClusterView: ethernet: GONE
08-24 11:40:15.415  2184  2184 D SignalClusterView: wifi: VISIBLE sig=2130840453
08-24 11:40:15.415  2184  2184 D SignalClusterView: vpn: GONE
08-24 11:40:15.415  2184  2184 D SignalClusterView: ethernet: GONE
08-24 11:40:15.417  2184  2184 D SignalClusterView: wifi: VISIBLE sig=2130840453
08-24 11:40:15.418  2184  2184 D SignalClusterView: vpn: GONE
08-24 11:40:15.418  2184  2184 D WifiTile: onWifiSignalChanged enabled=true
08-24 11:40:15.419  2184  2184 D WifiTile: setWifiIndicatorsExt enabling=false disabling=false  currentIntermediate == false
08-24 11:40:15.531  8721  8721 I TQad    : TrackEventHandler: onProgress: [currentSecond]: 14, [totalSecond]: 25
08-24 11:40:16.409  2184  2184 D WifiSignalController: setActivity activityIn=true,activityOut=true
08-24 11:40:16.411  2184  2184 D NetworkController.WifiSignalController: Change in state from: connected=true,enabled=true,level=4,inetCondition=1,iconGroup=IconGroup(Wi-Fi Icons),activityIn=true,activityOut=false,rssi=-37,networkType=null,lastModified=08-24 11:40:15,ssid="ZOOKING",enabling=false,disabling=false,connecting=false
08-24 11:40:16.411  2184  2184 D NetworkController.WifiSignalController: 	to: connected=true,enabled=true,level=4,inetCondition=1,iconGroup=IconGroup(Wi-Fi Icons),activityIn=true,activityOut=true,rssi=-37,networkType=null,lastModified=08-24 11:40:15,ssid="ZOOKING",enabling=false,disabling=false,connecting=false
08-24 11:40:16.411  2184  2184 D NetworkController.WifiSignalController: isWifiConnect is true
08-24 11:40:16.412  2184  2184 D SignalClusterView: ethernet: GONE
08-24 11:40:16.414  2184  2184 D SignalClusterView: wifi: VISIBLE sig=2130840454
08-24 11:40:16.414  2184  2184 D SignalClusterView: vpn: GONE
08-24 11:40:16.415  2184  2184 D SignalClusterView: ethernet: GONE
08-24 11:40:16.421  2184  2184 D SignalClusterView: wifi: VISIBLE sig=2130840454
08-24 11:40:16.422  2184  2184 D SignalClusterView: vpn: GONE
08-24 11:40:16.422  2184  2184 D WifiTile: onWifiSignalChanged enabled=true
08-24 11:40:16.422  2184  2184 D WifiTile: setWifiIndicatorsExt enabling=false disabling=false  currentIntermediate == false
08-24 11:40:16.532  8721  8721 I TQad    : TrackEventHandler: onProgress: [currentSecond]: 15, [totalSecond]: 25
08-24 11:40:16.902  1368  2060 D WifiStateMachine: mLastSignalLevel:3, newSignalLevel:3
08-24 11:40:17.531  8721  8721 I TQad    : TrackEventHandler: onProgress: [currentSecond]: 16, [totalSecond]: 25
08-24 11:40:18.531  8721  8721 I TQad    : TrackEventHandler: onProgress: [currentSecond]: 17, [totalSecond]: 25
08-24 11:40:19.531  8721  8721 I TQad    : TrackEventHandler: onProgress: [currentSecond]: 18, [totalSecond]: 25
08-24 11:40:19.974  1368  2060 D WifiStateMachine: mLastSignalLevel:3, newSignalLevel:3
08-24 11:40:20.538  8721  8721 I TQad    : TrackEventHandler: onProgress: [currentSecond]: 19, [totalSecond]: 25
08-24 11:40:21.423  2184  2184 D WifiSignalController: setActivity activityIn=true,activityOut=false
08-24 11:40:21.425  2184  2184 D NetworkController.WifiSignalController: Change in state from: connected=true,enabled=true,level=4,inetCondition=1,iconGroup=IconGroup(Wi-Fi Icons),activityIn=true,activityOut=true,rssi=-37,networkType=null,lastModified=08-24 11:40:16,ssid="ZOOKING",enabling=false,disabling=false,connecting=false
08-24 11:40:21.425  2184  2184 D NetworkController.WifiSignalController: 	to: connected=true,enabled=true,level=4,inetCondition=1,iconGroup=IconGroup(Wi-Fi Icons),activityIn=true,activityOut=false,rssi=-37,networkType=null,lastModified=08-24 11:40:16,ssid="ZOOKING",enabling=false,disabling=false,connecting=false
08-24 11:40:21.425  2184  2184 D NetworkController.WifiSignalController: isWifiConnect is true
08-24 11:40:21.426  2184  2184 D SignalClusterView: ethernet: GONE
08-24 11:40:21.427  2184  2184 D SignalClusterView: wifi: VISIBLE sig=2130840453
08-24 11:40:21.428  2184  2184 D SignalClusterView: vpn: GONE
08-24 11:40:21.428  2184  2184 D SignalClusterView: ethernet: GONE
08-24 11:40:21.429  2184  2184 D SignalClusterView: wifi: VISIBLE sig=2130840453
08-24 11:40:21.430  2184  2184 D SignalClusterView: vpn: GONE
08-24 11:40:21.430  2184  2184 D WifiTile: onWifiSignalChanged enabled=true
08-24 11:40:21.430  2184  2184 D WifiTile: setWifiIndicatorsExt enabling=false disabling=false  currentIntermediate == false
08-24 11:40:21.540  8721  8721 I TQad    : TrackEventHandler: onProgress: [currentSecond]: 20, [totalSecond]: 25
08-24 11:40:22.531  8721  8721 I TQad    : TrackEventHandler: onProgress: [currentSecond]: 21, [totalSecond]: 25
08-24 11:40:23.062  1368  2060 D WifiStateMachine: mLastSignalLevel:3, newSignalLevel:3
08-24 11:40:23.530  8721  8721 I TQad    : TrackEventHandler: onProgress: [currentSecond]: 22, [totalSecond]: 25
08-24 11:40:24.432  2184  2184 D WifiSignalController: setActivity activityIn=true,activityOut=true
08-24 11:40:24.433  2184  2184 D NetworkController.WifiSignalController: Change in state from: connected=true,enabled=true,level=4,inetCondition=1,iconGroup=IconGroup(Wi-Fi Icons),activityIn=true,activityOut=false,rssi=-37,networkType=null,lastModified=08-24 11:40:21,ssid="ZOOKING",enabling=false,disabling=false,connecting=false
08-24 11:40:24.433  2184  2184 D NetworkController.WifiSignalController: 	to: connected=true,enabled=true,level=4,inetCondition=1,iconGroup=IconGroup(Wi-Fi Icons),activityIn=true,activityOut=true,rssi=-37,networkType=null,lastModified=08-24 11:40:21,ssid="ZOOKING",enabling=false,disabling=false,connecting=false
08-24 11:40:24.434  2184  2184 D NetworkController.WifiSignalController: isWifiConnect is true
08-24 11:40:24.435  2184  2184 D SignalClusterView: ethernet: GONE
08-24 11:40:24.436  2184  2184 D SignalClusterView: wifi: VISIBLE sig=2130840454
08-24 11:40:24.437  2184  2184 D SignalClusterView: vpn: GONE
08-24 11:40:24.437  2184  2184 D SignalClusterView: ethernet: GONE
08-24 11:40:24.438  2184  2184 D SignalClusterView: wifi: VISIBLE sig=2130840454
08-24 11:40:24.438  2184  2184 D SignalClusterView: vpn: GONE
08-24 11:40:24.438  2184  2184 D WifiTile: onWifiSignalChanged enabled=true
08-24 11:40:24.438  2184  2184 D WifiTile: setWifiIndicatorsExt enabling=false disabling=false  currentIntermediate == false
08-24 11:40:24.531  8721  8721 I TQad    : TrackEventHandler: onProgress: [currentSecond]: 23, [totalSecond]: 25
08-24 11:40:24.962  1368  1368 V Telecom : Logging: No stale logging sessions needed to be cleaned...
08-24 11:40:24.976  1368  8370 I WifiService: getConnectionInfo uid=1000
08-24 11:40:25.361   969 15783 I SoftAAC2: input buffer eos
08-24 11:40:25.534  8721  8721 I TQad    : TrackEventHandler: onProgress: [currentSecond]: 24, [totalSecond]: 25
08-24 11:40:25.612   964 15770 I NuPlayerDecoder: [video] saw output EOS
08-24 11:40:25.624   964 15768 I NuPlayerDecoder: [audio] saw output EOS
08-24 11:40:25.624   964 15767 D AudioTrack: stop(): 0xe420a680, mState = 0
08-24 11:40:25.625   964 15767 D AudioTrack: stop() called with 1075200 frames delivered
08-24 11:40:25.625   946  1143 D AudioFlinger: [RAMP_DEBUG] applyRampCount: mNeedsRampCount = 0, rampCount = 3
08-24 11:40:26.093   964 15761 D NuPlayerDriver: notifyListener_l(0xe46c1cb0), (2, 0, 0, -1), loop setting(0, 0)
08-24 11:40:26.094   964 15767 D AudioTrack: pause(): 0xe420a680 mClientPid 8721
08-24 11:40:26.094  8721  8721 I TQad    : VideoPlayer: onCompletion false
08-24 11:40:26.095  8721  8721 I TQad    : VideoPlayer: notifyStateChange EL_COMPLETE
08-24 11:40:26.095  8721  8721 I TQad    : TrackEventHandler: onProgress: [currentSecond]: 25, [totalSecond]: 25
08-24 11:40:26.096  8721  8721 I TQad    : TrackEventHandler: onStateChange: [state]: EL_COMPLETE, [currentProgressTime]: 24366, [videoTotalTime]: 24366
08-24 11:40:26.096  1368  8370 V MediaRouterService: restoreBluetoothA2dp(false)
08-24 11:40:26.097 28885 28885 I TQad    : RewardAdCtrlMsgParser: [eventId]: 12, [paramList]: [24366, 24366]
08-24 11:40:26.097 28885 28885 I TQad    : AdTracker: doNotifyEvent 12 1
08-24 11:40:26.098  1368  2081 D AudioService: setForceUseInt_SyncDevices: usage 1; config = 10; eventSource = setBluetoothA2dpOn(false) from u/pid:1000/1368
08-24 11:40:26.099   946  1143 D AudioPolicyManagerCustom: setForceUse() usage 1, config 10, mPhoneState 0
08-24 11:40:26.099 28885  8984 W AdTracker: 
08-24 11:40:26.100 28885 28885 I GAdLogger: Ctrl.AdControl:onRewardVideoAdLoad onVideoComplete
08-24 11:40:26.100 28885 15059 I TQad    : UrlTrack1 : http://ads.vanmatt.com:9902/api/report.do?etype=12&data=lvovyHqTKpklHlApZwyYBvJKxTkI02oaK%2BpWEiI1JX%2FaU94dX1%2Bgq0g30Xa7N9O2bSMiioAmHlOU%2B5FII2lw9gRMYYO0%2FwozsXMJJylbQyWsFphRkNKtHvhIYDwEGKLt0NFnAib7zmHW948SnC6pE0wcT6CNI%2BjW0lXDOCt%2BRBxU7GGw8f4agrZAxSrfJ9LikNUEi1xmDNToVmRlTry8aGF%2BakjhSFjfB4dz4B8EL7Xqs%2BEwR6sqznuOP33hBlL8X3x59i%2BnjPkSXKQVkA21gR%2FVbWPCOGqEU5mQpPb7QumU523gI17%2FIwhZUROhBNjlv5tywqOJkmBoVHzSY%2BCm72Fu0zj5L%2FQLP040SAFTHTu2UIbwCZOm1pU1z4FbxQ4ryDNHSZfL2VXoLTKV9cHQ1cy8tQ9YyoJ656weSD5bIR7aI73c1%2BMY48HcOJJPZjLpgSkSbuuWiGIaE6pkwMlCUQv8LZX4OvO97zj1ZMXVbgwrQbyQ9HuZT9ynJ%2BqTJ2uI6K3HWAfpFSftRXE728PKni%2FBIR5oERlr%2BM%2BjRGD9XFIsRCP5J4Q6pUq5ivEbdYEsJEnmCqfAi35d4hSN17eJU6kg4MH2wmVwI2Cdi%2B%2BuFpafLjH1L943qwFbtKzUHAMrfST879KZOwzQPFn3JeHl2g%3D%3D&ach=_CLKTPEZK_
08-24 11:40:26.115   595   595 W SurfaceFlinger: onMessageReceived FrameMissed ! fence ptr 0x796de2de40 
08-24 11:40:26.124   946  1347 D AudioFlinger: updateWakeLockUidsPids_l: uids is empty!
08-24 11:40:26.124   946  1347 D AudioFlinger: updateWakeLockUidsPids_l AudioOut_1D status 0
08-24 11:40:26.124  1368 21356 I BatteryStatsImpl: stop #0: mUpdateTime=232223925000 mTotalTime=379081 mCount=0 mAcquireTime=-1
08-24 11:40:26.124  1368 21356 I BatteryStatsImpl: stop #0: mUpdateTime=0 mTotalTime=0 mCount=0 mAcquireTime=-1
08-24 11:40:26.124  1368 21356 I BatteryStatsImpl: stop #20: mUpdateTime=232223925000 mTotalTime=1161000 mCount=33 mAcquireTime=-1
08-24 11:40:26.124  1368 21356 I BatteryStatsImpl: stop #20: mUpdateTime=0 mTotalTime=0 mCount=0 mAcquireTime=-1
08-24 11:40:26.125  1368 21356 I BatteryStatsImpl: start #0: mUpdateTime=232223925000 mTotalTime=77998717 mCount=24 mAcquireTime=-1
08-24 11:40:26.125  1368 21356 I BatteryStatsImpl: start #0: mUpdateTime=232223925000 mTotalTime=147431000 mCount=24 mAcquireTime=-1
08-24 11:40:26.125  1368 21356 I BatteryStatsImpl: start #20: mUpdateTime=232223925000 mTotalTime=631445000 mCount=362 mAcquireTime=-1
08-24 11:40:26.125  1368 21356 I BatteryStatsImpl: start #20: mUpdateTime=232223925000 mTotalTime=631445000 mCount=362 mAcquireTime=-1
08-24 11:40:26.125  1368  3433 I BatteryStatsImpl: stop #-7: mUpdateTime=234419682000 mTotalTime=962020000 mCount=262 mAcquireTime=-1
08-24 11:40:26.126  1368  3433 I BatteryStatsImpl: stop #15: mUpdateTime=234419682000 mTotalTime=436570998 mCount=70 mAcquireTime=-1
08-24 11:40:26.130  1368  2060 D WifiStateMachine: mLastSignalLevel:3, newSignalLevel:3
08-24 11:40:26.146   946  1136 V APM_AudioPolicyManager: stopOutput() output 29, stream 3, session 3169
08-24 11:40:26.146   946  1136 V APM_AudioPolicyManager: getNewOutputDevice() selected device 0
08-24 11:40:26.146   946  1136 V APM_AudioPolicyManager: setOutputDevice() device 0000 delayMs 160
08-24 11:40:26.146   946  1136 V APM_AudioPolicyManager: setOutputDevice() prevDevice 0x0002
08-24 11:40:26.147   946  1136 V APM_AudioPolicyManager: setOutputDevice() setting same device 0x0000 or null device
08-24 11:40:26.147   946  1136 V AudioPolicyManagerCustom: checkOutputForStrategy(): policy related outputs
08-24 11:40:26.148   946  1136 W AudioFlinger: moveEffectChain_l() effect chain for session 0 not on source thread 0xf3603640
08-24 11:40:26.148   946  1136 V APM_AudioPolicyManager: selectOutputForMusicEffects selected output 13
08-24 11:40:26.269 28885 15059 I TQad    : AdTracker: MSG_HTTP_GET et = 12 response [s:true,code:200,m:null] url = http://ads.vanmatt.com:9902/api/report.do?etype=12&data=lvovyHqTKpklHlApZwyYBvJKxTkI02oaK%2BpWEiI1JX%2FaU94dX1%2Bgq0g30Xa7N9O2bSMiioAmHlOU%2B5FII2lw9gRMYYO0%2FwozsXMJJylbQyWsFphRkNKtHvhIYDwEGKLt0NFnAib7zmHW948SnC6pE0wcT6CNI%2BjW0lXDOCt%2BRBxU7GGw8f4agrZAxSrfJ9LikNUEi1xmDNToVmRlTry8aGF%2BakjhSFjfB4dz4B8EL7Xqs%2BEwR6sqznuOP33hBlL8X3x59i%2BnjPkSXKQVkA21gR%2FVbWPCOGqEU5mQpPb7QumU523gI17%2FIwhZUROhBNjlv5tywqOJkmBoVHzSY%2BCm72Fu0zj5L%2FQLP040SAFTHTu2UIbwCZOm1pU1z4FbxQ4ryDNHSZfL2VXoLTKV9cHQ1cy8tQ9YyoJ656weSD5bIR7aI73c1%2BMY48HcOJJPZjLpgSkSbuuWiGIaE6pkwMlCUQv8LZX4OvO97zj1ZMXVbgwrQbyQ9HuZT9ynJ%2BqTJ2uI6K3HWAfpFSftRXE728PKni%2FBIR5oERlr%2BM%2BjRGD9XFIsRCP5J4Q6pUq5ivEbdYEsJEnmCqfAi35d4hSN17eJU6kg4MH2wmVwI2Cdi%2B%2BuFpafLjH1L943qwFbtKzUHAMrfST879KZOwzQPFn3JeHl2g%3D%3D&ach=_CLKTPEZK_
08-24 11:40:26.270 28885 15059 W TQad    : AdTracker: MSG_HTTP_GET resp 
08-24 11:40:26.282  3496  3496 I MeizuNlp: [UpdateWorker] It is not a suitable time to install.
08-24 11:40:26.607  3636  4020 D myTest666: defaultDataId===-1, slotId=-1
08-24 11:40:26.608  3636  4020 D trafficTest: whichSimSelected slotId=-1,可能是未插卡，也可能是modern挂了，也可能插了双卡，其中流量卡挂了，或还在初始化中, 而另一张卡没有自动切换成流量
08-24 11:40:26.608  3636  4020 D NetworkManagementMz: LocalSubscriptionManager: getSubId -1
08-24 11:40:26.610  1368 21356 I BatteryStatsImpl: start #0: mUpdateTime=232223925000 mTotalTime=36901499 mCount=2042 mAcquireTime=-1
08-24 11:40:26.610  1368 21356 I BatteryStatsImpl: start #0: mUpdateTime=0 mTotalTime=0 mCount=0 mAcquireTime=-1
08-24 11:40:26.610  1368 21356 I BatteryStatsImpl: start #20: mUpdateTime=232223925000 mTotalTime=953903000 mCount=3669 mAcquireTime=-1
08-24 11:40:26.610  1368 21356 I BatteryStatsImpl: start #20: mUpdateTime=0 mTotalTime=0 mCount=0 mAcquireTime=-1
08-24 11:40:26.642  1368 21356 I BatteryStatsImpl: stop #0: mUpdateTime=232223925000 mTotalTime=36901499 mCount=2042 mAcquireTime=-1
08-24 11:40:26.642  1368 21356 I BatteryStatsImpl: stop #0: mUpdateTime=0 mTotalTime=0 mCount=0 mAcquireTime=-1
08-24 11:40:26.642  1368 21356 I BatteryStatsImpl: stop #20: mUpdateTime=232223925000 mTotalTime=953903000 mCount=3669 mAcquireTime=-1
08-24 11:40:26.642  1368 21356 I BatteryStatsImpl: stop #20: mUpdateTime=0 mTotalTime=0 mCount=0 mAcquireTime=-1
08-24 11:40:26.643  1368  2057 V NetworkPolicy: No need to control the network enable or disable
08-24 11:40:26.643  1368  2057 D NetworkPolicy: delay 3000ms to update notification network limit.
08-24 11:40:26.644  3636  4020 D myTest666: defaultDataId===-1, slotId=-1
08-24 11:40:26.645  3636  4020 D trafficTest: whichSimSelected slotId=-1,可能是未插卡，也可能是modern挂了，也可能插了双卡，其中流量卡挂了，或还在初始化中, 而另一张卡没有自动切换成流量
08-24 11:40:26.645  3636  4020 D NetworkManagementMz: LocalSubscriptionManager: getSubId -1
08-24 11:40:26.645  3636  3636 D trafficTest1: pollingService通知Ui更新
08-24 11:40:26.645  3636  3636 D trafficTest: ----refreshGeneralShowData
08-24 11:40:26.645  3636  3636 D trafficTest: --------------亮屏没有监听器updateDataInterval 45 seconds 
08-24 11:40:27.593 10149 10149 I adbd    : Calling send_auth_request...
08-24 11:40:27.606 10149 10149 I adbd    : Loading keys from /data/misc/adb/adb_keys
08-24 11:40:27.638 10149 10149 I adbd    : adb client authorized
08-24 11:40:27.852  3496  3496 I MeizuNlp: [UpdateWorker] It is not a suitable time to install.
08-24 11:40:28.777  1368  2090 D AudioService: MzCreateMediaserverWatchdogThread: monitor mediaserver end !!!
08-24 11:40:28.777  1368  2090 D AudioService: MzCreateMediaserverWatchdogThread: monitor mediaserver start!!!
08-24 11:40:28.777  1368  2091 D AudioService: MzCreateMediaserverWatchdogThread: Monitoring ...
08-24 11:40:28.778   946  1143 D AudioFlinger: setParameters(): io 0, keyvalue mediaserver_monitor=1, calling pid 1368
08-24 11:40:28.778   946  1143 D AudioFlinger: [CURVE_VOLUME] setParameters: keyvalue mediaserver_monitor=1
08-24 11:40:28.779   561  1107 D audio_hw_primary: adev_set_parameters: enter: mediaserver_monitor=1
08-24 11:40:28.780   561  1107 D wt_audio_cust: wt_audio_mmi_setparameter: enter: mediaserver_monitor=1
08-24 11:40:28.780   561  1107 E wt_audio_cust: wt_audio_mmi_setparameter mmi test -2
08-24 11:40:28.780   561  1107 D audio_hw_extn: audio_extn_set_anc_parameters: anc_enabled:0
08-24 11:40:28.780   561  1107 D audio_hw_spkr_prot: audio_extn_fbsp_set_parameters: Speaker protection disabled
08-24 11:40:28.783   946 23438 D APM_AudioPolicyManager: setStreamVolumeIndex() stream 7, device 00000400, index 15
08-24 11:40:28.984   561   561 D audio_hw_primary: out_standby: enter: stream (0xeaa0f800) usecase(0: deep-buffer-playback)
08-24 11:40:29.161   561   561 D audio_hw_primary: disable_audio_route: reset and update mixer path: deep-buffer-playback
08-24 11:40:29.164   561   561 D hardware_info: hw_info_append_hw_type : device_name = speaker
08-24 11:40:29.164   561   561 D audio_hw_primary: disable_snd_device: snd_device(2: speaker)
08-24 11:40:29.164   561   561 D msm8916_platform: platform_split_snd_device: snd_device(2) num devices(0) new_snd_devices(0)
08-24 11:40:29.170   561   561 D audio_hw_primary: out_standby: exit
08-24 11:40:29.170   946  1347 D AudioFlinger: releaseWakeLock_l() AudioOut_1D
08-24 11:40:29.171  1368 21356 I BatteryStatsImpl: stop #0: mUpdateTime=232223925000 mTotalTime=77998717 mCount=24 mAcquireTime=-1
08-24 11:40:29.172  1368 21356 I BatteryStatsImpl: stop #0: mUpdateTime=232223925000 mTotalTime=147431000 mCount=24 mAcquireTime=-1
08-24 11:40:29.172  1368 21356 I BatteryStatsImpl: stop #20: mUpdateTime=232223925000 mTotalTime=631445000 mCount=362 mAcquireTime=-1
08-24 11:40:29.172  1368 21356 I BatteryStatsImpl: stop #20: mUpdateTime=232223925000 mTotalTime=631445000 mCount=362 mAcquireTime=-1
08-24 11:40:29.174  6820  6835 D WorkingState: getEffectTime: duration = 48988
08-24 11:40:29.174  6820  6835 D WorkingState: handleList: oriList : [8721]
08-24 11:40:29.174  6820  6835 D WorkingState: currentList : []
08-24 11:40:29.174  6820  6835 D WorkingState: addList: []
08-24 11:40:29.174  6820  6835 D WorkingState: removeList : [8721]
08-24 11:40:29.174  6820  6835 D WorkingState: mCurrentAudioMixs : {8721=AudioBase{args=8721, timeStap=238581916}}
08-24 11:40:29.220  1368  2060 D WifiStateMachine: mLastSignalLevel:3, newSignalLevel:3
08-24 11:40:29.443  2184  2184 D WifiSignalController: setActivity activityIn=true,activityOut=false
08-24 11:40:29.445  2184  2184 D NetworkController.WifiSignalController: Change in state from: connected=true,enabled=true,level=4,inetCondition=1,iconGroup=IconGroup(Wi-Fi Icons),activityIn=true,activityOut=true,rssi=-37,networkType=null,lastModified=08-24 11:40:24,ssid="ZOOKING",enabling=false,disabling=false,connecting=false
08-24 11:40:29.445  2184  2184 D NetworkController.WifiSignalController: 	to: connected=true,enabled=true,level=4,inetCondition=1,iconGroup=IconGroup(Wi-Fi Icons),activityIn=true,activityOut=false,rssi=-37,networkType=null,lastModified=08-24 11:40:24,ssid="ZOOKING",enabling=false,disabling=false,connecting=false
08-24 11:40:29.445  2184  2184 D NetworkController.WifiSignalController: isWifiConnect is true
08-24 11:40:29.446  2184  2184 D SignalClusterView: ethernet: GONE
08-24 11:40:29.447  2184  2184 D SignalClusterView: wifi: VISIBLE sig=2130840453
08-24 11:40:29.447  2184  2184 D SignalClusterView: vpn: GONE
08-24 11:40:29.447  2184  2184 D SignalClusterView: ethernet: GONE
08-24 11:40:29.448  2184  2184 D SignalClusterView: wifi: VISIBLE sig=2130840453
08-24 11:40:29.448  2184  2184 D SignalClusterView: vpn: GONE
08-24 11:40:29.448  2184  2184 D WifiTile: onWifiSignalChanged enabled=true
08-24 11:40:29.448  2184  2184 D WifiTile: setWifiIndicatorsExt enabling=false disabling=false  currentIntermediate == false
08-24 11:40:30.430 10149 10149 I adbd    : Calling send_auth_request...
08-24 11:40:30.444 10149 10149 I adbd    : Loading keys from /data/misc/adb/adb_keys
08-24 11:40:30.449 10149 15887 E adbd    : error reading protocol FD 21: Connection reset by peer
08-24 11:40:30.481 10149 10149 I adbd    : adb client authorized
08-24 11:40:30.532  3636  3777 I TeaLog  : p worked:true 60000
08-24 11:40:30.537  3636  3777 I TeaLog  : s0 0
08-24 11:40:30.537  3636  3777 I TeaLog  : s worked:true 60000
08-24 11:40:32.312  1368  2060 D WifiStateMachine: mLastSignalLevel:3, newSignalLevel:3
08-24 11:40:32.434  2184  2184 D WifiSignalController: setActivity activityIn=true,activityOut=true
08-24 11:40:32.436  2184  2184 D NetworkController.WifiSignalController: Change in state from: connected=true,enabled=true,level=4,inetCondition=1,iconGroup=IconGroup(Wi-Fi Icons),activityIn=true,activityOut=false,rssi=-37,networkType=null,lastModified=08-24 11:40:29,ssid="ZOOKING",enabling=false,disabling=false,connecting=false
08-24 11:40:32.436  2184  2184 D NetworkController.WifiSignalController: 	to: connected=true,enabled=true,level=4,inetCondition=1,iconGroup=IconGroup(Wi-Fi Icons),activityIn=true,activityOut=true,rssi=-37,networkType=null,lastModified=08-24 11:40:29,ssid="ZOOKING",enabling=false,disabling=false,connecting=false
08-24 11:40:32.436  2184  2184 D NetworkController.WifiSignalController: isWifiConnect is true
08-24 11:40:32.451  2184  2184 D SignalClusterView: ethernet: GONE
08-24 11:40:32.455  2184  2184 D SignalClusterView: wifi: VISIBLE sig=2130840454
08-24 11:40:32.456  2184  2184 D SignalClusterView: vpn: GONE
08-24 11:40:32.456  2184  2184 D SignalClusterView: ethernet: GONE
08-24 11:40:32.457  2184  2184 D SignalClusterView: wifi: VISIBLE sig=2130840454
08-24 11:40:32.457  2184  2184 D SignalClusterView: vpn: GONE
08-24 11:40:32.458  2184  2184 D WifiTile: onWifiSignalChanged enabled=true
08-24 11:40:32.458  2184  2184 D WifiTile: setWifiIndicatorsExt enabling=false disabling=false  currentIntermediate == false
08-24 11:40:34.150  1368  2036 D AlarmManager: set alarm to RTC 2-238920773-11:45:19
08-24 11:40:34.151  1368  2036 D AlarmManager: set alarm to RTC 3-238661730-11:41:00
08-24 11:40:34.151  1368  2036 V AlarmManager: sending alarm Alarm{72eca79 type 2 when 238635880 11:40:34 android}
08-24 11:40:34.152  1368  2036 I BatteryStatsImpl: start #0: mUpdateTime=232223925000 mTotalTime=765499 mCount=56 mAcquireTime=-1
08-24 11:40:34.152  1368  2036 I BatteryStatsImpl: start #0: mUpdateTime=232223925000 mTotalTime=890000 mCount=56 mAcquireTime=-1
08-24 11:40:34.152  1368  2036 I BatteryStatsImpl: start #20: mUpdateTime=232223925000 mTotalTime=8853000 mCount=187 mAcquireTime=-1
08-24 11:40:34.152  1368  2036 I BatteryStatsImpl: start #20: mUpdateTime=232223925000 mTotalTime=8808000 mCount=185 mAcquireTime=-1
08-24 11:40:34.154  1368  1368 I AppOpsManager: checkPackage packageName equals OpPackageName, packageName = android, calling uid = 1000, my uid = 1000
08-24 11:40:34.156  1368  1368 V AlarmManager: setImplLocked:Alarm{c8defea type 2 when 238657012 11:40:55 android}
08-24 11:40:34.157  1368  1368 D AlarmManager: set alarm to RTC 2-238657012-11:40:55
08-24 11:40:34.158  1368  1368 I BatteryStatsImpl: stop #0: mUpdateTime=232223925000 mTotalTime=765499 mCount=56 mAcquireTime=-1
08-24 11:40:34.158  1368  1368 I BatteryStatsImpl: stop #0: mUpdateTime=232223925000 mTotalTime=890000 mCount=56 mAcquireTime=-1
08-24 11:40:34.158  1368  1368 I BatteryStatsImpl: stop #20: mUpdateTime=232223925000 mTotalTime=8853000 mCount=187 mAcquireTime=-1
08-24 11:40:34.158  1368  1368 I BatteryStatsImpl: stop #20: mUpdateTime=232223925000 mTotalTime=8808000 mCount=185 mAcquireTime=-1
08-24 11:40:34.159  1368  1368 W ActivityManager: Invalid packageName ( not common app ) :android
08-24 11:40:34.159  1368  1368 V freeze  : Job package name + android isFrozen = false
08-24 11:40:34.160  1368  1368 V ActivityManager: ComponentInfo{android/com.android.server.content.SyncJobService}
08-24 11:40:34.160  1368  1368 V ActivityManager:  freeze=false, pid=1368
08-24 11:40:34.160  1368  1368 I BatteryStatsImpl: start #14: mUpdateTime=234419682000 mTotalTime=8855000 mCount=138 mAcquireTime=-1
08-24 11:40:34.160  1368  1368 I BatteryStatsImpl: start #14: mUpdateTime=234419682000 mTotalTime=8629000 mCount=134 mAcquireTime=-1
08-24 11:40:34.161  1368  1368 I BatteryStatsImpl: start #0: mUpdateTime=232223925000 mTotalTime=3946505 mCount=121 mAcquireTime=-1
08-24 11:40:34.161  1368  1368 I BatteryStatsImpl: start #0: mUpdateTime=232223925000 mTotalTime=7803000 mCount=120 mAcquireTime=-1
08-24 11:40:34.161  1368  1368 I BatteryStatsImpl: start #20: mUpdateTime=232223925000 mTotalTime=8853000 mCount=187 mAcquireTime=-1
08-24 11:40:34.162  1368  1368 I BatteryStatsImpl: start #20: mUpdateTime=232223925000 mTotalTime=8808000 mCount=185 mAcquireTime=-1
08-24 11:40:34.163  1368  1406 I BatteryStatsImpl: start #0: mUpdateTime=232223925000 mTotalTime=1193061 mCount=127 mAcquireTime=-1
08-24 11:40:34.163  1368  1406 I BatteryStatsImpl: start #0: mUpdateTime=0 mTotalTime=0 mCount=0 mAcquireTime=-1
08-24 11:40:34.163  1368  1406 I BatteryStatsImpl: start #20: mUpdateTime=232223925000 mTotalTime=953903000 mCount=3669 mAcquireTime=-1
08-24 11:40:34.163  1368  1406 I BatteryStatsImpl: start #20: mUpdateTime=0 mTotalTime=0 mCount=0 mAcquireTime=-1
08-24 11:40:34.168  1368  1406 I BatteryStatsImpl: start #0: mUpdateTime=232223925000 mTotalTime=484584 mCount=121 mAcquireTime=-1
08-24 11:40:34.168  1368  1406 I BatteryStatsImpl: start #0: mUpdateTime=232223925000 mTotalTime=1770000 mCount=120 mAcquireTime=-1
08-24 11:40:34.179  1368  1406 I Interception: third procedure runType: retrieve_service caller:  callee: com.ss.android.ugc.aweme fg: false processName: com.ss.android.ugc.aweme:push calleeCalss: com.bytedance.ies.common.push.account.AccountSyncService intent: Intent { act=android.content.SyncAdapter cmp=com.ss.android.ugc.aweme/com.bytedance.ies.common.push.account.AccountSyncService }
08-24 11:40:34.179  1368  1406 D Interception: V4 isInterceptByRule realCallingPid: -1 isMatch: false, runType===retrieve_service|||callerPkg===*|||calleePkg===com.ss.android.ugc.aweme|||calleeClass===com.bytedance.ies.common.push.account.AccountSyncService|||processName===com.ss.android.ugc.aweme:push|||action===android.content.SyncAdapter|||data===*|||extras===*|||interaction===bg|||intercept result===0
08-24 11:40:34.179  1368  1406 W Interception: Link isInterceptAsUsual, caller  call com.ss.android.ugc.aweme interception default intercept as true!
08-24 11:40:34.179  1368  1406 W Interception: reason:6)finally, intercept as usual, interception = true  details<<runType:retrieve_service isFgAction:false callerPkg: calleePkg:com.ss.android.ugc.aweme processName:com.ss.android.ugc.aweme:push Intent { act=android.content.SyncAdapter cmp=com.ss.android.ugc.aweme/com.bytedance.ies.common.push.account.AccountSyncService }>>
08-24 11:40:34.180  1368  1406 E SyncManager: Bind attempt failed - target: ComponentInfo{com.ss.android.ugc.aweme/com.bytedance.ies.common.push.account.AccountSyncService}
08-24 11:40:34.180  1368  1406 I BatteryStatsImpl: stop #0: mUpdateTime=232223925000 mTotalTime=484584 mCount=121 mAcquireTime=-1
08-24 11:40:34.180  1368  1406 I BatteryStatsImpl: stop #0: mUpdateTime=232223925000 mTotalTime=1770000 mCount=120 mAcquireTime=-1
08-24 11:40:34.180  1368  1406 I BatteryStatsImpl: stop #0: mUpdateTime=232223925000 mTotalTime=1193061 mCount=127 mAcquireTime=-1
08-24 11:40:34.180  1368  1406 I BatteryStatsImpl: stop #0: mUpdateTime=0 mTotalTime=0 mCount=0 mAcquireTime=-1
08-24 11:40:34.180  1368  1406 I BatteryStatsImpl: stop #20: mUpdateTime=232223925000 mTotalTime=953903000 mCount=3669 mAcquireTime=-1
08-24 11:40:34.181  1368  1406 I BatteryStatsImpl: stop #20: mUpdateTime=0 mTotalTime=0 mCount=0 mAcquireTime=-1
08-24 11:40:34.181  1368  1368 I BatteryStatsImpl: stop #14: mUpdateTime=234419682000 mTotalTime=8855000 mCount=138 mAcquireTime=-1
08-24 11:40:34.181  1368  1368 I BatteryStatsImpl: stop #14: mUpdateTime=234419682000 mTotalTime=8629000 mCount=134 mAcquireTime=-1
08-24 11:40:34.181  1368  1368 I BatteryStatsImpl: stop #0: mUpdateTime=232223925000 mTotalTime=3946505 mCount=121 mAcquireTime=-1
08-24 11:40:34.181  1368  1368 I BatteryStatsImpl: stop #0: mUpdateTime=232223925000 mTotalTime=7803000 mCount=120 mAcquireTime=-1
08-24 11:40:34.181  1368  1368 I BatteryStatsImpl: stop #20: mUpdateTime=232223925000 mTotalTime=8853000 mCount=187 mAcquireTime=-1
08-24 11:40:34.181  1368  1368 I BatteryStatsImpl: stop #20: mUpdateTime=232223925000 mTotalTime=8808000 mCount=185 mAcquireTime=-1
08-24 11:40:34.186  1368  1368 I AppOpsManager: checkPackage packageName equals OpPackageName, packageName = android, calling uid = 1000, my uid = 1000
08-24 11:40:34.189  1368  1368 V AlarmManager: setImplLocked:Alarm{15320b6 type 2 when 238657012 11:40:55 android}
08-24 11:40:34.190  1368  1368 V AlarmManager: setImplLocked:Alarm{72091b7 type 2 when 238972026 11:46:10 android}
08-24 11:40:34.189  1368  1368 I AppOpsManager: checkPackage packageName equals OpPackageName, packageName = android, calling uid = 1000, my uid = 1000
08-24 11:40:34.438  2184  2184 D WifiSignalController: setActivity activityIn=true,activityOut=false
08-24 11:40:34.440  2184  2184 D NetworkController.WifiSignalController: Change in state from: connected=true,enabled=true,level=4,inetCondition=1,iconGroup=IconGroup(Wi-Fi Icons),activityIn=true,activityOut=true,rssi=-37,networkType=null,lastModified=08-24 11:40:32,ssid="ZOOKING",enabling=false,disabling=false,connecting=false
08-24 11:40:34.440  2184  2184 D NetworkController.WifiSignalController: 	to: connected=true,enabled=true,level=4,inetCondition=1,iconGroup=IconGroup(Wi-Fi Icons),activityIn=true,activityOut=false,rssi=-37,networkType=null,lastModified=08-24 11:40:32,ssid="ZOOKING",enabling=false,disabling=false,connecting=false
08-24 11:40:34.440  2184  2184 D NetworkController.WifiSignalController: isWifiConnect is true
08-24 11:40:34.455  2184  2184 D SignalClusterView: ethernet: GONE
08-24 11:40:34.457  2184  2184 D SignalClusterView: wifi: VISIBLE sig=2130840453
08-24 11:40:34.457  2184  2184 D SignalClusterView: vpn: GONE
08-24 11:40:34.457  2184  2184 D SignalClusterView: ethernet: GONE
08-24 11:40:34.458  2184  2184 D SignalClusterView: wifi: VISIBLE sig=2130840453
08-24 11:40:34.458  2184  2184 D SignalClusterView: vpn: GONE
08-24 11:40:34.459  2184  2184 D WifiTile: onWifiSignalChanged enabled=true
08-24 11:40:34.459  2184  2184 D WifiTile: setWifiIndicatorsExt enabling=false disabling=false  currentIntermediate == false
08-24 11:40:34.970  6820  6847 D WorkingState: updateProcessList: type = 2 uid = 10011
08-24 11:40:34.971  6820  6847 D ProcessList: setWorkingState com.meizu.customizecenter:ad_wallpaper uid=10011 pid=4482 state=0x0
08-24 11:40:34.971  6820  6847 D ProcessList: setWorkingState com.meizu.customizecenter:gameres uid=10011 pid=28885 state=0x0
08-24 11:40:34.971  6820  6847 D ProcessList: setWorkingState com.meizu.customizecenter:zkgame uid=10011 pid=8721 state=0x1
08-24 11:40:34.972  6820  6847 D ProcessList: setWorkingState com.android.webview:sandboxed_process0 uid=10011 pid=8879 state=0x0
08-24 11:40:34.972  6820  6847 D ProcessList: setWorkingState com.android.webview:sandboxed_process1 uid=10011 pid=10485 state=0x0
08-24 11:40:34.972  6820  6847 D ProcessList: setWorkingState com.meizu.customizecenter uid=10011 pid=14572 state=0x0
08-24 11:40:34.974  6820  6854 D AppStateManager: onWorkingStateChange: args = 10011 state = 4 mCurrentSystemState = 101
08-24 11:40:34.974  6820  6854 D AppStateManager: onBackgroundProcByUid: uid = 10011
08-24 11:40:35.399  1368  2060 D WifiStateMachine: mLastSignalLevel:3, newSignalLevel:3
08-24 11:40:35.442  2184  2184 D WifiSignalController: setActivity activityIn=true,activityOut=true
08-24 11:40:35.443  2184  2184 D NetworkController.WifiSignalController: Change in state from: connected=true,enabled=true,level=4,inetCondition=1,iconGroup=IconGroup(Wi-Fi Icons),activityIn=true,activityOut=false,rssi=-37,networkType=null,lastModified=08-24 11:40:34,ssid="ZOOKING",enabling=false,disabling=false,connecting=false
08-24 11:40:35.443  2184  2184 D NetworkController.WifiSignalController: 	to: connected=true,enabled=true,level=4,inetCondition=1,iconGroup=IconGroup(Wi-Fi Icons),activityIn=true,activityOut=true,rssi=-37,networkType=null,lastModified=08-24 11:40:34,ssid="ZOOKING",enabling=false,disabling=false,connecting=false
08-24 11:40:35.444  2184  2184 D NetworkController.WifiSignalController: isWifiConnect is true
08-24 11:40:35.458  2184  2184 D SignalClusterView: ethernet: GONE
08-24 11:40:35.460  2184  2184 D SignalClusterView: wifi: VISIBLE sig=2130840454
08-24 11:40:35.460  2184  2184 D SignalClusterView: vpn: GONE
08-24 11:40:35.460  2184  2184 D SignalClusterView: ethernet: GONE
08-24 11:40:35.461  2184  2184 D SignalClusterView: wifi: VISIBLE sig=2130840454
08-24 11:40:35.462  2184  2184 D SignalClusterView: vpn: GONE
08-24 11:40:35.462  2184  2184 D WifiTile: onWifiSignalChanged enabled=true
08-24 11:40:35.462  2184  2184 D WifiTile: setWifiIndicatorsExt enabling=false disabling=false  currentIntermediate == false
08-24 11:40:36.444  2184  2184 D WifiSignalController: setActivity activityIn=true,activityOut=false
