08-24 11:40:47.102 28885 28885 I GAdLogger: GAdService.GameAdService:handleMessage 1598240395889 { when=0 what=103 arg1=5 target=com.zookingsoft.impl.GameAdServiceImpl$ServiceHandler }
08-24 11:40:47.102   946  1136 V APM_AudioPolicyManager: selectOutputForMusicEffects selected output 13
08-24 11:40:47.102  1368  8370 D Telecom : Logging: START_SESSION
08-24 11:40:47.102   946  1136 V APM_AudioPolicyManager: getNewOutputDevice() selected device 2
08-24 11:40:47.102   946  1136 V APM_AudioPolicyManager: setOutputDevice() device 0002 delayMs 0
08-24 11:40:47.102 28885 28885 E statsdk : onResume
08-24 11:40:47.102   946  1136 V APM_AudioPolicyManager: setOutputDevice() prevDevice 0x0002
08-24 11:40:47.102 28885 28885 E statsdk : onResume,mEngineInitialized=true,mCallResumeCount=1
08-24 11:40:47.102  1368  8370 V Telecom : Logging: END_SUBSESSION (dur: 0 mS): TSI.getCallState@B98
08-24 11:40:47.102  1368  8370 D Telecom : Logging: END_SESSION (dur: 0 ms): TSI.getCallState@B98
08-24 11:40:47.102   946  1136 V APM_AudioPolicyManager: setOutputDevice() setting same device 0x0002 or null device
08-24 11:40:47.102   946  1136 V AudioPolicyManagerCustom: checkOutputForStrategy(): policy related outputs
08-24 11:40:47.102  2184  2184 D PhoneStatusBar: postUri /storage/emulated/0/Android/obb/.VariedWallpaper/103730.jpg
08-24 11:40:47.103  2184  2184 D KeyguardMusicController: onShowKeyguard
08-24 11:40:47.103  2184  2184 D KeyguardMusicRemoteController: isMeizuMusic remoteClientPackage = com.meizu.media.music
08-24 11:40:47.103  2184  2184 D KeyguardMusicRemoteController: resetCurrentPosition mCurrentPosition = -1
08-24 11:40:47.103  2184  2184 D KeyguardMusicRemoteController: isMeizuMusic remoteClientPackage = com.meizu.media.music
08-24 11:40:47.103 15674 15695 D AudioTrack: AudioTrackThread::resume
08-24 11:40:47.103  2184  2184 D KeyguardMusicController: isMusicPlaying 0
08-24 11:40:47.103  2184  2184 D KeyguardMusicController: isMusicPlaying 0
08-24 11:40:47.103  2184  2184 D KeyguardMusicController: bindMusicSupportService mBindSupportService = false,music playing false
08-24 11:40:47.103  2184  2184 D KeyguardMusicController: isMusicPlaying 0
08-24 11:40:47.103  2184  2184 D KeyguardMusicView: KeyguardMusicView onShowKeyguard
08-24 11:40:47.103  2184  2184 V KeyguardMusicView: updatePlayPauseState(), old=0, state=0
08-24 11:40:47.103   946  1346 D AudioFlinger: acquireWakeLock_l() AudioOut_15 status 0
08-24 11:40:47.103   946  1346 D AudioFlinger: updateWakeLockUidsPids_l: uids[0] = 10104, pids[0] = 15674
08-24 11:40:47.104  2184  2184 D KeyguardMusicView: prepareLyricContent , can construct lrcContent 
08-24 11:40:47.104   946  1346 D AudioFlinger: updateWakeLockUidsPids_l AudioOut_15 status 0
08-24 11:40:47.104  2184  2184 D KeyguardMusicView: setLrcContent mLrcList = []
08-24 11:40:47.104 15674 15731 D AudioTrack: start(): 0xe043f280, mState = 0, mClientPid 15674
08-24 11:40:47.104 15674 15731 D AudioTrack: start(): 0xe043f280, mState = 0, mClientPid 15674
08-24 11:40:47.104  1368  8370 I BatteryStatsImpl: start #0: mUpdateTime=232223925000 mTotalTime=527667300 mCount=361 mAcquireTime=-1
08-24 11:40:47.104  1368  8370 I BatteryStatsImpl: start #0: mUpdateTime=232223925000 mTotalTime=611271000 mCount=361 mAcquireTime=-1
08-24 11:40:47.104   969  1131 I OMX-VDEC-1080P: omx_vdec::component_deinit() complete
08-24 11:40:47.104   561   561 D audio_hw_spkr_prot: audio_extn_fbsp_get_parameters: Speaker protection disabled
08-24 11:40:47.105   561   561 D audio_hw_extn: audio_extn_get_parameters: returns 
08-24 11:40:47.104  2184  2184 D KeyguardMusicController: requestLyric ...
08-24 11:40:47.105  1368  8370 I BatteryStatsImpl: stop #0: mUpdateTime=232223925000 mTotalTime=527667300 mCount=361 mAcquireTime=-1
08-24 11:40:47.105  1368  8370 I BatteryStatsImpl: stop #0: mUpdateTime=232223925000 mTotalTime=611271000 mCount=361 mAcquireTime=-1
08-24 11:40:47.105  2184  2184 D KeyguardMusicRemoteController: isMeizuMusic remoteClientPackage = com.meizu.media.music
08-24 11:40:47.105  1368  8370 I BatteryStatsImpl: start #0: mUpdateTime=232223925000 mTotalTime=56332 mCount=0 mAcquireTime=-1
08-24 11:40:47.105  1368  8370 I BatteryStatsImpl: start #0: mUpdateTime=232175413000 mTotalTime=0 mCount=0 mAcquireTime=-1
08-24 11:40:47.105  1368  8370 I BatteryStatsImpl: start #20: mUpdateTime=232223925000 mTotalTime=280000 mCount=1 mAcquireTime=-1
08-24 11:40:47.105  1368  8370 I BatteryStatsImpl: start #20: mUpdateTime=232175413000 mTotalTime=6000 mCount=1 mAcquireTime=-1
08-24 11:40:47.105  1368 12843 I BatteryStatsImpl: start #-7: mUpdateTime=234419682000 mTotalTime=962020000 mCount=262 mAcquireTime=-1
08-24 11:40:47.105  1368 12843 I BatteryStatsImpl: start #15: mUpdateTime=234419682000 mTotalTime=1558296499 mCount=165 mAcquireTime=-1
08-24 11:40:47.105   946  1143 I hash_map_utils: key: 'is_hw_dec_session_available' value: 'audio/mpeg'
08-24 11:40:47.105  2184  2184 I KeyguardMusicController: version code is 8000011
08-24 11:40:47.106  2184  2184 D KeyguardMusicRemoteController: isMeizuMusic remoteClientPackage = com.meizu.media.music
08-24 11:40:47.106   561  5909 D audio_hw_primary: start_output_stream: enter: stream(0xeaa0d000)usecase(12: audio-ull-playback) devices(0x2)
08-24 11:40:47.106  2184  2184 I KeyguardMusicController: version code is 8000011
08-24 11:40:47.107  2184  2184 D KeyguardMusicView: mMusicController.getDuration() = -1
08-24 11:40:47.107  2184  2184 D KeyguardUpdateMonitor: BootCompletetime:0
08-24 11:40:47.107   561  5909 D audio_hw_primary: select_devices for use case (audio-ull-playback)
08-24 11:40:47.107   561  5909 D audio_hw_primary: select_devices: out_snd_device(2: speaker) in_snd_device(0: )
08-24 11:40:47.107   561  5909 I msm8916_platform: platform_check_and_set_codec_backend_cfg:becf: afe: bitwidth 16, samplerate 48000 channels 2, backend_idx 0 usecase = 12 device (speaker)
08-24 11:40:47.107   561  5909 D msm8916_platform: platform_split_snd_device: snd_device(2) num devices(1) new_snd_devices(0)
08-24 11:40:47.107   561  5909 I msm8916_platform: platform_check_and_set_codec_backend_cfg: becf: new_snd_devices[0] is speaker
08-24 11:40:47.107   561  5909 I msm8916_platform: platform_check_codec_backend_cfg:becf: afe: Codec selected backend: 0 current bit width: 16 sample rate: 48000 channels: 2 usecase 12 device (speaker)
08-24 11:40:47.107   561  5909 D msm8916_platform: platform_check_codec_backend_cfg:becf: afe: playback on codec device not supporting native playback set default Sample Rate(48k)
08-24 11:40:47.107   561  5909 D msm8916_platform: platform_check_codec_backend_cfg:becf: afe: only 48KHZ sample rate is supported Configure afe to default Sample Rate(48k)
08-24 11:40:47.107   561  5909 I msm8916_platform: platform_check_codec_backend_cfg:becf: afe: Codec selected backend: 0 updated bit width: 16 sample rate: 48000 channels: 2
08-24 11:40:47.107   561  5909 D audio_hw_primary: check_usecases_codec_backend:becf: force routing 0
08-24 11:40:47.107  1368  3433 D DeviceStateService: doCheckState handle=3
08-24 11:40:47.107   561  5909 E msm8916_platform: platform_check_backends_match: Invalid snd_device = 
08-24 11:40:47.107   561  5909 D audio_hw_primary: check_usecases_codec_backend:becf: (62) check_usecases curr device: speaker, usecase device: backends match 0
08-24 11:40:47.107   561  5909 D audio_hw_primary: check_usecases_codec_backend:becf: check_usecases num.of Usecases to switch 0
08-24 11:40:47.107   561  5909 E audio_hw_primary: enable_snd_device: hw.messagerecord.state 
08-24 11:40:47.107   561  5909 D hardware_info: hw_info_append_hw_type : device_name = speaker
08-24 11:40:47.107   561  5909 D msm8916_platform: platform_split_snd_device: snd_device(2) num devices(0) new_snd_devices(0)
08-24 11:40:47.107   561  5909 D audio_hw_primary: enable_snd_device: snd_device(2: speaker)
08-24 11:40:47.107   561  5909 D audio_route: Apply path: speaker
08-24 11:40:47.107   964 15735 D AudioTrack: start(): 0xe4208380, mState = 2, mClientPid 15674
08-24 11:40:47.108   946 23438 D AudioFlinger: [RAMP_DEBUG] applyRampCount: mNeedsRampCount = 0, rampCount = 3
08-24 11:40:47.108 28725 15589 D AppLocker: isSameApp: 10012/10085
08-24 11:40:47.109   946  1136 V APM_AudioPolicyManager: startOutput() output 29, stream 3, session 3161
08-24 11:40:47.109   946  1136 V APM_AudioPolicyManager: selectOutputForMusicEffects activeOnly 1 outputs[1] flags 0x00000104
08-24 11:40:47.109   946  1136 V APM_AudioPolicyManager: selectOutputForMusicEffects activeOnly 1 outputs[2] flags 0x00000008
08-24 11:40:47.109   946  1136 W AudioFlinger: moveEffectChain_l() effect chain for session 0 not on source thread 0xf3c03d00
08-24 11:40:47.109   946  1136 V APM_AudioPolicyManager: selectOutputForMusicEffects selected output 29
08-24 11:40:47.109   946  1136 V APM_AudioPolicyManager: getNewOutputDevice() selected device 2
08-24 11:40:47.109   946  1136 V APM_AudioPolicyManager: setOutputDevice() device 0002 delayMs 0
08-24 11:40:47.109   946  1136 V APM_AudioPolicyManager: setOutputDevice() prevDevice 0x0002
08-24 11:40:47.109   946  1136 V APM_AudioPolicyManager: setOutputDevice() setting same device 0x0002 or null device
08-24 11:40:47.110   946  1136 V AudioPolicyManagerCustom: checkOutputForStrategy(): policy related outputs
08-24 11:40:47.110 28725 15589 D matchType %s: content://com.meizu.familyguard.provider.BreakingScamContentProvider/breakingscam_status
08-24 11:40:47.110   946 23438 D AudioFlinger: sampleRate 24000, state 5
08-24 11:40:47.110   946 23438 D AudioFlinger: [GJ_DEBUG] sampleRate 44100 | 48000 | 1 | 0xf2c71380
08-24 11:40:47.110   969  1131 I OMX-VDEC-1080P: Exit OMX vdec Destructor: fd=8
08-24 11:40:47.111   969  1131 I OMX-VDEC-1080P: Video slvp perflock released
08-24 11:40:47.111 28725 15589 D FamilyGuardProvider:  createQueryProcessor type= 1000
08-24 11:40:47.111 28725 15589 I StatusQueryProcessor: ### query provider %scontent://com.meizu.familyguard.provider.BreakingScamContentProvider/breakingscam_status
08-24 11:40:47.111   964 15735 W audio_utils_proc: fopen fail, Permission denied
08-24 11:40:47.111   964 15733 D NuPlayerDriver: notifyListener_l(0xe46c1e70), (6, 0, 0, -1), loop setting(0, 1)
08-24 11:40:47.099   964   964 W NuPlayerRendere: type=1400 audit(0.0:52673): avc: denied { search } for name="15674" dev="proc" ino=2941353 scontext=u:r:mediaserver:s0 tcontext=u:r:untrusted_app:s0:c512,c768 tclass=dir permissive=0
08-24 11:40:47.111   946  1347 D AudioFlinger: updateWakeLockUidsPids_l: uids[0] = 10104, pids[0] = 15674
08-24 11:40:47.111   946  1347 D AudioFlinger: updateWakeLockUidsPids_l AudioOut_1D status 0
08-24 11:40:47.111  1368 21356 I BatteryStatsImpl: stop #0: mUpdateTime=232223925000 mTotalTime=77998717 mCount=24 mAcquireTime=-1
08-24 11:40:47.111  1368 21356 I BatteryStatsImpl: stop #0: mUpdateTime=232223925000 mTotalTime=147431000 mCount=24 mAcquireTime=-1
08-24 11:40:47.111  1368 21356 I BatteryStatsImpl: stop #20: mUpdateTime=232223925000 mTotalTime=631445000 mCount=362 mAcquireTime=-1
08-24 11:40:47.111  1368 21356 I BatteryStatsImpl: stop #20: mUpdateTime=232223925000 mTotalTime=631445000 mCount=362 mAcquireTime=-1
08-24 11:40:47.111  1368 21356 I BatteryStatsImpl: start #0: mUpdateTime=232223925000 mTotalTime=121332 mCount=0 mAcquireTime=-1
08-24 11:40:47.111  1368 21356 I BatteryStatsImpl: start #0: mUpdateTime=232175413000 mTotalTime=0 mCount=0 mAcquireTime=-1
08-24 11:40:47.113   964 15771 D SurfaceUtils: disconnecting from surface 0xe31ae808, reason disconnectFromSurface
08-24 11:40:47.114  6820  6835 D WorkingState: handleList: oriList : []
08-24 11:40:47.114  6820  6835 D WorkingState: currentList : [15674]
08-24 11:40:47.114  6820  6835 D WorkingState: addList: [15674]
08-24 11:40:47.114  6820  6835 D WorkingState: removeList : []
08-24 11:40:47.114  6820  6835 D WorkingState: mCurrentAudioMixs : {8721=AudioBase{args=8721, timeStap=238581916}}
08-24 11:40:47.116   561  5909 D audio_hw_utils: audio_extn_utils_send_app_type_cfg: usecase->out_snd_device speaker
08-24 11:40:47.116   561  5909 D msm8916_platform: platform_split_snd_device: snd_device(2) num devices(0) new_snd_devices(0)
08-24 11:40:47.116  1368 12843 I BatteryStatsImpl: stop #-8: mUpdateTime=234419682000 mTotalTime=420447000 mCount=46 mAcquireTime=-1
08-24 11:40:47.116   561  5909 I audio_hw_utils: ULL doesnt need sending app type cfg, returning
08-24 11:40:47.116  1368 12843 I BatteryStatsImpl: stop #8: mUpdateTime=234419682000 mTotalTime=488632500 mCount=81 mAcquireTime=-1
08-24 11:40:47.116   561  5909 D msm8916_platform: platform_split_snd_device: snd_device(2) num devices(1) new_snd_devices(0)
08-24 11:40:47.116   561  5909 D ACDB-LOADER: ACDB -> send_audio_cal, acdb_id = 14, path = 0, app id = 0x11131, sample rate = 48000
08-24 11:40:47.116   561  5909 D ACDB-LOADER: ACDB -> send_asm_topology
08-24 11:40:47.116   561  5909 D ACDB-LOADER: ACDB -> ACDB_CMD_GET_AUDPROC_STREAM_TOPOLOGY_ID
08-24 11:40:47.116   561  5909 D ACDB-LOADER: ACDB -> send_adm_topology
08-24 11:40:47.117   561  5909 D ACDB-LOADER: ACDB -> ACDB_CMD_GET_AUDPROC_COMMON_TOPOLOGY_ID
08-24 11:40:47.117   561  5909 D ACDB-LOADER: ACDB -> send_audtable
08-24 11:40:47.117   561  5909 D ACDB-LOADER: ACDB -> ACDB_CMD_GET_AUDPROC_COMMON_TABLE_SIZE
08-24 11:40:47.117   561  5909 D ACDB-LOADER: ACDB -> ACDB_CMD_GET_AUDPROC_COMMON_TABLE
08-24 11:40:47.117   561  5909 D ACDB-LOADER: ACDB -> AUDIO_SET_AUDPROC_CAL
08-24 11:40:47.117   561  5909 D ACDB-LOADER: ACDB -> send_audvoltable
08-24 11:40:47.117   561  5909 D ACDB-LOADER: ACDB -> ACDB_CMD_GET_AUDPROC_VOL_STEP_TABLE_SIZE
08-24 11:40:47.117   561  5909 D ACDB-LOADER: ACDB -> ACDB_CMD_GET_AUDPROC_GAIN_DEP_STEP_TABLE, vol index 0
08-24 11:40:47.117   561  5909 D ACDB-LOADER: ACDB -> AUDIO_SET_VOL_CAL cal type = 12
08-24 11:40:47.117   561  5909 D ACDB-LOADER: ACDB -> ACDB_CMD_GET_AUDPROC_STREAM_TABLE_SIZE
08-24 11:40:47.117   561  5909 D ACDB-LOADER: ACDB -> send_audstrmtable
08-24 11:40:47.117   561  5909 D ACDB-LOADER: ACDB -> ACDB_CMD_GET_AUDPROC_STREAM_TABLE_V2
08-24 11:40:47.117   561  5909 D ACDB-LOADER: ACDB -> audstrm_cal->cal_type.cal_data.cal_size = 16
08-24 11:40:47.117   561  5909 D ACDB-LOADER: ACDB -> send_afe_topology
08-24 11:40:47.117   561  5909 D ACDB-LOADER: ACDB -> ACDB_CMD_GET_AFE_TOPOLOGY_ID
08-24 11:40:47.117   561  5909 D ACDB-LOADER: ACDB -> GET_AFE_TOPOLOGY_ID for adcd_id 14, Topology Id 112fc
08-24 11:40:47.117   561  5909 D ACDB-LOADER: ACDB -> send_afe_cal
08-24 11:40:47.117   561  5909 D ACDB-LOADER: ACDB -> ACDB_CMD_GET_AFE_COMMON_TABLE_SIZE
08-24 11:40:47.117   561  5909 D         : Failed to fetch the lookup information of the device 0000000E 
08-24 11:40:47.117   561  5909 E ACDB-LOADER: Error: ACDB_CMD_GET_AFE_COMMON_TABLE_SIZE Returned = -19
08-24 11:40:47.117   561  5909 D ACDB-LOADER: ACDB -> ACDB_CMD_GET_AFE_COMMON_TABLE
08-24 11:40:47.117   561  5909 D         : Failed to fetch the lookup information of the device 0000000E 
08-24 11:40:47.117   561  5909 E ACDB-LOADER: Error: ACDB AFE returned = -19
08-24 11:40:47.118   561  5909 D ACDB-LOADER: ACDB -> AUDIO_SET_AFE_CAL
08-24 11:40:47.118   561  5909 D ACDB-LOADER: ACDB -> send_hw_delay : acdb_id = 14 path = 0
08-24 11:40:47.118   561  5909 D ACDB-LOADER: ACDB -> ACDB_AVSYNC_INFO: ACDB_CMD_GET_DEVICE_PROPERTY
08-24 11:40:47.118   561  5909 D audio_hw_primary: enable_audio_route: apply mixer and update path: audio-ull-playback
08-24 11:40:47.118   561  5909 D audio_route: Apply path: audio-ull-playback
08-24 11:40:47.120   561  5909 D audio_hw_primary: select_devices: done
08-24 11:40:47.120   561  5909 D audio_hw_primary: [FLYME_KARAOKE] start_output_stream: (0 |4), period_size = 192, rate = 48000
08-24 11:40:47.120   964 15770 D SurfaceUtils: connecting to surface 0xe31ae808, reason onShutdown
08-24 11:40:47.109  8721  8721 W Binder:8721_1: type=1400 audit(0.0:52674): avc: denied { search } for name="964" dev="proc" ino=1315303 scontext=u:r:platform_app:s0:c512,c768 tcontext=u:r:mediaserver:s0 tclass=dir permissive=0
08-24 11:40:47.122  8721  8735 D BufferQueueProducer: [SurfaceTexture-0-8721-14](this:0xc7fe0400,id:14,api:3,p:964,c:8721) connect(P): api=3 producer=(964:???) producerControlledByApp=true
08-24 11:40:47.124   561  5909 D msm8916_platform: platform_set_channel_map mixer_ctl_name:Playback Channel Map4
08-24 11:40:47.124  2598  2598 W recents.Component: create a new LoadPlan to load thumbnail -- background
08-24 11:40:47.125   561  5909 D msm8916_platform: platform_set_channel_map: set mapping(1 2 0 0 0 0 0 0) for channel:2
08-24 11:40:47.126   964 15767 D AudioTrack: ~AudioTrack(): 0xe420a680
08-24 11:40:47.126   964 15767 D AudioTrack: stop(): 0xe420a680, mState = 4
08-24 11:40:47.127   946  1136 V APM_AudioPolicyManager: releaseOutput() 29
08-24 11:40:47.130   964 15761 D NuPlayerDriver: notifyResetComplete(0xe46c1cb0)
08-24 11:40:47.131   964 10517 D NuPlayerDriver: reset(0xe46c1cb0) at state 0
08-24 11:40:47.131   964 10517 D SurfaceUtils: disconnecting from surface 0xe31c9008, reason disconnectNativeWindow
08-24 11:40:47.132  8721  8721 V MediaPlayer: resetDrmState:  mDrmInfo=null mDrmProvisioningThread=null mPrepareDrmInProgress=false mActiveDrmScheme=false
08-24 11:40:47.132  8721  8721 V MediaPlayer: cleanDrmObj: mDrmObj=null mDrmSessionId=null
08-24 11:40:47.134  8721  8721 V MediaPlayer: resetDrmState:  mDrmInfo=null mDrmProvisioningThread=null mPrepareDrmInProgress=false mActiveDrmScheme=false
08-24 11:40:47.134  8721  8721 V MediaPlayer: cleanDrmObj: mDrmObj=null mDrmSessionId=null
08-24 11:40:47.137  8721  8721 I TQad    : VideoPlayer: onSurfaceTextureDestroyed
08-24 11:40:47.137 28885 28885 I TQad    : AdLandingCtrl: Receive LandingPage destroy
08-24 11:40:47.137 28885 28885 I GAdLogger: Ctrl.AdControl:Landing onDestroy Info{bid='20a8946b45c2d6c72dce73bec88e57ef', ua='null', url='null', closeIntent='null', showWhenLock=1, delayActive=false, ext=null, flags=2, debug=true, adInfo=AdInfo{adId='1153065236250165248', adSrcId='1', adCodeId='48199', adIdFromAdSrc='1153065236250165248', adtype=1}},start=1598240400564,duration=46305
08-24 11:40:47.138 28885 28885 E statsdk : {"adStartTime":1598240400564,"adEndTime":1598240447138,"adDuration":46,"adId":"1153065236250165248","adType":"RewardVideo","action":"lply_alive_time","startTime":"1598240400564","endTime":"1598240447138","duration":"46","msg":"false","version":1,"from":1,"gameName":"消灭怪兽","gameVersion":"1.0","gameId":"9b92b308b04e51430d02f80d4f257709","sessionId":"69a3160233084b63a741b64bc282d847","hostChannel":"FLK_A1006","source":1}
08-24 11:40:47.138 28885 28885 I GAdLogger: Ctrl.AdControl:sendAdDetailShowTimeTrack(), data=AdTrackData{adId='1153065236250165248', adType='RewardVideo', startTime=1598240400564, endTime=1598240447138, duration=46}
08-24 11:40:47.139 28885 28885 I GAdLogger: Ctrl.AdControl:doGameResume
08-24 11:40:47.139 28885 28885 I TQad    : AdTracker: doNotifyEvent 3 1
08-24 11:40:47.140 28885 28885 I TQad    : QAdCtrl: [onStartApk]: tbopen://m.taobao.com/tbopen/index.html?action=ali.open.nav&module=h5&bootImage=0&source=sb&appkey=24585258&smbSid=5KKcF7P%2F0ycCARsm%2Bkhr1lRu_1596530824621&rbbt=bc.mallDetail.6.0.0&params=%7B%22fid%22%3A%22crsFe5NebCD%22%2C%22mtopCostTime%22%3A%2210449%22%2C%22_t%22%3A%221596530835115%22%7D&h5Url=https%3A%2F%2Fdetail.m.tmall.com%2Fitem.htm%3Fid%3D619540031605%26ali_refid%3Da3_430673_1006%253A1155920083%253AN%253AUbNf5k7XDyyFIgWRG3DRsg%253D%253D%253A76fdbfe1251ffb55cd0efc8785566ef8%26ali_trackid%3D1_76fdbfe1251ffb55cd0efc8785566ef8%26spm%3Da231k.13731936.21333857.11%26skuId%3D4545113399226%26point%3D%25257B%252522from%252522%25253A%252522h5%252522%25252C%252522ali_trackid%252522%25253A%2525221_76fdbfe1251ffb55cd0efc8785566ef8%252522%25252C%252522h5_uid%252522%25253A%2525225KKcF7P%25252F0ycCARsm%25252Bkhr1lRu%252522%25252C%252522ap_uri%252522%25253A%252522sb_redirect_auto%252522%25252C%252522page%252522%25253A%252522mallDetail%252522%25252C%252522callType%252522%25253A%252522scheme%252522%25257D
08-24 11:40:47.141 28885  8984 W AdTracker: 
08-24 11:40:47.142 28885 15059 I TQad    : UrlTrack1 : http://ads.vanmatt.com:9902/api/report.do?etype=3&data=lvovyHqTKpklHlApZwyYBvJKxTkI02oaK%2BpWEiI1JX%2FaU94dX1%2Bgq0g30Xa7N9O2bSMiioAmHlOU%2B5FII2lw9gRMYYO0%2FwozsXMJJylbQyWsFphRkNKtHvhIYDwEGKLt0NFnAib7zmHW948SnC6pE0wcT6CNI%2BjW0lXDOCt%2BRBxU7GGw8f4agrZAxSrfJ9LikNUEi1xmDNToVmRlTry8aGF%2BakjhSFjfB4dz4B8EL7Xqs%2BEwR6sqznuOP33hBlL8X3x59i%2BnjPkSXKQVkA21gR%2FVbWPCOGqEU5mQpPb7QumU523gI17%2FIwhZUROhBNjlv5tywqOJkmBoVHzSY%2BCm72Fu0zj5L%2FQLP040SAFTHTu2UIbwCZOm1pU1z4FbxQ4ryDNHSZfL2VXoLTKV9cHQ1cy8tQ9YyoJ656weSD5bIR7aI73c1%2BMY48HcOJJPZjLpgSkSbuuWiGIaE6pkwMlCUQv8LZX4OvO97zj1ZMXVbgwrQbyQ9HuZT9ynJ%2BqTJ2uI6K3HWAfpFSftRXE728PKni%2FBIR5oERlr%2BM%2BjRGD9XFIsRCP5J4Q6pUq5ivEbdYEsJEnmCqfAi35d4hSN17eJU6kg4MH2wmVwI2Cdi%2B%2BuFpafLjH1L943qwFbtKzUHAMrfST879KZOwzQPFn3JeHl2g%3D%3D&ach=_CLKTPEZK_
08-24 11:40:47.147 28885 28885 W GAdLogger: Ctrl.AdControl:showRewardAd onStartApk true tbopen://m.taobao.com/tbopen/index.html?action=ali.open.nav&module=h5&bootImage=0&source=sb&appkey=24585258&smbSid=5KKcF7P%2F0ycCARsm%2Bkhr1lRu_1596530824621&rbbt=bc.mallDetail.6.0.0&params=%7B%22fid%22%3A%22crsFe5NebCD%22%2C%22mtopCostTime%22%3A%2210449%22%2C%22_t%22%3A%221596530835115%22%7D&h5Url=https%3A%2F%2Fdetail.m.tmall.com%2Fitem.htm%3Fid%3D619540031605%26ali_refid%3Da3_430673_1006%253A1155920083%253AN%253AUbNf5k7XDyyFIgWRG3DRsg%253D%253D%253A76fdbfe1251ffb55cd0efc8785566ef8%26ali_trackid%3D1_76fdbfe1251ffb55cd0efc8785566ef8%26spm%3Da231k.13731936.21333857.11%26skuId%3D4545113399226%26point%3D%25257B%252522from%252522%25253A%252522h5%252522%25252C%252522ali_trackid%252522%25253A%2525221_76fdbfe1251ffb55cd0efc8785566ef8%252522%25252C%252522h5_uid%252522%25253A%2525225KKcF7P%25252F0ycCARsm%25252Bkhr1lRu%252522%25252C%252522ap_uri%252522%25253A%252522sb_redirect_auto%252522%25252C%252522page%252522%25253A%252522mallDetail%252522%25252C%252522callType%252522%25253A%252522scheme%252522%25257D
08-24 11:40:47.148 28885 28885 W GAdLogger: Ctrl.AdControl:SEND S2C >> 6 2224 Bundle[{12=tbopen://m.taobao.com/tbopen/index.html?action=ali.open.nav&module=h5&bootImage=0&source=sb&appkey=24585258&smbSid=5KKcF7P%2F0ycCARsm%2Bkhr1lRu_1596530824621&rbbt=bc.mallDetail.6.0.0&params=%7B%22fid%22%3A%22crsFe5NebCD%22%2C%22mtopCostTime%22%3A%2210449%22%2C%22_t%22%3A%221596530835115%22%7D&h5Url=https%3A%2F%2Fdetail.m.tmall.com%2Fitem.htm%3Fid%3D619540031605%26ali_refid%3Da3_430673_1006%253A1155920083%253AN%253AUbNf5k7XDyyFIgWRG3DRsg%253D%253D%253A76fdbfe1251ffb55cd0efc8785566ef8%26ali_trackid%3D1_76fdbfe1251ffb55cd0efc8785566ef8%26spm%3Da231k.13731936.21333857.11%26skuId%3D4545113399226%26point%3D%25257B%252522from%252522%25253A%252522h5%252522%25252C%252522ali_trackid%252522%25253A%2525221_76fdbfe1251ffb55cd0efc8785566ef8%252522%25252C%252522h5_uid%252522%25253A%2525225KKcF7P%25252F0ycCARsm%25252Bkhr1lRu%252522%25252C%252522ap_uri%252522%25253A%252522sb_redirect_auto%252522%25252C%252522page%252522%25253A%252522mallDetail%252522%25252C%252522callType%252522%25253A%252522scheme%252522%25257D, 13=1153065236250165248, 14=101, 16=1, 17=0, 18=0}]
08-24 11:40:47.148 28885 28885 I GAdLogger: GAdService.GameAdService:send command to client 1 false false cmd = 17 6 2224 Bundle[{12=tbopen://m.taobao.com/tbopen/index.html?action=ali.open.nav&module=h5&bootImage=0&source=sb&appkey=24585258&smbSid=5KKcF7P%2F0ycCARsm%2Bkhr1lRu_1596530824621&rbbt=bc.mallDetail.6.0.0&params=%7B%22fid%22%3A%22crsFe5NebCD%22%2C%22mtopCostTime%22%3A%2210449%22%2C%22_t%22%3A%221596530835115%22%7D&h5Url=https%3A%2F%2Fdetail.m.tmall.com%2Fitem.htm%3Fid%3D619540031605%26ali_refid%3Da3_430673_1006%253A1155920083%253AN%253AUbNf5k7XDyyFIgWRG3DRsg%253D%253D%253A76fdbfe1251ffb55cd0efc8785566ef8%26ali_trackid%3D1_76fdbfe1251ffb55cd0efc8785566ef8%26spm%3Da231k.13731936.21333857.11%26skuId%3D4545113399226%26point%3D%25257B%252522from%252522%25253A%252522h5%252522%25252C%252522ali_trackid%252522%25253A%2525221_76fdbfe1251ffb55cd0efc8785566ef8%252522%25252C%252522h5_uid%252522%25253A%2525225KKcF7P%25252F0ycCARsm%25252Bkhr1lRu%252522%25252C%252522ap_uri%252522%25253A%252522sb_redirect_auto%252522%25252C%252522page%252522%25253A%252522mallDetail%252522%25252C%252522callType%252522%25253A%252522scheme%252522%25257D, 13=1153065236250165248, 14=101, 16=1, 17=0, 18=0}]
08-24 11:40:47.156  2598  2598 D recents.Proxy: launchedFromHome = false
08-24 11:40:47.157  1368  8370 I BatteryStatsImpl: stop #0: mUpdateTime=232223925000 mTotalTime=9289579 mCount=117 mAcquireTime=-1
08-24 11:40:47.157  1368  8370 I BatteryStatsImpl: stop #0: mUpdateTime=0 mTotalTime=0 mCount=0 mAcquireTime=-1
08-24 11:40:47.157  1368  8370 I BatteryStatsImpl: stop #20: mUpdateTime=232223925000 mTotalTime=953903000 mCount=3669 mAcquireTime=-1
08-24 11:40:47.157  1368  8370 I BatteryStatsImpl: stop #20: mUpdateTime=0 mTotalTime=0 mCount=0 mAcquireTime=-1
08-24 11:40:47.163  2598  2598 D recents.Proxy: getThumbnail, taskid = 893
08-24 11:40:47.164  1368 21356 D skia    : SkJpegCodec::onGetPixels enter
08-24 11:40:47.166  1368  3433 D DeviceStateService: doCheckLockStateRpmb: the result is: 0
08-24 11:40:47.169  1368  3433 D DeviceStateService: doCheckState handle=4
08-24 11:40:47.176  1368 21356 D skia    : SkJpegCodec::onGetPixels exit
08-24 11:40:47.184  1368  3433 D DeviceStateService: doCheckLockStateRpmb: the result is: 0
08-24 11:40:47.187  2598  2598 I recents.TaskLoadPlan: 		 load thumbnail from system
08-24 11:40:47.187  2598  2598 W recents.Performance: preload while task Change spend : 64
08-24 11:40:47.190  1368  3433 D DeviceStateService: doCheckState handle=3
08-24 11:40:47.210   561  5909 D audio_hw_primary: start_output_stream: exit
08-24 11:40:47.210   561  5973 D audio_hw_primary: start_output_stream: enter: stream(0xeaa0f800)usecase(0: deep-buffer-playback) devices(0x2)
08-24 11:40:47.212   561  5973 D audio_hw_primary: select_devices for use case (deep-buffer-playback)
08-24 11:40:47.212   561  5973 D audio_hw_primary: select_devices: out_snd_device(2: speaker) in_snd_device(0: )
08-24 11:40:47.212   561  5973 I msm8916_platform: platform_check_and_set_codec_backend_cfg:becf: afe: bitwidth 16, samplerate 48000 channels 2, backend_idx 0 usecase = 0 device (speaker)
08-24 11:40:47.212   561  5973 D msm8916_platform: platform_split_snd_device: snd_device(2) num devices(1) new_snd_devices(0)
08-24 11:40:47.212   561  5973 I msm8916_platform: platform_check_and_set_codec_backend_cfg: becf: new_snd_devices[0] is speaker
08-24 11:40:47.212   561  5973 I msm8916_platform: platform_check_codec_backend_cfg:becf: afe: Codec selected backend: 0 current bit width: 16 sample rate: 48000 channels: 2 usecase 0 device (speaker)
08-24 11:40:47.212   561  5973 D msm8916_platform: platform_check_codec_backend_cfg:napb: (0) - (audio-ull-playback)id (12) sr 48000 bw (16) ch (2) device speaker
08-24 11:40:47.212   561  5973 D msm8916_platform: platform_check_codec_backend_cfg:becf: afe: playback on codec device not supporting native playback set default Sample Rate(48k)
08-24 11:40:47.212   561  5973 D msm8916_platform: platform_check_codec_backend_cfg:becf: afe: only 48KHZ sample rate is supported Configure afe to default Sample Rate(48k)
08-24 11:40:47.212   561  5973 I msm8916_platform: platform_check_codec_backend_cfg:becf: afe: Codec selected backend: 0 updated bit width: 16 sample rate: 48000 channels: 2
08-24 11:40:47.212   561  5973 D audio_hw_primary: check_usecases_codec_backend:becf: force routing 0
08-24 11:40:47.213   561  5973 D audio_hw_primary: check_usecases_codec_backend:becf: (62) check_usecases curr device: speaker, usecase device:speaker backends match 1
08-24 11:40:47.213   561  5973 E msm8916_platform: platform_check_backends_match: Invalid snd_device = 
08-24 11:40:47.213   561  5973 D audio_hw_primary: check_usecases_codec_backend:becf: (62) check_usecases curr device: speaker, usecase device: backends match 0
08-24 11:40:47.213   561  5973 D audio_hw_primary: check_usecases_codec_backend:becf: check_usecases num.of Usecases to switch 0
08-24 11:40:47.213   561  5973 E audio_hw_primary: enable_snd_device: hw.messagerecord.state 
08-24 11:40:47.213   561  5973 D hardware_info: hw_info_append_hw_type : device_name = speaker
08-24 11:40:47.213   561  5973 D audio_hw_utils: audio_extn_utils_send_app_type_cfg: usecase->out_snd_device speaker
08-24 11:40:47.213   561  5973 D msm8916_platform: platform_split_snd_device: snd_device(2) num devices(0) new_snd_devices(0)
08-24 11:40:47.214   561  5973 D audio_hw_utils: audio_extn_btsco_get_sample_rate:Not a BT SCO device, need not update sampling rate
08-24 11:40:47.215   561  5973 I audio_hw_utils: send_app_type_cfg_for_device PLAYBACK app_type 69936, acdb_dev_id 14, sample_rate 48000, snd_device_be_idx 43
08-24 11:40:47.215   583   632 E ANDR-PERF-MPCTL: Invalid profile no. 0, total profiles 0 only
08-24 11:40:47.216   561  5973 D msm8916_platform: platform_split_snd_device: snd_device(2) num devices(1) new_snd_devices(0)
08-24 11:40:47.216   561  5973 D ACDB-LOADER: ACDB -> send_audio_cal, acdb_id = 14, path = 0, app id = 0x11130, sample rate = 48000
08-24 11:40:47.216   561  5973 D ACDB-LOADER: ACDB -> send_asm_topology
08-24 11:40:47.216   561  5973 D ACDB-LOADER: ACDB -> ACDB_CMD_GET_AUDPROC_STREAM_TOPOLOGY_ID
08-24 11:40:47.216   561  5973 D ACDB-LOADER: ACDB -> send_adm_topology
08-24 11:40:47.216   561  5973 D ACDB-LOADER: ACDB -> ACDB_CMD_GET_AUDPROC_COMMON_TOPOLOGY_ID
08-24 11:40:47.217 28885  8832 D LogEx   : bdwan-postRealTimeLog() ok
08-24 11:40:47.218   561  5973 D ACDB-LOADER: ACDB -> send_audtable
08-24 11:40:47.218   561  5973 D ACDB-LOADER: ACDB -> ACDB_CMD_GET_AUDPROC_COMMON_TABLE_SIZE
08-24 11:40:47.218   561  5973 D ACDB-LOADER: ACDB -> ACDB_CMD_GET_AUDPROC_COMMON_TABLE
08-24 11:40:47.218   561  5973 D ACDB-LOADER: ACDB -> AUDIO_SET_AUDPROC_CAL
08-24 11:40:47.222   561  5973 D ACDB-LOADER: ACDB -> send_audvoltable
08-24 11:40:47.222   561  5973 D ACDB-LOADER: ACDB -> ACDB_CMD_GET_AUDPROC_VOL_STEP_TABLE_SIZE
08-24 11:40:47.222   561  5973 D ACDB-LOADER: ACDB -> ACDB_CMD_GET_AUDPROC_GAIN_DEP_STEP_TABLE, vol index 0
08-24 11:40:47.222   561  5973 D         : Failed to fetch the lookup information of the device 0000000E 
08-24 11:40:47.222   561  5973 E ACDB-LOADER: Error: ACDB AudProc vol returned = -19
08-24 11:40:47.222   561  5973 D ACDB-LOADER: ACDB -> AUDIO_SET_VOL_CAL cal type = 12
08-24 11:40:47.222   561  5973 D ACDB-LOADER: ACDB -> ACDB_CMD_GET_AUDPROC_STREAM_TABLE_SIZE
08-24 11:40:47.222   561  5973 D ACDB-LOADER: ACDB -> send_audstrmtable
08-24 11:40:47.222   561  5973 D ACDB-LOADER: ACDB -> ACDB_CMD_GET_AUDPROC_STREAM_TABLE_V2
08-24 11:40:47.222   561  5973 D ACDB-LOADER: ACDB -> audstrm_cal->cal_type.cal_data.cal_size = 456
08-24 11:40:47.222   561  5973 D ACDB-LOADER: ACDB -> send_afe_topology
08-24 11:40:47.222   561  5973 D ACDB-LOADER: ACDB -> ACDB_CMD_GET_AFE_TOPOLOGY_ID
08-24 11:40:47.222   561  5973 D ACDB-LOADER: ACDB -> GET_AFE_TOPOLOGY_ID for adcd_id 14, Topology Id 112fc
08-24 11:40:47.222   561  5973 D ACDB-LOADER: ACDB -> send_afe_cal
08-24 11:40:47.222   561  5973 D ACDB-LOADER: ACDB -> ACDB_CMD_GET_AFE_COMMON_TABLE_SIZE
08-24 11:40:47.222   561  5973 D         : Failed to fetch the lookup information of the device 0000000E 
08-24 11:40:47.222   561  5973 E ACDB-LOADER: Error: ACDB_CMD_GET_AFE_COMMON_TABLE_SIZE Returned = -19
08-24 11:40:47.222   561  5973 D ACDB-LOADER: ACDB -> ACDB_CMD_GET_AFE_COMMON_TABLE
08-24 11:40:47.222   561  5973 D         : Failed to fetch the lookup information of the device 0000000E 
08-24 11:40:47.222   561  5973 E ACDB-LOADER: Error: ACDB AFE returned = -19
08-24 11:40:47.222   561  5973 D ACDB-LOADER: ACDB -> AUDIO_SET_AFE_CAL
08-24 11:40:47.222   561  5973 D ACDB-LOADER: ACDB -> send_hw_delay : acdb_id = 14 path = 0
08-24 11:40:47.222   561  5973 D ACDB-LOADER: ACDB -> ACDB_AVSYNC_INFO: ACDB_CMD_GET_DEVICE_PROPERTY
08-24 11:40:47.222   561  5973 D audio_hw_primary: enable_audio_route: apply mixer and update path: deep-buffer-playback
08-24 11:40:47.222   561  5973 D audio_route: Apply path: deep-buffer-playback
08-24 11:40:47.224   561  5973 D audio_hw_primary: select_devices: done
08-24 11:40:47.224   561  5973 D audio_hw_primary: [FLYME_KARAOKE] start_output_stream: (0 |0), period_size = 1920, rate = 48000
08-24 11:40:47.227  1368  3433 D DeviceStateService: doCheckLockStateRpmb: the result is: 0
08-24 11:40:47.229   561  5973 D msm8916_platform: platform_set_channel_map mixer_ctl_name:Playback Channel Map0
08-24 11:40:47.230  1368  3433 D DeviceStateService: doCheckState handle=4
08-24 11:40:47.230   561  5973 D msm8916_platform: platform_set_channel_map: set mapping(1 2 0 0 0 0 0 0) for channel:2
08-24 11:40:47.231 15674 15731 D AudioTrack: start(): 0xe043f280, mState = 0, mClientPid 15674
08-24 11:40:47.233  1368  3433 D DeviceStateService: doCheckLockStateRpmb: the result is: 0
08-24 11:40:47.234  2184  2184 D KeyguardUpdateMonitor: faceRecognitionRun false,mKeyguardShowing true
08-24 11:40:47.234 15674 15731 D AudioTrack: start(): 0xe043f280, mState = 0, mClientPid 15674
08-24 11:40:47.236  2184  2184 D KeyguardUpdateMonitor: onKeyguardVisibilityChanged(true)
08-24 11:40:47.237  2184  2184 V KeyguardStatusView: refresh statusview showing:true
08-24 11:40:47.239 15674 15731 D AudioTrack: start(): 0xe043f280, mState = 0, mClientPid 15674
08-24 11:40:47.243 15674 15731 I chatty  : uid=10104(com.ibimuyu.lockscreen) AudioTrack identical 1 line
08-24 11:40:47.247 15674 15731 D AudioTrack: start(): 0xe043f280, mState = 0, mClientPid 15674
08-24 11:40:47.248  2184  2184 D KeyguardUpdateMonitor: updateFingerprintListeningState true,mFingerprintRunningState 0
08-24 11:40:47.251 15674 15731 D AudioTrack: start(): 0xe043f280, mState = 0, mClientPid 15674
08-24 11:40:47.255 15674 15731 D AudioTrack: start(): 0xe043f280, mState = 0, mClientPid 15674
08-24 11:40:47.256  2184  2184 D KeyguardUpdateMonitor: shouldListenForFaceRecognition :false
08-24 11:40:47.259 15674 15731 D AudioTrack: start(): 0xe043f280, mState = 0, mClientPid 15674
08-24 11:40:47.263 15674 15731 D AudioTrack: start(): 0xe043f280, mState = 0, mClientPid 15674
08-24 11:40:47.263  2184  2184 D KeyguardViewMediator: adjustStatusBarLocked: mShowing=true mOccluded=false isSecure=true --> flags=0x3200000
08-24 11:40:47.268 15674 15731 D AudioTrack: start(): 0xe043f280, mState = 0, mClientPid 15674
08-24 11:40:47.268 28885 15059 I TQad    : AdTracker: MSG_HTTP_GET et = 3 response [s:true,code:200,m:null] url = http://ads.vanmatt.com:9902/api/report.do?etype=3&data=lvovyHqTKpklHlApZwyYBvJKxTkI02oaK%2BpWEiI1JX%2FaU94dX1%2Bgq0g30Xa7N9O2bSMiioAmHlOU%2B5FII2lw9gRMYYO0%2FwozsXMJJylbQyWsFphRkNKtHvhIYDwEGKLt0NFnAib7zmHW948SnC6pE0wcT6CNI%2BjW0lXDOCt%2BRBxU7GGw8f4agrZAxSrfJ9LikNUEi1xmDNToVmRlTry8aGF%2BakjhSFjfB4dz4B8EL7Xqs%2BEwR6sqznuOP33hBlL8X3x59i%2BnjPkSXKQVkA21gR%2FVbWPCOGqEU5mQpPb7QumU523gI17%2FIwhZUROhBNjlv5tywqOJkmBoVHzSY%2BCm72Fu0zj5L%2FQLP040SAFTHTu2UIbwCZOm1pU1z4FbxQ4ryDNHSZfL2VXoLTKV9cHQ1cy8tQ9YyoJ656weSD5bIR7aI73c1%2BMY48HcOJJPZjLpgSkSbuuWiGIaE6pkwMlCUQv8LZX4OvO97zj1ZMXVbgwrQbyQ9HuZT9ynJ%2BqTJ2uI6K3HWAfpFSftRXE728PKni%2FBIR5oERlr%2BM%2BjRGD9XFIsRCP5J4Q6pUq5ivEbdYEsJEnmCqfAi35d4hSN17eJU6kg4MH2wmVwI2Cdi%2B%2BuFpafLjH1L943qwFbtKzUHAMrfST879KZOwzQPFn3JeHl2g%3D%3D&ach=_CLKTPEZK_
08-24 11:40:47.268 28885 15059 W TQad    : AdTracker: MSG_HTTP_GET resp 
08-24 11:40:47.271 15674 15731 D AudioTrack: start(): 0xe043f280, mState = 0, mClientPid 15674
08-24 11:40:47.273  1368  3433 W ActivityManager: Sending non-protected broadcast flyme.intent.action.TOP_WINDOW_FULLSCREEN_CHANGED from system 2184:com.android.systemui/u0a44 pkg com.android.systemui
08-24 11:40:47.274  2184  2184 D PhoneStatusBar: updateTopWindowIsFullscreen=false
08-24 11:40:47.274  2184  2184 D PhoneStatusBar: isTopWindowIsFullscreen -------------false
08-24 11:40:47.275 15674 15731 D AudioTrack: start(): 0xe043f280, mState = 0, mClientPid 15674
08-24 11:40:47.276  2184  2184 D PhoneStatusBar: updateNotificationShade:分组beforeDeal,id=238677962,pkg=com.meizu.cloud,N=3,intercept=false,visibility=0
08-24 11:40:47.276  2184  2184 D PhoneStatusBar: updateNotificationShade:分组toShow=238677962
08-24 11:40:47.276  2184  2184 D PhoneStatusBar: updateNotificationShade:分组beforeDeal,id=26,pkg=android,N=3,intercept=false,visibility=0
08-24 11:40:47.277  2184  2184 D PhoneStatusBar: updateNotificationShade:分组toShow=26
08-24 11:40:47.277  2184  2184 D PhoneStatusBar: updateNotificationShade:分组beforeDeal,id=32,pkg=android,N=3,intercept=false,visibility=0
08-24 11:40:47.277  2184  2184 D PhoneStatusBar: updateNotificationShade:分组toShow=32
08-24 11:40:47.277  2184  2184 D PhoneStatusBar: updateNotificationShade:分组toShowAdd=238677962
08-24 11:40:47.277  2184  2184 D PhoneStatusBar: updateNotificationShade: v.parent = com.android.systemui.statusbar.stack.NotificationStackScrollLayout{1396eff VFED..... ......ID 0,0-1080,2064 #7f0e046c app:id/notification_stack_scroller}
08-24 11:40:47.277  2184  2184 D PhoneStatusBar: updateNotificationShade:分组toShowAdd=26
08-24 11:40:47.278  2184  2184 D PhoneStatusBar: updateNotificationShade: v.parent = com.android.systemui.statusbar.stack.NotificationStackScrollLayout{1396eff VFED..... ......ID 0,0-1080,2064 #7f0e046c app:id/notification_stack_scroller}
08-24 11:40:47.278  2184  2184 D PhoneStatusBar: updateNotificationShade:分组toShowAdd=32
08-24 11:40:47.278  2184  2184 D PhoneStatusBar: updateNotificationShade: v.parent = com.android.systemui.statusbar.stack.NotificationStackScrollLayout{1396eff VFED..... ......ID 0,0-1080,2064 #7f0e046c app:id/notification_stack_scroller}
08-24 11:40:47.279 15674 15731 D AudioTrack: start(): 0xe043f280, mState = 0, mClientPid 15674
08-24 11:40:47.279  2184  2184 D ChargeViewUtils: onNotificationCountChaned hasActiveNotifications = false, mHasActiveNotifications = false
08-24 11:40:47.279  2184  2184 V PhoneStatusBar: updateNotificationCountChange,mLastHasNotification:false , hasActiveNotifications:false
08-24 11:40:47.280  2184  2184 D PhoneStatusBar: updateTopWindowIsFullscreen=false
08-24 11:40:47.280  2184  2184 I Choreographer: Skipped 13 frames!  The application may be doing too much work on its main thread.
08-24 11:40:47.283 15674 15731 D AudioTrack: start(): 0xe043f280, mState = 0, mClientPid 15674
08-24 11:40:47.287 15674 15731 D AudioTrack: start(): 0xe043f280, mState = 0, mClientPid 15674
08-24 11:40:47.288  2184  2184 D QSPanel : calculateQSValue  mEnabledTilesNum:15 mAllTilesNum:22 mEnabledTilesRows:3, mColumns = 5, measureHeight = 1539, mQsMaxHeight = 1941, mNavigationBarBottomHeight = 0,maxRow 5
08-24 11:40:47.289   561  5973 D audio_hw_primary: start_output_stream: exit
08-24 11:40:47.289   946  1347 D AudioFlinger: write() process 177 ms, mBufferMs 40
08-24 11:40:47.291 15674 15731 D AudioTrack: start(): 0xe043f280, mState = 0, mClientPid 15674
08-24 11:40:47.293  1368  1408 D STATUSBARCOLOR: mLastLightStatusBar=false,inLightMode=false,window=Window{1fff728 u0 StatusBar}
08-24 11:40:47.295 15674 15731 D AudioTrack: start(): 0xe043f280, mState = 0, mClientPid 15674
08-24 11:40:47.312 15674 15731 I chatty  : uid=10104(com.ibimuyu.lockscreen) AudioTrack identical 4 lines
08-24 11:40:47.315 15674 15731 D AudioTrack: start(): 0xe043f280, mState = 0, mClientPid 15674
08-24 11:40:47.316  2184  2184 D QSPanel : calculateQSValue  mEnabledTilesNum:15 mAllTilesNum:22 mEnabledTilesRows:3, mColumns = 5, measureHeight = 1539, mQsMaxHeight = 1941, mNavigationBarBottomHeight = 96,maxRow 5
08-24 11:40:47.319 15674 15731 D AudioTrack: start(): 0xe043f280, mState = 0, mClientPid 15674
08-24 11:40:47.320   595  3243 D BufferQueueProducer: [StatusBar#0](this:0x796b5c1000,id:4,api:1,p:2184,c:595) connect(P): api=1 producer=(2184:com.android.systemui) producerControlledByApp=true
08-24 11:40:47.322 15674 15731 D AudioTrack: start(): 0xe043f280, mState = 0, mClientPid 15674
08-24 11:40:47.332 15674 15731 I chatty  : uid=10104(com.ibimuyu.lockscreen) AudioTrack identical 2 lines
08-24 11:40:47.335 15674 15731 D AudioTrack: start(): 0xe043f280, mState = 0, mClientPid 15674
08-24 11:40:47.337  2184  2203 I zygote  : NativeAlloc concurrent copying GC freed 87119(3MB) AllocSpace objects, 12(3MB) LOS objects, 54% free, 10MB/22MB, paused 340us total 121.436ms
08-24 11:40:47.339 15674 15731 D AudioTrack: start(): 0xe043f280, mState = 0, mClientPid 15674
08-24 11:40:47.344 15674 15731 D AudioTrack: start(): 0xe043f280, mState = 0, mClientPid 15674
08-24 11:40:47.345  4059  4138 D AppSuggestionManager: toAppBeanList end size = 23, result.size = 8, time = 277
08-24 11:40:47.346  4059  4138 D AppSuggestionManager: toAppBeanList begin
08-24 11:40:47.347 15674 15731 D AudioTrack: start(): 0xe043f280, mState = 0, mClientPid 15674
08-24 11:40:47.352 15674 15731 D AudioTrack: start(): 0xe043f280, mState = 0, mClientPid 15674
08-24 11:40:47.354  6820  6854 D AppProcess: permission:com.meizu.customizecenter uid:10011 true
08-24 11:40:47.355 15674 15731 D AudioTrack: start(): 0xe043f280, mState = 0, mClientPid 15674
08-24 11:40:47.355  1368  1368 D PowerManagerService: setScreenWakeLockDisabledForPackageNameInternal: packageName = com.meizu.customizecenter uid = 10011 disable = false
08-24 11:40:47.359 15674 15731 D AudioTrack: start(): 0xe043f280, mState = 0, mClientPid 15674
08-24 11:40:47.360  4059  4138 D AppSuggestionManager: toAppBeanList end size = 1, result.size = 1, time = 14
08-24 11:40:47.360  2184  2184 D StatusBarWindowManager: isLauncherForeground false,hasLockWallpaper false
08-24 11:40:47.360  2184  2184 D StatusBarWindowManager: forceFaceRecognitionBrightness false,mScreenBrightnessFaceRecognition 0.0
08-24 11:40:47.363 15674 15731 D AudioTrack: start(): 0xe043f280, mState = 0, mClientPid 15674
08-24 11:40:47.367 28885  8832 D LogEx   : bdwan-postRealTimeLog() ok
08-24 11:40:47.367 15674 15731 D AudioTrack: start(): 0xe043f280, mState = 0, mClientPid 15674
08-24 11:40:47.367  4059  4115 D CardProviderManager: updateCard : 104881132, cardProvider : com.meizu.assistant.ui.card.AppSuggestionCardProvider@647b644,partial:false
08-24 11:40:47.371 15674 15731 D AudioTrack: start(): 0xe043f280, mState = 0, mClientPid 15674
08-24 11:40:47.371  3167  3184 D AppLocker: isSameApp: 1000/10020
08-24 11:40:47.376 15674 15731 D AudioTrack: start(): 0xe043f280, mState = 0, mClientPid 15674
08-24 11:40:47.378 15674 15731 I chatty  : uid=10104(com.ibimuyu.lockscreen) AudioTrack identical 1 line
08-24 11:40:47.383 15674 15731 D AudioTrack: start(): 0xe043f280, mState = 0, mClientPid 15674
08-24 11:40:47.384  3167  3184 D AppLocker: isSameApp: 1000/10020
08-24 11:40:47.386 15674 15731 D AudioTrack: start(): 0xe043f280, mState = 0, mClientPid 15674
08-24 11:40:47.387   946  1347 D AudioFlinger: mixer(0xf3603640) throttle end: throttle time(43)
08-24 11:40:47.391 15674 15731 D AudioTrack: start(): 0xe043f280, mState = 0, mClientPid 15674
08-24 11:40:47.397  4059 13982 W ContextImpl: Calling a method in the system process without a qualified user: android.app.ContextImpl.startService:1555 android.content.ContextWrapper.startService:650 com.meizu.assistant.AssistantApp.startService:284 com.meizu.assistant.ui.service.WidgetProviderService.a:77 com.meizu.assistant.ui.widget.AppSuggestionSmallWidgetProvider$1.a:26 
08-24 11:40:47.395 15674 15731 D AudioTrack: start(): 0xe043f280, mState = 0, mClientPid 15674
08-24 11:40:47.398  1368  3433 D Interception: isProtectedCallee the calleePkg: com.meizu.assistant is system application.
08-24 11:40:47.398  1368  3433 W Interception: reason:2)callee system_app, default as allow, interception = false  details<<runType:retrieve_service isFgAction:false callerPkg:com.meizu.assistant calleePkg:com.meizu.assistant processName:com.meizu.assistant Intent { act=com.meizu.assistant.action.UPDATE_SMALL_APP_SUGGESTION_WIDGET pkg=com.meizu.assistant cmp=com.meizu.assistant/.ui.service.WidgetProviderService (has extras) }>>
08-24 11:40:47.398 15674 15731 D AudioTrack: start(): 0xe043f280, mState = 0, mClientPid 15674
08-24 11:40:47.399  1368  3433 V ActivityManager: Freeze: try to start service caller:android.app.IApplicationThread$Stub$Proxy@b3a00af, callingPid:4059, callingUid:1000
08-24 11:40:47.403 15674 15731 I chatty  : uid=10104(com.ibimuyu.lockscreen) AudioTrack identical 1 line
08-24 11:40:47.406 15674 15731 D AudioTrack: start(): 0xe043f280, mState = 0, mClientPid 15674
08-24 11:40:47.407  3167  3167 D AnimateHeight: setHeight:0
08-24 11:40:47.408  4059  4138 D AppSuggestionManager: toAppBeanList begin
08-24 11:40:47.411 15674 15731 D AudioTrack: start(): 0xe043f280, mState = 0, mClientPid 15674
08-24 11:40:47.435 15674 15731 I chatty  : uid=10104(com.ibimuyu.lockscreen) AudioTrack identical 6 lines
08-24 11:40:47.439 15674 15731 D AudioTrack: start(): 0xe043f280, mState = 0, mClientPid 15674
08-24 11:40:47.442  2184  2184 D StatusBar/NavBarView: setHomeChipEnable=false
08-24 11:40:47.442  2184  2184 D KeyguardMusicRemoteController: onClientChange clearing = false
08-24 11:40:47.442  2184  2184 D KeyguardMusicRemoteController: isMeizuMusic remoteClientPackage = com.meizu.media.music
08-24 11:40:47.442  2184  2184 D KeyguardMusicRemoteController: onClientPlaybackStateUpdate 0, meizu music = true
08-24 11:40:47.442  2184  2184 D KeyguardMusicRemoteController: isMeizuMusic remoteClientPackage = com.meizu.media.music
08-24 11:40:47.442  2184  2184 D KeyguardMusicView: setLyricEnabled enable = true
08-24 11:40:47.442  2184  2184 D KeyguardMusicController: isMusicPlaying 0
08-24 11:40:47.443 15674 15731 D AudioTrack: start(): 0xe043f280, mState = 0, mClientPid 15674
08-24 11:40:47.443  2184  2184 D KeyguardMusicRemoteController: onClientMetadataUpdate metadataEditor = android.media.RemoteController$MetadataEditor@d02bf91
08-24 11:40:47.443  1368 12843 W System.err: java.io.FileNotFoundException: /sys/cs_press/cs_press/sleep (No such file or directory)
08-24 11:40:47.443  2184  2184 D KeyguardMusicRemoteController: isMeizuMusic remoteClientPackage = com.meizu.media.music
08-24 11:40:47.443  1368 12843 W System.err: 	at java.io.FileOutputStream.open0(Native Method)
08-24 11:40:47.443  1368 12843 W System.err: 	at java.io.FileOutputStream.open(FileOutputStream.java:292)
08-24 11:40:47.443  1368 12843 W System.err: 	at java.io.FileOutputStream.<init>(FileOutputStream.java:223)
08-24 11:40:47.443  1368 12843 W System.err: 	at java.io.FileOutputStream.<init>(FileOutputStream.java:110)
08-24 11:40:47.443  1368 12843 W System.err: 	at java.io.FileWriter.<init>(FileWriter.java:63)
08-24 11:40:47.443  1368 12843 W System.err: 	at meizu.statusbar.FlymeStatusBarManagerService.write(FlymeStatusBarManagerService.java:198)
08-24 11:40:47.443  2184  2184 D KeyguardMusicRemoteController: resetCurrentPosition mCurrentPosition = -1
08-24 11:40:47.443  1368 12843 W System.err: 	at meizu.statusbar.FlymeStatusBarManagerService.setHomeChipEnable(FlymeStatusBarManagerService.java:186)
08-24 11:40:47.443  1368 12843 W System.err: 	at meizu.statusbar.IFlymeStatusBarService$Stub.onTransact(IFlymeStatusBarService.java:158)
08-24 11:40:47.443  1368 12843 W System.err: 	at android.os.Binder.execTransact(Binder.java:702)
08-24 11:40:47.443  2184  2184 D KeyguardMusicRemoteController: bitmap with = 540, height = 540,bitmap android.graphics.Bitmap@bafeef6
08-24 11:40:47.444  2184  2184 D KeyguardMusicRemoteController: isMeizuMusic remoteClientPackage = com.meizu.media.music
08-24 11:40:47.444  2184  2184 D KeyguardMusicRemoteController: resetCurrentPosition mCurrentPosition = -1
08-24 11:40:47.444  2184  2184 D KeyguardMusicRemoteController: isMeizuMusic remoteClientPackage = com.meizu.media.music
08-24 11:40:47.447 15674 15731 D AudioTrack: start(): 0xe043f280, mState = 0, mClientPid 15674
08-24 11:40:47.450  2184  2184 D KeyguardMusicController: show music is true
08-24 11:40:47.450  2184  2184 D KeyguardMusicView: onClientMetadataUpdate
08-24 11:40:47.451  2184  2184 D KeyguardMusicRemoteController: isMeizuMusic remoteClientPackage = com.meizu.media.music
08-24 11:40:47.451 15674 15731 D AudioTrack: start(): 0xe043f280, mState = 0, mClientPid 15674
08-24 11:40:47.454  2184  2184 D KeyguardMusicController: show music is true
08-24 11:40:47.454  2184  2184 D KeyguardMusicController: isMusicPlaying 0
08-24 11:40:47.454  2184  2184 D KeyguardMusicController: isMusicPlaying 0
08-24 11:40:47.454  2184  2184 D KeyguardMusicController: bindMusicSupportService mBindSupportService = false,music playing false
08-24 11:40:47.454  2184  2184 D KeyguardMusicRemoteController: isMeizuMusic remoteClientPackage = com.meizu.media.music
08-24 11:40:47.455 15674 15731 D AudioTrack: start(): 0xe043f280, mState = 0, mClientPid 15674
08-24 11:40:47.456  2184  2184 D KeyguardMusicController: show music is true
08-24 11:40:47.458  2184  2184 E BlurGlass: This API is not supported anymore. Use WindowManager.LayoutParams.FLAG_BLUR_BEHIND instead.
08-24 11:40:47.460 15674 15731 D AudioTrack: start(): 0xe043f280, mState = 0, mClientPid 15674
08-24 11:40:47.462  1368 21356 I BatteryStatsImpl: stop #12: mUpdateTime=234419682000 mTotalTime=123823000 mCount=897 mAcquireTime=-1
08-24 11:40:47.462  1368 21356 I BatteryStatsImpl: start #12: mUpdateTime=234419682000 mTotalTime=231145793000 mCount=951 mAcquireTime=-1
08-24 11:40:47.463 15674 15731 D AudioTrack: start(): 0xe043f280, mState = 0, mClientPid 15674
08-24 11:40:47.463  1368  2058 D NetworkManagement: oldRule = 0, newRule=0 for uid=10012 on chain 2
08-24 11:40:47.463  1368  2058 D NetworkManagement: !!!!! Skipping change
08-24 11:40:47.467 15674 15731 D AudioTrack: start(): 0xe043f280, mState = 0, mClientPid 15674
08-24 11:40:47.469  2184  2184 D KeyguardUpdateMonitor: handleKeyguardReset
08-24 11:40:47.471  2184  2184 D KeyguardUpdateMonitor: updateFingerprintListeningState true,mFingerprintRunningState 0
08-24 11:40:47.471 15674 15731 D AudioTrack: start(): 0xe043f280, mState = 0, mClientPid 15674
